09:54:51 **** Build of configuration Debug for project Driver ****
make -j12 all 
arm-none-eabi-gcc "../stm32_f103c6_driver/GPIO_Driver_stm32f103c6.c" -mcpu=cortex-m3 -std=gnu11 -g3 -DSTM32 -DSTM32F1 -DSTM32F103C6Tx -DDEBUG -c -I../Inc -O0 -ffunction-sections -fdata-sections -Wall -fstack-usage -MMD -MP -MF"stm32_f103c6_driver/GPIO_Driver_stm32f103c6.d" -MT"stm32_f103c6_driver/GPIO_Driver_stm32f103c6.o" --specs=nano.specs -mfloat-abi=soft -mthumb -o "stm32_f103c6_driver/GPIO_Driver_stm32f103c6.o"
arm-none-eabi-gcc -mcpu=cortex-m3 -g3 -c -x assembler-with-cpp -MMD -MP -MF"Startup/startup_stm32f103c6tx.d" -MT"Startup/startup_stm32f103c6tx.o" --specs=nano.specs -mfloat-abi=soft -mthumb -o "Startup/startup_stm32f103c6tx.o" "../Startup/startup_stm32f103c6tx.s"
arm-none-eabi-gcc "../Src/main.c" -mcpu=cortex-m3 -std=gnu11 -g3 -DSTM32 -DSTM32F1 -DSTM32F103C6Tx -DDEBUG -c -I../Inc -O0 -ffunction-sections -fdata-sections -Wall -fstack-usage -MMD -MP -MF"Src/main.d" -MT"Src/main.o" --specs=nano.specs -mfloat-abi=soft -mthumb -o "Src/main.o"
arm-none-eabi-gcc "../Src/syscalls.c" -mcpu=cortex-m3 -std=gnu11 -g3 -DSTM32 -DSTM32F1 -DSTM32F103C6Tx -DDEBUG -c -I../Inc -O0 -ffunction-sections -fdata-sections -Wall -fstack-usage -MMD -MP -MF"Src/syscalls.d" -MT"Src/syscalls.o" --specs=nano.specs -mfloat-abi=soft -mthumb -o "Src/syscalls.o"
arm-none-eabi-gcc "../Src/sysmem.c" -mcpu=cortex-m3 -std=gnu11 -g3 -DSTM32 -DSTM32F1 -DSTM32F103C6Tx -DDEBUG -c -I../Inc -O0 -ffunction-sections -fdata-sections -Wall -fstack-usage -MMD -MP -MF"Src/sysmem.d" -MT"Src/sysmem.o" --specs=nano.specs -mfloat-abi=soft -mthumb -o "Src/sysmem.o"
arm-none-eabi-gcc -o "Driver.elf" @"objects.list"   -mcpu=cortex-m3 -T"D:\Embedded System dip_KS\Unit_7_Projects\Drivers\Driver\STM32F103C6TX_FLASH.ld" --specs=nosys.specs -Wl,-Map="Driver.map" -Wl,--gc-sections -static --specs=nano.specs -mfloat-abi=soft -mthumb -Wl,--start-group -lc -lm -Wl,--end-group
Finished building target: Driver.elf
 
arm-none-eabi-size   Driver.elf 
arm-none-eabi-objdump -h -S  Driver.elf  > "Driver.list"
arm-none-eabi-objcopy  -O binary  Driver.elf  "Driver.bin"
   text	   data	    bss	    dec	    hex	filename
    556	      8	   1568	   2132	    854	Driver.elf
Finished building: default.size.stdout
 
Finished building: Driver.list
Finished building: Driver.bin
 
 
10:19:57 **** Incremental Build of configuration Debug for project Driver ****
make -j12 all 
arm-none-eabi-gcc -gdwarf-2 "../stm32_f103c6_driver/GPIO_Driver_stm32f103c6.c" -mcpu=cortex-m3 -std=gnu11 -g3 -DSTM32 -DSTM32F1 -DSTM32F103C6Tx -DDEBUG -c -I../Inc -I"D:/Embedded System dip_KS/Unit_7_Projects/Drivers/Driver/stm32_f103c6_driver/inc" -O0 -ffunction-sections -fdata-sections -Wall -fstack-usage -MMD -MP -MF"stm32_f103c6_driver/GPIO_Driver_stm32f103c6.d" -MT"stm32_f103c6_driver/GPIO_Driver_stm32f103c6.o" --specs=nano.specs -mfloat-abi=soft -mthumb -o "stm32_f103c6_driver/GPIO_Driver_stm32f103c6.o"
arm-none-eabi-gcc -gdwarf-2 -mcpu=cortex-m3 -g3 -c -x assembler-with-cpp -MMD -MP -MF"Startup/startup_stm32f103c6tx.d" -MT"Startup/startup_stm32f103c6tx.o" --specs=nano.specs -mfloat-abi=soft -mthumb -o "Startup/startup_stm32f103c6tx.o" "../Startup/startup_stm32f103c6tx.s"
arm-none-eabi-gcc -gdwarf-2 "../Src/main.c" -mcpu=cortex-m3 -std=gnu11 -g3 -DSTM32 -DSTM32F1 -DSTM32F103C6Tx -DDEBUG -c -I../Inc -I"D:/Embedded System dip_KS/Unit_7_Projects/Drivers/Driver/stm32_f103c6_driver/inc" -O0 -ffunction-sections -fdata-sections -Wall -fstack-usage -MMD -MP -MF"Src/main.d" -MT"Src/main.o" --specs=nano.specs -mfloat-abi=soft -mthumb -o "Src/main.o"
arm-none-eabi-gcc -gdwarf-2 "../Src/syscalls.c" -mcpu=cortex-m3 -std=gnu11 -g3 -DSTM32 -DSTM32F1 -DSTM32F103C6Tx -DDEBUG -c -I../Inc -I"D:/Embedded System dip_KS/Unit_7_Projects/Drivers/Driver/stm32_f103c6_driver/inc" -O0 -ffunction-sections -fdata-sections -Wall -fstack-usage -MMD -MP -MF"Src/syscalls.d" -MT"Src/syscalls.o" --specs=nano.specs -mfloat-abi=soft -mthumb -o "Src/syscalls.o"
arm-none-eabi-gcc -gdwarf-2 "../Src/sysmem.c" -mcpu=cortex-m3 -std=gnu11 -g3 -DSTM32 -DSTM32F1 -DSTM32F103C6Tx -DDEBUG -c -I../Inc -I"D:/Embedded System dip_KS/Unit_7_Projects/Drivers/Driver/stm32_f103c6_driver/inc" -O0 -ffunction-sections -fdata-sections -Wall -fstack-usage -MMD -MP -MF"Src/sysmem.d" -MT"Src/sysmem.o" --specs=nano.specs -mfloat-abi=soft -mthumb -o "Src/sysmem.o"
arm-none-eabi-gcc -gdwarf-2 -o "Driver.elf" @"objects.list"   -mcpu=cortex-m3 -T"D:\Embedded System dip_KS\Unit_7_Projects\Drivers\Driver\STM32F103C6TX_FLASH.ld" --specs=nosys.specs -Wl,-Map="Driver.map" -Wl,--gc-sections -static --specs=nano.specs -mfloat-abi=soft -mthumb -Wl,--start-group -lc -lm -Wl,--end-group
Finished building target: Driver.elf
 
arm-none-eabi-objdump -h -S  Driver.elf  > "Driver.list"
arm-none-eabi-objcopy  -O binary  Driver.elf  "Driver.bin"
arm-none-eabi-size   Driver.elf 
   text	   data	    bss	    dec	    hex	filename
    556	      8	   1568	   2132	    854	Driver.elf
Finished building: default.size.stdout
 
Finished building: Driver.bin
Finished building: Driver.list
 
 
10:40:32 **** Incremental Build of configuration Debug for project Driver ****
make -j12 all 
arm-none-eabi-size   Driver.elf 
   text	   data	    bss	    dec	    hex	filename
    556	      8	   1568	   2132	    854	Driver.elf
Finished building: default.size.stdout
 
11:22:06 **** Incremental Build of configuration Debug for project Driver ****
make -j12 all 
arm-none-eabi-size   Driver.elf 
   text	   data	    bss	    dec	    hex	filename
    556	      8	   1568	   2132	    854	Driver.elf
Finished building: default.size.stdout
 
11:22:23 **** Incremental Build of configuration Debug for project Driver ****
make -j12 all 
arm-none-eabi-size   Driver.elf 
   text	   data	    bss	    dec	    hex	filename
    556	      8	   1568	   2132	    854	Driver.elf
Finished building: default.size.stdout
 
11:28:45 **** Incremental Build of configuration Debug for project Driver ****
make -j12 all 
arm-none-eabi-size   Driver.elf 
   text	   data	    bss	    dec	    hex	filename
    556	      8	   1568	   2132	    854	Driver.elf
Finished building: default.size.stdout
 
12:49:59 **** Incremental Build of configuration Debug for project Driver ****
make -j12 all 
arm-none-eabi-size   Driver.elf 
   text	   data	    bss	    dec	    hex	filename
    556	      8	   1568	   2132	    854	Driver.elf
Finished building: default.size.stdout
 
12:50:03 **** Incremental Build of configuration Debug for project Driver ****
make -j12 all 
arm-none-eabi-size   Driver.elf 
   text	   data	    bss	    dec	    hex	filename
    556	      8	   1568	   2132	    854	Driver.elf
Finished building: default.size.stdout
 
13:26:15 **** Incremental Build of configuration Debug for project Driver ****
make -j12 all 
arm-none-eabi-size   Driver.elf 
   text	   data	    bss	    dec	    hex	filename
    556	      8	   1568	   2132	    854	Driver.elf
Finished building: default.size.stdout
 
14:25:37 **** Incremental Build of configuration Debug for project Driver ****
make -j12 all 
arm-none-eabi-size   Driver.elf 
   text	   data	    bss	    dec	    hex	filename
    556	      8	   1568	   2132	    854	Driver.elf
Finished building: default.size.stdout
 
14:27:11 **** Incremental Build of configuration Debug for project Driver ****
make -j12 all 
arm-none-eabi-size   Driver.elf 
   text	   data	    bss	    dec	    hex	filename
    556	      8	   1568	   2132	    854	Driver.elf
Finished building: default.size.stdout
 
14:35:10 **** Incremental Build of configuration Debug for project Driver ****
make -j12 all 
arm-none-eabi-gcc -gdwarf-2 "../Src/main.c" -mcpu=cortex-m3 -std=gnu11 -g3 -DSTM32 -DSTM32F1 -DSTM32F103C6Tx -DDEBUG -c -I../Inc -I"D:/Embedded System dip_KS/Unit_7_Projects/Drivers/Driver/stm32_f103c6_driver/inc" -O0 -ffunction-sections -fdata-sections -Wall -fstack-usage -MMD -MP -MF"Src/main.d" -MT"Src/main.o" --specs=nano.specs -mfloat-abi=soft -mthumb -o "Src/main.o"
arm-none-eabi-gcc -gdwarf-2 -o "Driver.elf" @"objects.list"   -mcpu=cortex-m3 -T"D:\Embedded System dip_KS\Unit_7_Projects\Drivers\Driver\STM32F103C6TX_FLASH.ld" --specs=nosys.specs -Wl,-Map="Driver.map" -Wl,--gc-sections -static --specs=nano.specs -mfloat-abi=soft -mthumb -Wl,--start-group -lc -lm -Wl,--end-group
Finished building target: Driver.elf
 
arm-none-eabi-objdump -h -S  Driver.elf  > "Driver.list"
arm-none-eabi-objcopy  -O binary  Driver.elf  "Driver.bin"
arm-none-eabi-size   Driver.elf 
   text	   data	    bss	    dec	    hex	filename
    556	      8	   1568	   2132	    854	Driver.elf
Finished building: default.size.stdout
 
Finished building: Driver.bin
Finished building: Driver.list
 
 
14:40:09 **** Incremental Build of configuration Debug for project Driver ****
make -j12 all 
arm-none-eabi-gcc -gdwarf-2 "../stm32_f103c6_driver/GPIO_Driver_stm32f103c6.c" -mcpu=cortex-m3 -std=gnu11 -g3 -DSTM32 -DSTM32F1 -DSTM32F103C6Tx -DDEBUG -c -I../Inc -I"D:/Embedded System dip_KS/Unit_7_Projects/Drivers/Driver/stm32_f103c6_driver/inc" -O0 -ffunction-sections -fdata-sections -Wall -fstack-usage -MMD -MP -MF"stm32_f103c6_driver/GPIO_Driver_stm32f103c6.d" -MT"stm32_f103c6_driver/GPIO_Driver_stm32f103c6.o" --specs=nano.specs -mfloat-abi=soft -mthumb -o "stm32_f103c6_driver/GPIO_Driver_stm32f103c6.o"
arm-none-eabi-gcc -gdwarf-2 "../Src/main.c" -mcpu=cortex-m3 -std=gnu11 -g3 -DSTM32 -DSTM32F1 -DSTM32F103C6Tx -DDEBUG -c -I../Inc -I"D:/Embedded System dip_KS/Unit_7_Projects/Drivers/Driver/stm32_f103c6_driver/inc" -O0 -ffunction-sections -fdata-sections -Wall -fstack-usage -MMD -MP -MF"Src/main.d" -MT"Src/main.o" --specs=nano.specs -mfloat-abi=soft -mthumb -o "Src/main.o"
arm-none-eabi-gcc -gdwarf-2 -o "Driver.elf" @"objects.list"   -mcpu=cortex-m3 -T"D:\Embedded System dip_KS\Unit_7_Projects\Drivers\Driver\STM32F103C6TX_FLASH.ld" --specs=nosys.specs -Wl,-Map="Driver.map" -Wl,--gc-sections -static --specs=nano.specs -mfloat-abi=soft -mthumb -Wl,--start-group -lc -lm -Wl,--end-group
Finished building target: Driver.elf
 
arm-none-eabi-objdump -h -S  Driver.elf  > "Driver.list"
arm-none-eabi-objcopy  -O binary  Driver.elf  "Driver.bin"
arm-none-eabi-size   Driver.elf 
   text	   data	    bss	    dec	    hex	filename
    556	      8	   1568	   2132	    854	Driver.elf
Finished building: default.size.stdout
 
Finished building: Driver.bin
Finished building: Driver.list
 
 
15:01:46 **** Incremental Build of configuration Debug for project Driver ****
make -j12 all 
arm-none-eabi-gcc -gdwarf-2 "../stm32_f103c6_driver/GPIO_Driver_stm32f103c6.c" -mcpu=cortex-m3 -std=gnu11 -g3 -DSTM32 -DSTM32F1 -DSTM32F103C6Tx -DDEBUG -c -I../Inc -I"D:/Embedded System dip_KS/Unit_7_Projects/Drivers/Driver/stm32_f103c6_driver/inc" -O0 -ffunction-sections -fdata-sections -Wall -fstack-usage -MMD -MP -MF"stm32_f103c6_driver/GPIO_Driver_stm32f103c6.d" -MT"stm32_f103c6_driver/GPIO_Driver_stm32f103c6.o" --specs=nano.specs -mfloat-abi=soft -mthumb -o "stm32_f103c6_driver/GPIO_Driver_stm32f103c6.o"
arm-none-eabi-gcc -gdwarf-2 "../Src/main.c" -mcpu=cortex-m3 -std=gnu11 -g3 -DSTM32 -DSTM32F1 -DSTM32F103C6Tx -DDEBUG -c -I../Inc -I"D:/Embedded System dip_KS/Unit_7_Projects/Drivers/Driver/stm32_f103c6_driver/inc" -O0 -ffunction-sections -fdata-sections -Wall -fstack-usage -MMD -MP -MF"Src/main.d" -MT"Src/main.o" --specs=nano.specs -mfloat-abi=soft -mthumb -o "Src/main.o"
arm-none-eabi-gcc -gdwarf-2 -o "Driver.elf" @"objects.list"   -mcpu=cortex-m3 -T"D:\Embedded System dip_KS\Unit_7_Projects\Drivers\Driver\STM32F103C6TX_FLASH.ld" --specs=nosys.specs -Wl,-Map="Driver.map" -Wl,--gc-sections -static --specs=nano.specs -mfloat-abi=soft -mthumb -Wl,--start-group -lc -lm -Wl,--end-group
Finished building target: Driver.elf
 
arm-none-eabi-objdump -h -S  Driver.elf  > "Driver.list"
arm-none-eabi-objcopy  -O binary  Driver.elf  "Driver.bin"
arm-none-eabi-size   Driver.elf 
   text	   data	    bss	    dec	    hex	filename
    556	      8	   1568	   2132	    854	Driver.elf
Finished building: default.size.stdout
 
Finished building: Driver.bin
Finished building: Driver.list
 
 
15:04:13 **** Incremental Build of configuration Debug for project Driver ****
make -j12 all 
arm-none-eabi-gcc -gdwarf-2 "../stm32_f103c6_driver/GPIO_Driver_stm32f103c6.c" -mcpu=cortex-m3 -std=gnu11 -g3 -DSTM32 -DSTM32F1 -DSTM32F103C6Tx -DDEBUG -c -I../Inc -I"D:/Embedded System dip_KS/Unit_7_Projects/Drivers/Driver/stm32_f103c6_driver/inc" -O0 -ffunction-sections -fdata-sections -Wall -fstack-usage -MMD -MP -MF"stm32_f103c6_driver/GPIO_Driver_stm32f103c6.d" -MT"stm32_f103c6_driver/GPIO_Driver_stm32f103c6.o" --specs=nano.specs -mfloat-abi=soft -mthumb -o "stm32_f103c6_driver/GPIO_Driver_stm32f103c6.o"
arm-none-eabi-gcc -gdwarf-2 -o "Driver.elf" @"objects.list"   -mcpu=cortex-m3 -T"D:\Embedded System dip_KS\Unit_7_Projects\Drivers\Driver\STM32F103C6TX_FLASH.ld" --specs=nosys.specs -Wl,-Map="Driver.map" -Wl,--gc-sections -static --specs=nano.specs -mfloat-abi=soft -mthumb -Wl,--start-group -lc -lm -Wl,--end-group
Finished building target: Driver.elf
 
arm-none-eabi-objdump -h -S  Driver.elf  > "Driver.list"
arm-none-eabi-objcopy  -O binary  Driver.elf  "Driver.bin"
arm-none-eabi-size   Driver.elf 
   text	   data	    bss	    dec	    hex	filename
    556	      8	   1568	   2132	    854	Driver.elf
Finished building: default.size.stdout
 
Finished building: Driver.bin
Finished building: Driver.list
 
 
15:05:07 **** Incremental Build of configuration Debug for project Driver ****
make -j12 all 
arm-none-eabi-gcc -gdwarf-2 "../stm32_f103c6_driver/GPIO_Driver_stm32f103c6.c" -mcpu=cortex-m3 -std=gnu11 -g3 -DSTM32 -DSTM32F1 -DSTM32F103C6Tx -DDEBUG -c -I../Inc -I"D:/Embedded System dip_KS/Unit_7_Projects/Drivers/Driver/stm32_f103c6_driver/inc" -O0 -ffunction-sections -fdata-sections -Wall -fstack-usage -MMD -MP -MF"stm32_f103c6_driver/GPIO_Driver_stm32f103c6.d" -MT"stm32_f103c6_driver/GPIO_Driver_stm32f103c6.o" --specs=nano.specs -mfloat-abi=soft -mthumb -o "stm32_f103c6_driver/GPIO_Driver_stm32f103c6.o"
arm-none-eabi-gcc -gdwarf-2 "../Src/main.c" -mcpu=cortex-m3 -std=gnu11 -g3 -DSTM32 -DSTM32F1 -DSTM32F103C6Tx -DDEBUG -c -I../Inc -I"D:/Embedded System dip_KS/Unit_7_Projects/Drivers/Driver/stm32_f103c6_driver/inc" -O0 -ffunction-sections -fdata-sections -Wall -fstack-usage -MMD -MP -MF"Src/main.d" -MT"Src/main.o" --specs=nano.specs -mfloat-abi=soft -mthumb -o "Src/main.o"
arm-none-eabi-gcc -gdwarf-2 -o "Driver.elf" @"objects.list"   -mcpu=cortex-m3 -T"D:\Embedded System dip_KS\Unit_7_Projects\Drivers\Driver\STM32F103C6TX_FLASH.ld" --specs=nosys.specs -Wl,-Map="Driver.map" -Wl,--gc-sections -static --specs=nano.specs -mfloat-abi=soft -mthumb -Wl,--start-group -lc -lm -Wl,--end-group
Finished building target: Driver.elf
 
arm-none-eabi-objdump -h -S  Driver.elf  > "Driver.list"
arm-none-eabi-objcopy  -O binary  Driver.elf  "Driver.bin"
arm-none-eabi-size   Driver.elf 
   text	   data	    bss	    dec	    hex	filename
    556	      8	   1568	   2132	    854	Driver.elf
Finished building: default.size.stdout
 
Finished building: Driver.bin
Finished building: Driver.list
 
 
15:06:58 **** Incremental Build of configuration Debug for project Driver ****
make -j12 all 
arm-none-eabi-gcc -gdwarf-2 "../stm32_f103c6_driver/GPIO_Driver_stm32f103c6.c" -mcpu=cortex-m3 -std=gnu11 -g3 -DSTM32 -DSTM32F1 -DSTM32F103C6Tx -DDEBUG -c -I../Inc -I"D:/Embedded System dip_KS/Unit_7_Projects/Drivers/Driver/stm32_f103c6_driver/inc" -O0 -ffunction-sections -fdata-sections -Wall -fstack-usage -MMD -MP -MF"stm32_f103c6_driver/GPIO_Driver_stm32f103c6.d" -MT"stm32_f103c6_driver/GPIO_Driver_stm32f103c6.o" --specs=nano.specs -mfloat-abi=soft -mthumb -o "stm32_f103c6_driver/GPIO_Driver_stm32f103c6.o"
arm-none-eabi-gcc -gdwarf-2 "../Src/main.c" -mcpu=cortex-m3 -std=gnu11 -g3 -DSTM32 -DSTM32F1 -DSTM32F103C6Tx -DDEBUG -c -I../Inc -I"D:/Embedded System dip_KS/Unit_7_Projects/Drivers/Driver/stm32_f103c6_driver/inc" -O0 -ffunction-sections -fdata-sections -Wall -fstack-usage -MMD -MP -MF"Src/main.d" -MT"Src/main.o" --specs=nano.specs -mfloat-abi=soft -mthumb -o "Src/main.o"
arm-none-eabi-gcc -gdwarf-2 -o "Driver.elf" @"objects.list"   -mcpu=cortex-m3 -T"D:\Embedded System dip_KS\Unit_7_Projects\Drivers\Driver\STM32F103C6TX_FLASH.ld" --specs=nosys.specs -Wl,-Map="Driver.map" -Wl,--gc-sections -static --specs=nano.specs -mfloat-abi=soft -mthumb -Wl,--start-group -lc -lm -Wl,--end-group
Finished building target: Driver.elf
 
arm-none-eabi-objdump -h -S  Driver.elf  > "Driver.list"
arm-none-eabi-objcopy  -O binary  Driver.elf  "Driver.bin"
arm-none-eabi-size   Driver.elf 
   text	   data	    bss	    dec	    hex	filename
    556	      8	   1568	   2132	    854	Driver.elf
Finished building: default.size.stdout
 
Finished building: Driver.bin
Finished building: Driver.list
 
 
15:08:03 **** Incremental Build of configuration Debug for project Driver ****
make -j12 all 
arm-none-eabi-gcc -gdwarf-2 "../stm32_f103c6_driver/GPIO_Driver_stm32f103c6.c" -mcpu=cortex-m3 -std=gnu11 -g3 -DSTM32 -DSTM32F1 -DSTM32F103C6Tx -DDEBUG -c -I../Inc -I"D:/Embedded System dip_KS/Unit_7_Projects/Drivers/Driver/stm32_f103c6_driver/inc" -O0 -ffunction-sections -fdata-sections -Wall -fstack-usage -MMD -MP -MF"stm32_f103c6_driver/GPIO_Driver_stm32f103c6.d" -MT"stm32_f103c6_driver/GPIO_Driver_stm32f103c6.o" --specs=nano.specs -mfloat-abi=soft -mthumb -o "stm32_f103c6_driver/GPIO_Driver_stm32f103c6.o"
arm-none-eabi-gcc -gdwarf-2 -o "Driver.elf" @"objects.list"   -mcpu=cortex-m3 -T"D:\Embedded System dip_KS\Unit_7_Projects\Drivers\Driver\STM32F103C6TX_FLASH.ld" --specs=nosys.specs -Wl,-Map="Driver.map" -Wl,--gc-sections -static --specs=nano.specs -mfloat-abi=soft -mthumb -Wl,--start-group -lc -lm -Wl,--end-group
Finished building target: Driver.elf
 
arm-none-eabi-objdump -h -S  Driver.elf  > "Driver.list"
arm-none-eabi-objcopy  -O binary  Driver.elf  "Driver.bin"
arm-none-eabi-size   Driver.elf 
   text	   data	    bss	    dec	    hex	filename
    556	      8	   1568	   2132	    854	Driver.elf
Finished building: default.size.stdout
 
Finished building: Driver.bin
Finished building: Driver.list
 
 
15:14:18 **** Incremental Build of configuration Debug for project Driver ****
make -j12 all 
arm-none-eabi-gcc -gdwarf-2 "../stm32_f103c6_driver/GPIO_Driver_stm32f103c6.c" -mcpu=cortex-m3 -std=gnu11 -g3 -DSTM32 -DSTM32F1 -DSTM32F103C6Tx -DDEBUG -c -I../Inc -I"D:/Embedded System dip_KS/Unit_7_Projects/Drivers/Driver/stm32_f103c6_driver/inc" -O0 -ffunction-sections -fdata-sections -Wall -fstack-usage -MMD -MP -MF"stm32_f103c6_driver/GPIO_Driver_stm32f103c6.d" -MT"stm32_f103c6_driver/GPIO_Driver_stm32f103c6.o" --specs=nano.specs -mfloat-abi=soft -mthumb -o "stm32_f103c6_driver/GPIO_Driver_stm32f103c6.o"
arm-none-eabi-gcc -gdwarf-2 "../Src/main.c" -mcpu=cortex-m3 -std=gnu11 -g3 -DSTM32 -DSTM32F1 -DSTM32F103C6Tx -DDEBUG -c -I../Inc -I"D:/Embedded System dip_KS/Unit_7_Projects/Drivers/Driver/stm32_f103c6_driver/inc" -O0 -ffunction-sections -fdata-sections -Wall -fstack-usage -MMD -MP -MF"Src/main.d" -MT"Src/main.o" --specs=nano.specs -mfloat-abi=soft -mthumb -o "Src/main.o"
arm-none-eabi-gcc -gdwarf-2 -o "Driver.elf" @"objects.list"   -mcpu=cortex-m3 -T"D:\Embedded System dip_KS\Unit_7_Projects\Drivers\Driver\STM32F103C6TX_FLASH.ld" --specs=nosys.specs -Wl,-Map="Driver.map" -Wl,--gc-sections -static --specs=nano.specs -mfloat-abi=soft -mthumb -Wl,--start-group -lc -lm -Wl,--end-group
Finished building target: Driver.elf
 
arm-none-eabi-objdump -h -S  Driver.elf  > "Driver.list"
arm-none-eabi-objcopy  -O binary  Driver.elf  "Driver.bin"
arm-none-eabi-size   Driver.elf 
   text	   data	    bss	    dec	    hex	filename
    556	      8	   1568	   2132	    854	Driver.elf
Finished building: default.size.stdout
 
Finished building: Driver.bin
Finished building: Driver.list
 
 
15:15:47 **** Incremental Build of configuration Debug for project Driver ****
make -j12 all 
arm-none-eabi-gcc -gdwarf-2 "../stm32_f103c6_driver/GPIO_Driver_stm32f103c6.c" -mcpu=cortex-m3 -std=gnu11 -g3 -DSTM32 -DSTM32F1 -DSTM32F103C6Tx -DDEBUG -c -I../Inc -I"D:/Embedded System dip_KS/Unit_7_Projects/Drivers/Driver/stm32_f103c6_driver/inc" -O0 -ffunction-sections -fdata-sections -Wall -fstack-usage -MMD -MP -MF"stm32_f103c6_driver/GPIO_Driver_stm32f103c6.d" -MT"stm32_f103c6_driver/GPIO_Driver_stm32f103c6.o" --specs=nano.specs -mfloat-abi=soft -mthumb -o "stm32_f103c6_driver/GPIO_Driver_stm32f103c6.o"
../stm32_f103c6_driver/GPIO_Driver_stm32f103c6.c: In function 'MCAL_GPIO_ReadPin':
../stm32_f103c6_driver/GPIO_Driver_stm32f103c6.c:49:1: warning: control reaches end of non-void function [-Wreturn-type]
 }
 ^
arm-none-eabi-gcc -gdwarf-2 -o "Driver.elf" @"objects.list"   -mcpu=cortex-m3 -T"D:\Embedded System dip_KS\Unit_7_Projects\Drivers\Driver\STM32F103C6TX_FLASH.ld" --specs=nosys.specs -Wl,-Map="Driver.map" -Wl,--gc-sections -static --specs=nano.specs -mfloat-abi=soft -mthumb -Wl,--start-group -lc -lm -Wl,--end-group
Finished building target: Driver.elf
 
arm-none-eabi-objdump -h -S  Driver.elf  > "Driver.list"
arm-none-eabi-objcopy  -O binary  Driver.elf  "Driver.bin"
arm-none-eabi-size   Driver.elf 
   text	   data	    bss	    dec	    hex	filename
    556	      8	   1568	   2132	    854	Driver.elf
Finished building: default.size.stdout
 
Finished building: Driver.bin
Finished building: Driver.list
 
 
16:21:10 **** Incremental Build of configuration Debug for project Driver ****
make -j12 all 
arm-none-eabi-gcc -gdwarf-2 "../stm32_f103c6_driver/GPIO_Driver_stm32f103c6.c" -mcpu=cortex-m3 -std=gnu11 -g3 -DSTM32 -DSTM32F1 -DSTM32F103C6Tx -DDEBUG -c -I../Inc -I"D:/Embedded System dip_KS/Unit_7_Projects/Drivers/Driver/stm32_f103c6_driver/inc" -O0 -ffunction-sections -fdata-sections -Wall -fstack-usage -MMD -MP -MF"stm32_f103c6_driver/GPIO_Driver_stm32f103c6.d" -MT"stm32_f103c6_driver/GPIO_Driver_stm32f103c6.o" --specs=nano.specs -mfloat-abi=soft -mthumb -o "stm32_f103c6_driver/GPIO_Driver_stm32f103c6.o"
../stm32_f103c6_driver/GPIO_Driver_stm32f103c6.c:46:6: error: conflicting types for 'MCAL_GPIO_ReadPin'
 void MCAL_GPIO_ReadPin (GPIO_REG_typedef * GPIOx , uint16_t PinNumber)
      ^~~~~~~~~~~~~~~~~
In file included from ../stm32_f103c6_driver/GPIO_Driver_stm32f103c6.c:9:0:
D:/Embedded System dip_KS/Unit_7_Projects/Drivers/Driver/stm32_f103c6_driver/inc/GPIO_Driver_stm32f103c6.h:103:9: note: previous declaration of 'MCAL_GPIO_ReadPin' was here
 uint8_t MCAL_GPIO_ReadPin (GPIO_REG_typedef * GPIOx , uint16_t PinNumber);
         ^~~~~~~~~~~~~~~~~
make: *** [stm32_f103c6_driver/subdir.mk:18: stm32_f103c6_driver/GPIO_Driver_stm32f103c6.o] Error 1
"make -j12 all" terminated with exit code 2. Build might be incomplete.
16:21:19 **** Incremental Build of configuration Debug for project Driver ****
make -j12 all 
arm-none-eabi-gcc -gdwarf-2 "../stm32_f103c6_driver/GPIO_Driver_stm32f103c6.c" -mcpu=cortex-m3 -std=gnu11 -g3 -DSTM32 -DSTM32F1 -DSTM32F103C6Tx -DDEBUG -c -I../Inc -I"D:/Embedded System dip_KS/Unit_7_Projects/Drivers/Driver/stm32_f103c6_driver/inc" -O0 -ffunction-sections -fdata-sections -Wall -fstack-usage -MMD -MP -MF"stm32_f103c6_driver/GPIO_Driver_stm32f103c6.d" -MT"stm32_f103c6_driver/GPIO_Driver_stm32f103c6.o" --specs=nano.specs -mfloat-abi=soft -mthumb -o "stm32_f103c6_driver/GPIO_Driver_stm32f103c6.o"
../stm32_f103c6_driver/GPIO_Driver_stm32f103c6.c: In function 'MCAL_GPIO_ReadPin':
../stm32_f103c6_driver/GPIO_Driver_stm32f103c6.c:49:1: warning: control reaches end of non-void function [-Wreturn-type]
 }
 ^
arm-none-eabi-gcc -gdwarf-2 -o "Driver.elf" @"objects.list"   -mcpu=cortex-m3 -T"D:\Embedded System dip_KS\Unit_7_Projects\Drivers\Driver\STM32F103C6TX_FLASH.ld" --specs=nosys.specs -Wl,-Map="Driver.map" -Wl,--gc-sections -static --specs=nano.specs -mfloat-abi=soft -mthumb -Wl,--start-group -lc -lm -Wl,--end-group
Finished building target: Driver.elf
 
arm-none-eabi-objdump -h -S  Driver.elf  > "Driver.list"
arm-none-eabi-objcopy  -O binary  Driver.elf  "Driver.bin"
arm-none-eabi-size   Driver.elf 
   text	   data	    bss	    dec	    hex	filename
    556	      8	   1568	   2132	    854	Driver.elf
Finished building: Driver.list
Finished building: default.size.stdout
 
 
Finished building: Driver.bin
 
16:25:31 **** Incremental Build of configuration Debug for project Driver ****
make -j12 all 
arm-none-eabi-gcc -gdwarf-2 "../stm32_f103c6_driver/GPIO_Driver_stm32f103c6.c" -mcpu=cortex-m3 -std=gnu11 -g3 -DSTM32 -DSTM32F1 -DSTM32F103C6Tx -DDEBUG -c -I../Inc -I"D:/Embedded System dip_KS/Unit_7_Projects/Drivers/Driver/stm32_f103c6_driver/inc" -O0 -ffunction-sections -fdata-sections -Wall -fstack-usage -MMD -MP -MF"stm32_f103c6_driver/GPIO_Driver_stm32f103c6.d" -MT"stm32_f103c6_driver/GPIO_Driver_stm32f103c6.o" --specs=nano.specs -mfloat-abi=soft -mthumb -o "stm32_f103c6_driver/GPIO_Driver_stm32f103c6.o"
arm-none-eabi-gcc -gdwarf-2 "../Src/main.c" -mcpu=cortex-m3 -std=gnu11 -g3 -DSTM32 -DSTM32F1 -DSTM32F103C6Tx -DDEBUG -c -I../Inc -I"D:/Embedded System dip_KS/Unit_7_Projects/Drivers/Driver/stm32_f103c6_driver/inc" -O0 -ffunction-sections -fdata-sections -Wall -fstack-usage -MMD -MP -MF"Src/main.d" -MT"Src/main.o" --specs=nano.specs -mfloat-abi=soft -mthumb -o "Src/main.o"
In file included from ../stm32_f103c6_driver/GPIO_Driver_stm32f103c6.c:9:0:
D:/Embedded System dip_KS/Unit_7_Projects/Drivers/Driver/stm32_f103c6_driver/inc/GPIO_Driver_stm32f103c6.h:93:0: warning: "GPIO_Pin_SET" redefined
 #define GPIO_Pin_SET        0
 
D:/Embedded System dip_KS/Unit_7_Projects/Drivers/Driver/stm32_f103c6_driver/inc/GPIO_Driver_stm32f103c6.h:92:0: note: this is the location of the previous definition
 #define GPIO_Pin_SET        1
 
In file included from ../Src/main.c:14:0:
D:/Embedded System dip_KS/Unit_7_Projects/Drivers/Driver/stm32_f103c6_driver/inc/GPIO_Driver_stm32f103c6.h:93:0: warning: "GPIO_Pin_SET" redefined
 #define GPIO_Pin_SET        0
 
D:/Embedded System dip_KS/Unit_7_Projects/Drivers/Driver/stm32_f103c6_driver/inc/GPIO_Driver_stm32f103c6.h:92:0: note: this is the location of the previous definition
 #define GPIO_Pin_SET        1
 
../stm32_f103c6_driver/GPIO_Driver_stm32f103c6.c: In function 'MCAL_GPIO_ReadPin':
../stm32_f103c6_driver/GPIO_Driver_stm32f103c6.c:49:1: warning: control reaches end of non-void function [-Wreturn-type]
 }
 ^
arm-none-eabi-gcc -gdwarf-2 -o "Driver.elf" @"objects.list"   -mcpu=cortex-m3 -T"D:\Embedded System dip_KS\Unit_7_Projects\Drivers\Driver\STM32F103C6TX_FLASH.ld" --specs=nosys.specs -Wl,-Map="Driver.map" -Wl,--gc-sections -static --specs=nano.specs -mfloat-abi=soft -mthumb -Wl,--start-group -lc -lm -Wl,--end-group
Finished building target: Driver.elf
 
arm-none-eabi-objdump -h -S  Driver.elf  > "Driver.list"
arm-none-eabi-objcopy  -O binary  Driver.elf  "Driver.bin"
arm-none-eabi-size   Driver.elf 
   text	   data	    bss	    dec	    hex	filename
    556	      8	   1568	   2132	    854	Driver.elf
Finished building: default.size.stdout
 
Finished building: Driver.bin
Finished building: Driver.list
 
 
16:26:08 **** Incremental Build of configuration Debug for project Driver ****
make -j12 all 
arm-none-eabi-gcc -gdwarf-2 "../stm32_f103c6_driver/GPIO_Driver_stm32f103c6.c" -mcpu=cortex-m3 -std=gnu11 -g3 -DSTM32 -DSTM32F1 -DSTM32F103C6Tx -DDEBUG -c -I../Inc -I"D:/Embedded System dip_KS/Unit_7_Projects/Drivers/Driver/stm32_f103c6_driver/inc" -O0 -ffunction-sections -fdata-sections -Wall -fstack-usage -MMD -MP -MF"stm32_f103c6_driver/GPIO_Driver_stm32f103c6.d" -MT"stm32_f103c6_driver/GPIO_Driver_stm32f103c6.o" --specs=nano.specs -mfloat-abi=soft -mthumb -o "stm32_f103c6_driver/GPIO_Driver_stm32f103c6.o"
arm-none-eabi-gcc -gdwarf-2 "../Src/main.c" -mcpu=cortex-m3 -std=gnu11 -g3 -DSTM32 -DSTM32F1 -DSTM32F103C6Tx -DDEBUG -c -I../Inc -I"D:/Embedded System dip_KS/Unit_7_Projects/Drivers/Driver/stm32_f103c6_driver/inc" -O0 -ffunction-sections -fdata-sections -Wall -fstack-usage -MMD -MP -MF"Src/main.d" -MT"Src/main.o" --specs=nano.specs -mfloat-abi=soft -mthumb -o "Src/main.o"
../stm32_f103c6_driver/GPIO_Driver_stm32f103c6.c: In function 'MCAL_GPIO_ReadPin':
../stm32_f103c6_driver/GPIO_Driver_stm32f103c6.c:49:1: warning: control reaches end of non-void function [-Wreturn-type]
 }
 ^
arm-none-eabi-gcc -gdwarf-2 -o "Driver.elf" @"objects.list"   -mcpu=cortex-m3 -T"D:\Embedded System dip_KS\Unit_7_Projects\Drivers\Driver\STM32F103C6TX_FLASH.ld" --specs=nosys.specs -Wl,-Map="Driver.map" -Wl,--gc-sections -static --specs=nano.specs -mfloat-abi=soft -mthumb -Wl,--start-group -lc -lm -Wl,--end-group
Finished building target: Driver.elf
 
arm-none-eabi-objdump -h -S  Driver.elf  > "Driver.list"
arm-none-eabi-objcopy  -O binary  Driver.elf  "Driver.bin"
arm-none-eabi-size   Driver.elf 
   text	   data	    bss	    dec	    hex	filename
    556	      8	   1568	   2132	    854	Driver.elf
Finished building: default.size.stdout
 
Finished building: Driver.bin
Finished building: Driver.list
 
 
16:34:34 **** Incremental Build of configuration Debug for project Driver ****
make -j12 all 
arm-none-eabi-gcc -gdwarf-2 "../stm32_f103c6_driver/GPIO_Driver_stm32f103c6.c" -mcpu=cortex-m3 -std=gnu11 -g3 -DSTM32 -DSTM32F1 -DSTM32F103C6Tx -DDEBUG -c -I../Inc -I"D:/Embedded System dip_KS/Unit_7_Projects/Drivers/Driver/stm32_f103c6_driver/inc" -O0 -ffunction-sections -fdata-sections -Wall -fstack-usage -MMD -MP -MF"stm32_f103c6_driver/GPIO_Driver_stm32f103c6.d" -MT"stm32_f103c6_driver/GPIO_Driver_stm32f103c6.o" --specs=nano.specs -mfloat-abi=soft -mthumb -o "stm32_f103c6_driver/GPIO_Driver_stm32f103c6.o"
arm-none-eabi-gcc -gdwarf-2 "../Src/main.c" -mcpu=cortex-m3 -std=gnu11 -g3 -DSTM32 -DSTM32F1 -DSTM32F103C6Tx -DDEBUG -c -I../Inc -I"D:/Embedded System dip_KS/Unit_7_Projects/Drivers/Driver/stm32_f103c6_driver/inc" -O0 -ffunction-sections -fdata-sections -Wall -fstack-usage -MMD -MP -MF"Src/main.d" -MT"Src/main.o" --specs=nano.specs -mfloat-abi=soft -mthumb -o "Src/main.o"
../stm32_f103c6_driver/GPIO_Driver_stm32f103c6.c: In function 'MCAL_GPIO_ReadPin':
../stm32_f103c6_driver/GPIO_Driver_stm32f103c6.c:49:1: warning: control reaches end of non-void function [-Wreturn-type]
 }
 ^
../stm32_f103c6_driver/GPIO_Driver_stm32f103c6.c: In function 'MCAL_GPIO_ReadPort':
../stm32_f103c6_driver/GPIO_Driver_stm32f103c6.c:62:1: warning: control reaches end of non-void function [-Wreturn-type]
 }
 ^
arm-none-eabi-gcc -gdwarf-2 -o "Driver.elf" @"objects.list"   -mcpu=cortex-m3 -T"D:\Embedded System dip_KS\Unit_7_Projects\Drivers\Driver\STM32F103C6TX_FLASH.ld" --specs=nosys.specs -Wl,-Map="Driver.map" -Wl,--gc-sections -static --specs=nano.specs -mfloat-abi=soft -mthumb -Wl,--start-group -lc -lm -Wl,--end-group
Finished building target: Driver.elf
 
arm-none-eabi-objdump -h -S  Driver.elf  > "Driver.list"
arm-none-eabi-objcopy  -O binary  Driver.elf  "Driver.bin"
arm-none-eabi-size   Driver.elf 
   text	   data	    bss	    dec	    hex	filename
    556	      8	   1568	   2132	    854	Driver.elf
Finished building: default.size.stdout
 
Finished building: Driver.bin
Finished building: Driver.list
 
 
16:37:10 **** Incremental Build of configuration Debug for project Driver ****
make -j12 all 
arm-none-eabi-gcc -gdwarf-2 "../stm32_f103c6_driver/GPIO_Driver_stm32f103c6.c" -mcpu=cortex-m3 -std=gnu11 -g3 -DSTM32 -DSTM32F1 -DSTM32F103C6Tx -DDEBUG -c -I../Inc -I"D:/Embedded System dip_KS/Unit_7_Projects/Drivers/Driver/stm32_f103c6_driver/inc" -O0 -ffunction-sections -fdata-sections -Wall -fstack-usage -MMD -MP -MF"stm32_f103c6_driver/GPIO_Driver_stm32f103c6.d" -MT"stm32_f103c6_driver/GPIO_Driver_stm32f103c6.o" --specs=nano.specs -mfloat-abi=soft -mthumb -o "stm32_f103c6_driver/GPIO_Driver_stm32f103c6.o"
../stm32_f103c6_driver/GPIO_Driver_stm32f103c6.c: In function 'MCAL_GPIO_ReadPin':
../stm32_f103c6_driver/GPIO_Driver_stm32f103c6.c:49:1: warning: control reaches end of non-void function [-Wreturn-type]
 }
 ^
../stm32_f103c6_driver/GPIO_Driver_stm32f103c6.c: In function 'MCAL_GPIO_ReadPort':
../stm32_f103c6_driver/GPIO_Driver_stm32f103c6.c:62:1: warning: control reaches end of non-void function [-Wreturn-type]
 }
 ^
arm-none-eabi-gcc -gdwarf-2 -o "Driver.elf" @"objects.list"   -mcpu=cortex-m3 -T"D:\Embedded System dip_KS\Unit_7_Projects\Drivers\Driver\STM32F103C6TX_FLASH.ld" --specs=nosys.specs -Wl,-Map="Driver.map" -Wl,--gc-sections -static --specs=nano.specs -mfloat-abi=soft -mthumb -Wl,--start-group -lc -lm -Wl,--end-group
Finished building target: Driver.elf
 
arm-none-eabi-objdump -h -S  Driver.elf  > "Driver.list"
arm-none-eabi-objcopy  -O binary  Driver.elf  "Driver.bin"
arm-none-eabi-size   Driver.elf 
   text	   data	    bss	    dec	    hex	filename
    556	      8	   1568	   2132	    854	Driver.elf
Finished building: default.size.stdout
 
Finished building: Driver.bin
Finished building: Driver.list
 
 
16:37:43 **** Incremental Build of configuration Debug for project Driver ****
make -j12 all 
arm-none-eabi-gcc -gdwarf-2 "../stm32_f103c6_driver/GPIO_Driver_stm32f103c6.c" -mcpu=cortex-m3 -std=gnu11 -g3 -DSTM32 -DSTM32F1 -DSTM32F103C6Tx -DDEBUG -c -I../Inc -I"D:/Embedded System dip_KS/Unit_7_Projects/Drivers/Driver/stm32_f103c6_driver/inc" -O0 -ffunction-sections -fdata-sections -Wall -fstack-usage -MMD -MP -MF"stm32_f103c6_driver/GPIO_Driver_stm32f103c6.d" -MT"stm32_f103c6_driver/GPIO_Driver_stm32f103c6.o" --specs=nano.specs -mfloat-abi=soft -mthumb -o "stm32_f103c6_driver/GPIO_Driver_stm32f103c6.o"
../stm32_f103c6_driver/GPIO_Driver_stm32f103c6.c: In function 'MCAL_GPIO_ReadPin':
../stm32_f103c6_driver/GPIO_Driver_stm32f103c6.c:49:1: warning: control reaches end of non-void function [-Wreturn-type]
 }
 ^
../stm32_f103c6_driver/GPIO_Driver_stm32f103c6.c: In function 'MCAL_GPIO_ReadPort':
../stm32_f103c6_driver/GPIO_Driver_stm32f103c6.c:62:1: warning: control reaches end of non-void function [-Wreturn-type]
 }
 ^
arm-none-eabi-gcc -gdwarf-2 -o "Driver.elf" @"objects.list"   -mcpu=cortex-m3 -T"D:\Embedded System dip_KS\Unit_7_Projects\Drivers\Driver\STM32F103C6TX_FLASH.ld" --specs=nosys.specs -Wl,-Map="Driver.map" -Wl,--gc-sections -static --specs=nano.specs -mfloat-abi=soft -mthumb -Wl,--start-group -lc -lm -Wl,--end-group
Finished building target: Driver.elf
 
arm-none-eabi-objdump -h -S  Driver.elf  > "Driver.list"
arm-none-eabi-objcopy  -O binary  Driver.elf  "Driver.bin"
arm-none-eabi-size   Driver.elf 
   text	   data	    bss	    dec	    hex	filename
    556	      8	   1568	   2132	    854	Driver.elf
Finished building: default.size.stdout
 
Finished building: Driver.bin
Finished building: Driver.list
 
 
16:37:54 **** Incremental Build of configuration Debug for project Driver ****
make -j12 all 
arm-none-eabi-size   Driver.elf 
   text	   data	    bss	    dec	    hex	filename
    556	      8	   1568	   2132	    854	Driver.elf
Finished building: default.size.stdout
 
16:41:18 **** Incremental Build of configuration Debug for project Driver ****
make -j12 all 
arm-none-eabi-gcc -gdwarf-2 "../stm32_f103c6_driver/GPIO_Driver_stm32f103c6.c" -mcpu=cortex-m3 -std=gnu11 -g3 -DSTM32 -DSTM32F1 -DSTM32F103C6Tx -DDEBUG -c -I../Inc -I"D:/Embedded System dip_KS/Unit_7_Projects/Drivers/Driver/stm32_f103c6_driver/inc" -O0 -ffunction-sections -fdata-sections -Wall -fstack-usage -MMD -MP -MF"stm32_f103c6_driver/GPIO_Driver_stm32f103c6.d" -MT"stm32_f103c6_driver/GPIO_Driver_stm32f103c6.o" --specs=nano.specs -mfloat-abi=soft -mthumb -o "stm32_f103c6_driver/GPIO_Driver_stm32f103c6.o"
arm-none-eabi-gcc -gdwarf-2 "../Src/main.c" -mcpu=cortex-m3 -std=gnu11 -g3 -DSTM32 -DSTM32F1 -DSTM32F103C6Tx -DDEBUG -c -I../Inc -I"D:/Embedded System dip_KS/Unit_7_Projects/Drivers/Driver/stm32_f103c6_driver/inc" -O0 -ffunction-sections -fdata-sections -Wall -fstack-usage -MMD -MP -MF"Src/main.d" -MT"Src/main.o" --specs=nano.specs -mfloat-abi=soft -mthumb -o "Src/main.o"
../stm32_f103c6_driver/GPIO_Driver_stm32f103c6.c: In function 'MCAL_GPIO_ReadPin':
../stm32_f103c6_driver/GPIO_Driver_stm32f103c6.c:49:1: warning: control reaches end of non-void function [-Wreturn-type]
 }
 ^
../stm32_f103c6_driver/GPIO_Driver_stm32f103c6.c: In function 'MCAL_GPIO_ReadPort':
../stm32_f103c6_driver/GPIO_Driver_stm32f103c6.c:62:1: warning: control reaches end of non-void function [-Wreturn-type]
 }
 ^
arm-none-eabi-gcc -gdwarf-2 -o "Driver.elf" @"objects.list"   -mcpu=cortex-m3 -T"D:\Embedded System dip_KS\Unit_7_Projects\Drivers\Driver\STM32F103C6TX_FLASH.ld" --specs=nosys.specs -Wl,-Map="Driver.map" -Wl,--gc-sections -static --specs=nano.specs -mfloat-abi=soft -mthumb -Wl,--start-group -lc -lm -Wl,--end-group
Finished building target: Driver.elf
 
arm-none-eabi-objdump -h -S  Driver.elf  > "Driver.list"
arm-none-eabi-objcopy  -O binary  Driver.elf  "Driver.bin"
arm-none-eabi-size   Driver.elf 
   text	   data	    bss	    dec	    hex	filename
    556	      8	   1568	   2132	    854	Driver.elf
Finished building: default.size.stdout
 
Finished building: Driver.bin
Finished building: Driver.list
 
 
16:42:45 **** Incremental Build of configuration Debug for project Driver ****
make -j12 all 
arm-none-eabi-gcc -gdwarf-2 "../stm32_f103c6_driver/GPIO_Driver_stm32f103c6.c" -mcpu=cortex-m3 -std=gnu11 -g3 -DSTM32 -DSTM32F1 -DSTM32F103C6Tx -DDEBUG -c -I../Inc -I"D:/Embedded System dip_KS/Unit_7_Projects/Drivers/Driver/stm32_f103c6_driver/inc" -O0 -ffunction-sections -fdata-sections -Wall -fstack-usage -MMD -MP -MF"stm32_f103c6_driver/GPIO_Driver_stm32f103c6.d" -MT"stm32_f103c6_driver/GPIO_Driver_stm32f103c6.o" --specs=nano.specs -mfloat-abi=soft -mthumb -o "stm32_f103c6_driver/GPIO_Driver_stm32f103c6.o"
arm-none-eabi-gcc -gdwarf-2 "../Src/main.c" -mcpu=cortex-m3 -std=gnu11 -g3 -DSTM32 -DSTM32F1 -DSTM32F103C6Tx -DDEBUG -c -I../Inc -I"D:/Embedded System dip_KS/Unit_7_Projects/Drivers/Driver/stm32_f103c6_driver/inc" -O0 -ffunction-sections -fdata-sections -Wall -fstack-usage -MMD -MP -MF"Src/main.d" -MT"Src/main.o" --specs=nano.specs -mfloat-abi=soft -mthumb -o "Src/main.o"
../stm32_f103c6_driver/GPIO_Driver_stm32f103c6.c: In function 'MCAL_GPIO_ReadPin':
../stm32_f103c6_driver/GPIO_Driver_stm32f103c6.c:49:1: warning: control reaches end of non-void function [-Wreturn-type]
 }
 ^
../stm32_f103c6_driver/GPIO_Driver_stm32f103c6.c: In function 'MCAL_GPIO_ReadPort':
../stm32_f103c6_driver/GPIO_Driver_stm32f103c6.c:62:1: warning: control reaches end of non-void function [-Wreturn-type]
 }
 ^
arm-none-eabi-gcc -gdwarf-2 -o "Driver.elf" @"objects.list"   -mcpu=cortex-m3 -T"D:\Embedded System dip_KS\Unit_7_Projects\Drivers\Driver\STM32F103C6TX_FLASH.ld" --specs=nosys.specs -Wl,-Map="Driver.map" -Wl,--gc-sections -static --specs=nano.specs -mfloat-abi=soft -mthumb -Wl,--start-group -lc -lm -Wl,--end-group
Finished building target: Driver.elf
 
arm-none-eabi-objdump -h -S  Driver.elf  > "Driver.list"
arm-none-eabi-objcopy  -O binary  Driver.elf  "Driver.bin"
arm-none-eabi-size   Driver.elf 
   text	   data	    bss	    dec	    hex	filename
    556	      8	   1568	   2132	    854	Driver.elf
Finished building: default.size.stdout
 
Finished building: Driver.bin
Finished building: Driver.list
 
 
16:43:44 **** Incremental Build of configuration Debug for project Driver ****
make -j12 all 
arm-none-eabi-gcc -gdwarf-2 "../stm32_f103c6_driver/GPIO_Driver_stm32f103c6.c" -mcpu=cortex-m3 -std=gnu11 -g3 -DSTM32 -DSTM32F1 -DSTM32F103C6Tx -DDEBUG -c -I../Inc -I"D:/Embedded System dip_KS/Unit_7_Projects/Drivers/Driver/stm32_f103c6_driver/inc" -O0 -ffunction-sections -fdata-sections -Wall -fstack-usage -MMD -MP -MF"stm32_f103c6_driver/GPIO_Driver_stm32f103c6.d" -MT"stm32_f103c6_driver/GPIO_Driver_stm32f103c6.o" --specs=nano.specs -mfloat-abi=soft -mthumb -o "stm32_f103c6_driver/GPIO_Driver_stm32f103c6.o"
../stm32_f103c6_driver/GPIO_Driver_stm32f103c6.c: In function 'MCAL_GPIO_ReadPin':
../stm32_f103c6_driver/GPIO_Driver_stm32f103c6.c:49:1: warning: control reaches end of non-void function [-Wreturn-type]
 }
 ^
../stm32_f103c6_driver/GPIO_Driver_stm32f103c6.c: In function 'MCAL_GPIO_ReadPort':
../stm32_f103c6_driver/GPIO_Driver_stm32f103c6.c:62:1: warning: control reaches end of non-void function [-Wreturn-type]
 }
 ^
arm-none-eabi-gcc -gdwarf-2 -o "Driver.elf" @"objects.list"   -mcpu=cortex-m3 -T"D:\Embedded System dip_KS\Unit_7_Projects\Drivers\Driver\STM32F103C6TX_FLASH.ld" --specs=nosys.specs -Wl,-Map="Driver.map" -Wl,--gc-sections -static --specs=nano.specs -mfloat-abi=soft -mthumb -Wl,--start-group -lc -lm -Wl,--end-group
Finished building target: Driver.elf
 
arm-none-eabi-objdump -h -S  Driver.elf  > "Driver.list"
arm-none-eabi-objcopy  -O binary  Driver.elf  "Driver.bin"
arm-none-eabi-size   Driver.elf 
   text	   data	    bss	    dec	    hex	filename
    556	      8	   1568	   2132	    854	Driver.elf
Finished building: default.size.stdout
 
Finished building: Driver.bin
Finished building: Driver.list
 
 
16:44:08 **** Incremental Build of configuration Debug for project Driver ****
make -j12 all 
arm-none-eabi-gcc -gdwarf-2 "../stm32_f103c6_driver/GPIO_Driver_stm32f103c6.c" -mcpu=cortex-m3 -std=gnu11 -g3 -DSTM32 -DSTM32F1 -DSTM32F103C6Tx -DDEBUG -c -I../Inc -I"D:/Embedded System dip_KS/Unit_7_Projects/Drivers/Driver/stm32_f103c6_driver/inc" -O0 -ffunction-sections -fdata-sections -Wall -fstack-usage -MMD -MP -MF"stm32_f103c6_driver/GPIO_Driver_stm32f103c6.d" -MT"stm32_f103c6_driver/GPIO_Driver_stm32f103c6.o" --specs=nano.specs -mfloat-abi=soft -mthumb -o "stm32_f103c6_driver/GPIO_Driver_stm32f103c6.o"
../stm32_f103c6_driver/GPIO_Driver_stm32f103c6.c: In function 'MCAL_GPIO_ReadPin':
../stm32_f103c6_driver/GPIO_Driver_stm32f103c6.c:49:1: warning: control reaches end of non-void function [-Wreturn-type]
 }
 ^
../stm32_f103c6_driver/GPIO_Driver_stm32f103c6.c: In function 'MCAL_GPIO_ReadPort':
../stm32_f103c6_driver/GPIO_Driver_stm32f103c6.c:62:1: warning: control reaches end of non-void function [-Wreturn-type]
 }
 ^
arm-none-eabi-gcc -gdwarf-2 -o "Driver.elf" @"objects.list"   -mcpu=cortex-m3 -T"D:\Embedded System dip_KS\Unit_7_Projects\Drivers\Driver\STM32F103C6TX_FLASH.ld" --specs=nosys.specs -Wl,-Map="Driver.map" -Wl,--gc-sections -static --specs=nano.specs -mfloat-abi=soft -mthumb -Wl,--start-group -lc -lm -Wl,--end-group
Finished building target: Driver.elf
 
arm-none-eabi-objdump -h -S  Driver.elf  > "Driver.list"
arm-none-eabi-objcopy  -O binary  Driver.elf  "Driver.bin"
arm-none-eabi-size   Driver.elf 
   text	   data	    bss	    dec	    hex	filename
    556	      8	   1568	   2132	    854	Driver.elf
Finished building: default.size.stdout
 
Finished building: Driver.bin
Finished building: Driver.list
 
 
16:45:40 **** Incremental Build of configuration Debug for project Driver ****
make -j12 all 
arm-none-eabi-gcc -gdwarf-2 "../stm32_f103c6_driver/GPIO_Driver_stm32f103c6.c" -mcpu=cortex-m3 -std=gnu11 -g3 -DSTM32 -DSTM32F1 -DSTM32F103C6Tx -DDEBUG -c -I../Inc -I"D:/Embedded System dip_KS/Unit_7_Projects/Drivers/Driver/stm32_f103c6_driver/inc" -O0 -ffunction-sections -fdata-sections -Wall -fstack-usage -MMD -MP -MF"stm32_f103c6_driver/GPIO_Driver_stm32f103c6.d" -MT"stm32_f103c6_driver/GPIO_Driver_stm32f103c6.o" --specs=nano.specs -mfloat-abi=soft -mthumb -o "stm32_f103c6_driver/GPIO_Driver_stm32f103c6.o"
../stm32_f103c6_driver/GPIO_Driver_stm32f103c6.c: In function 'MCAL_GPIO_ReadPin':
../stm32_f103c6_driver/GPIO_Driver_stm32f103c6.c:49:1: warning: control reaches end of non-void function [-Wreturn-type]
 }
 ^
../stm32_f103c6_driver/GPIO_Driver_stm32f103c6.c: In function 'MCAL_GPIO_ReadPort':
../stm32_f103c6_driver/GPIO_Driver_stm32f103c6.c:62:1: warning: control reaches end of non-void function [-Wreturn-type]
 }
 ^
arm-none-eabi-gcc -gdwarf-2 -o "Driver.elf" @"objects.list"   -mcpu=cortex-m3 -T"D:\Embedded System dip_KS\Unit_7_Projects\Drivers\Driver\STM32F103C6TX_FLASH.ld" --specs=nosys.specs -Wl,-Map="Driver.map" -Wl,--gc-sections -static --specs=nano.specs -mfloat-abi=soft -mthumb -Wl,--start-group -lc -lm -Wl,--end-group
Finished building target: Driver.elf
 
arm-none-eabi-objdump -h -S  Driver.elf  > "Driver.list"
arm-none-eabi-objcopy  -O binary  Driver.elf  "Driver.bin"
arm-none-eabi-size   Driver.elf 
   text	   data	    bss	    dec	    hex	filename
    556	      8	   1568	   2132	    854	Driver.elf
Finished building: default.size.stdout
 
Finished building: Driver.bin
Finished building: Driver.list
 
 
16:47:11 **** Incremental Build of configuration Debug for project Driver ****
make -j12 all 
arm-none-eabi-gcc -gdwarf-2 "../stm32_f103c6_driver/GPIO_Driver_stm32f103c6.c" -mcpu=cortex-m3 -std=gnu11 -g3 -DSTM32 -DSTM32F1 -DSTM32F103C6Tx -DDEBUG -c -I../Inc -I"D:/Embedded System dip_KS/Unit_7_Projects/Drivers/Driver/stm32_f103c6_driver/inc" -O0 -ffunction-sections -fdata-sections -Wall -fstack-usage -MMD -MP -MF"stm32_f103c6_driver/GPIO_Driver_stm32f103c6.d" -MT"stm32_f103c6_driver/GPIO_Driver_stm32f103c6.o" --specs=nano.specs -mfloat-abi=soft -mthumb -o "stm32_f103c6_driver/GPIO_Driver_stm32f103c6.o"
../stm32_f103c6_driver/GPIO_Driver_stm32f103c6.c: In function 'MCAL_GPIO_ReadPin':
../stm32_f103c6_driver/GPIO_Driver_stm32f103c6.c:49:1: warning: control reaches end of non-void function [-Wreturn-type]
 }
 ^
../stm32_f103c6_driver/GPIO_Driver_stm32f103c6.c: In function 'MCAL_GPIO_ReadPort':
../stm32_f103c6_driver/GPIO_Driver_stm32f103c6.c:62:1: warning: control reaches end of non-void function [-Wreturn-type]
 }
 ^
arm-none-eabi-gcc -gdwarf-2 -o "Driver.elf" @"objects.list"   -mcpu=cortex-m3 -T"D:\Embedded System dip_KS\Unit_7_Projects\Drivers\Driver\STM32F103C6TX_FLASH.ld" --specs=nosys.specs -Wl,-Map="Driver.map" -Wl,--gc-sections -static --specs=nano.specs -mfloat-abi=soft -mthumb -Wl,--start-group -lc -lm -Wl,--end-group
Finished building target: Driver.elf
 
arm-none-eabi-objdump -h -S  Driver.elf  > "Driver.list"
arm-none-eabi-objcopy  -O binary  Driver.elf  "Driver.bin"
arm-none-eabi-size   Driver.elf 
   text	   data	    bss	    dec	    hex	filename
    556	      8	   1568	   2132	    854	Driver.elf
Finished building: default.size.stdout
 
Finished building: Driver.bin
Finished building: Driver.list
 
 
16:50:59 **** Incremental Build of configuration Debug for project Driver ****
make -j12 all 
arm-none-eabi-gcc -gdwarf-2 "../stm32_f103c6_driver/GPIO_Driver_stm32f103c6.c" -mcpu=cortex-m3 -std=gnu11 -g3 -DSTM32 -DSTM32F1 -DSTM32F103C6Tx -DDEBUG -c -I../Inc -I"D:/Embedded System dip_KS/Unit_7_Projects/Drivers/Driver/stm32_f103c6_driver/inc" -O0 -ffunction-sections -fdata-sections -Wall -fstack-usage -MMD -MP -MF"stm32_f103c6_driver/GPIO_Driver_stm32f103c6.d" -MT"stm32_f103c6_driver/GPIO_Driver_stm32f103c6.o" --specs=nano.specs -mfloat-abi=soft -mthumb -o "stm32_f103c6_driver/GPIO_Driver_stm32f103c6.o"
arm-none-eabi-gcc -gdwarf-2 "../Src/main.c" -mcpu=cortex-m3 -std=gnu11 -g3 -DSTM32 -DSTM32F1 -DSTM32F103C6Tx -DDEBUG -c -I../Inc -I"D:/Embedded System dip_KS/Unit_7_Projects/Drivers/Driver/stm32_f103c6_driver/inc" -O0 -ffunction-sections -fdata-sections -Wall -fstack-usage -MMD -MP -MF"Src/main.d" -MT"Src/main.o" --specs=nano.specs -mfloat-abi=soft -mthumb -o "Src/main.o"
../stm32_f103c6_driver/GPIO_Driver_stm32f103c6.c: In function 'MCAL_GPIO_ReadPin':
../stm32_f103c6_driver/GPIO_Driver_stm32f103c6.c:49:1: warning: control reaches end of non-void function [-Wreturn-type]
 }
 ^
../stm32_f103c6_driver/GPIO_Driver_stm32f103c6.c: In function 'MCAL_GPIO_ReadPort':
../stm32_f103c6_driver/GPIO_Driver_stm32f103c6.c:62:1: warning: control reaches end of non-void function [-Wreturn-type]
 }
 ^
../stm32_f103c6_driver/GPIO_Driver_stm32f103c6.c: In function 'MCAL_GPIO_LockPin':
../stm32_f103c6_driver/GPIO_Driver_stm32f103c6.c:121:1: warning: control reaches end of non-void function [-Wreturn-type]
 }
 ^
arm-none-eabi-gcc -gdwarf-2 -o "Driver.elf" @"objects.list"   -mcpu=cortex-m3 -T"D:\Embedded System dip_KS\Unit_7_Projects\Drivers\Driver\STM32F103C6TX_FLASH.ld" --specs=nosys.specs -Wl,-Map="Driver.map" -Wl,--gc-sections -static --specs=nano.specs -mfloat-abi=soft -mthumb -Wl,--start-group -lc -lm -Wl,--end-group
Finished building target: Driver.elf
 
arm-none-eabi-objdump -h -S  Driver.elf  > "Driver.list"
arm-none-eabi-objcopy  -O binary  Driver.elf  "Driver.bin"
arm-none-eabi-size   Driver.elf 
   text	   data	    bss	    dec	    hex	filename
    556	      8	   1568	   2132	    854	Driver.elf
Finished building: default.size.stdout
 
Finished building: Driver.bin
Finished building: Driver.list
 
 
16:51:13 **** Incremental Build of configuration Debug for project Driver ****
make -j12 all 
arm-none-eabi-size   Driver.elf 
   text	   data	    bss	    dec	    hex	filename
    556	      8	   1568	   2132	    854	Driver.elf
Finished building: default.size.stdout
 
17:06:16 **** Incremental Build of configuration Debug for project Driver ****
make -j12 all 
arm-none-eabi-size   Driver.elf 
   text	   data	    bss	    dec	    hex	filename
    556	      8	   1568	   2132	    854	Driver.elf
Finished building: default.size.stdout
 
17:11:40 **** Incremental Build of configuration Debug for project Driver ****
make -j12 all 
arm-none-eabi-gcc -gdwarf-2 "../stm32_f103c6_driver/GPIO_Driver_stm32f103c6.c" -mcpu=cortex-m3 -std=gnu11 -g3 -DSTM32 -DSTM32F1 -DSTM32F103C6Tx -DDEBUG -c -I../Inc -I"D:/Embedded System dip_KS/Unit_7_Projects/Drivers/Driver/stm32_f103c6_driver/inc" -O0 -ffunction-sections -fdata-sections -Wall -fstack-usage -MMD -MP -MF"stm32_f103c6_driver/GPIO_Driver_stm32f103c6.d" -MT"stm32_f103c6_driver/GPIO_Driver_stm32f103c6.o" --specs=nano.specs -mfloat-abi=soft -mthumb -o "stm32_f103c6_driver/GPIO_Driver_stm32f103c6.o"
arm-none-eabi-gcc -gdwarf-2 "../Src/main.c" -mcpu=cortex-m3 -std=gnu11 -g3 -DSTM32 -DSTM32F1 -DSTM32F103C6Tx -DDEBUG -c -I../Inc -I"D:/Embedded System dip_KS/Unit_7_Projects/Drivers/Driver/stm32_f103c6_driver/inc" -O0 -ffunction-sections -fdata-sections -Wall -fstack-usage -MMD -MP -MF"Src/main.d" -MT"Src/main.o" --specs=nano.specs -mfloat-abi=soft -mthumb -o "Src/main.o"
../stm32_f103c6_driver/GPIO_Driver_stm32f103c6.c: In function 'MCAL_GPIO_Init':
../stm32_f103c6_driver/GPIO_Driver_stm32f103c6.c:24:37: warning: initialization makes integer from pointer without a cast [-Wint-conversion]
  volatile uint32_t ConfigRegister = NULL;
                                     ^~~~
../stm32_f103c6_driver/GPIO_Driver_stm32f103c6.c:25:31: error: expected identifier before '<' token
  ConfigRegister = (PinConfig->< )
                               ^
../stm32_f103c6_driver/GPIO_Driver_stm32f103c6.c:26:1: error: expected ';' before '}' token
 }
 ^
../stm32_f103c6_driver/GPIO_Driver_stm32f103c6.c:24:20: warning: variable 'ConfigRegister' set but not used [-Wunused-but-set-variable]
  volatile uint32_t ConfigRegister = NULL;
                    ^~~~~~~~~~~~~~
../stm32_f103c6_driver/GPIO_Driver_stm32f103c6.c: In function 'MCAL_GPIO_ReadPin':
../stm32_f103c6_driver/GPIO_Driver_stm32f103c6.c:53:1: warning: control reaches end of non-void function [-Wreturn-type]
 }
 ^
../stm32_f103c6_driver/GPIO_Driver_stm32f103c6.c: In function 'MCAL_GPIO_ReadPort':
../stm32_f103c6_driver/GPIO_Driver_stm32f103c6.c:66:1: warning: control reaches end of non-void function [-Wreturn-type]
 }
 ^
../stm32_f103c6_driver/GPIO_Driver_stm32f103c6.c: In function 'MCAL_GPIO_LockPin':
../stm32_f103c6_driver/GPIO_Driver_stm32f103c6.c:125:1: warning: control reaches end of non-void function [-Wreturn-type]
 }
 ^
make: *** [stm32_f103c6_driver/subdir.mk:18: stm32_f103c6_driver/GPIO_Driver_stm32f103c6.o] Error 1
make: *** Waiting for unfinished jobs....
"make -j12 all" terminated with exit code 2. Build might be incomplete.
17:11:56 **** Incremental Build of configuration Debug for project Driver ****
make -j12 all 
arm-none-eabi-gcc -gdwarf-2 "../stm32_f103c6_driver/GPIO_Driver_stm32f103c6.c" -mcpu=cortex-m3 -std=gnu11 -g3 -DSTM32 -DSTM32F1 -DSTM32F103C6Tx -DDEBUG -c -I../Inc -I"D:/Embedded System dip_KS/Unit_7_Projects/Drivers/Driver/stm32_f103c6_driver/inc" -O0 -ffunction-sections -fdata-sections -Wall -fstack-usage -MMD -MP -MF"stm32_f103c6_driver/GPIO_Driver_stm32f103c6.d" -MT"stm32_f103c6_driver/GPIO_Driver_stm32f103c6.o" --specs=nano.specs -mfloat-abi=soft -mthumb -o "stm32_f103c6_driver/GPIO_Driver_stm32f103c6.o"
../stm32_f103c6_driver/GPIO_Driver_stm32f103c6.c: In function 'MCAL_GPIO_Init':
../stm32_f103c6_driver/GPIO_Driver_stm32f103c6.c:24:37: warning: initialization makes integer from pointer without a cast [-Wint-conversion]
  volatile uint32_t ConfigRegister = NULL;
                                     ^~~~
../stm32_f103c6_driver/GPIO_Driver_stm32f103c6.c:25:17: warning: assignment makes integer from pointer without a cast [-Wint-conversion]
  ConfigRegister = (PinConfig );
                 ^
../stm32_f103c6_driver/GPIO_Driver_stm32f103c6.c:24:20: warning: variable 'ConfigRegister' set but not used [-Wunused-but-set-variable]
  volatile uint32_t ConfigRegister = NULL;
                    ^~~~~~~~~~~~~~
../stm32_f103c6_driver/GPIO_Driver_stm32f103c6.c: In function 'MCAL_GPIO_ReadPin':
../stm32_f103c6_driver/GPIO_Driver_stm32f103c6.c:53:1: warning: control reaches end of non-void function [-Wreturn-type]
 }
 ^
../stm32_f103c6_driver/GPIO_Driver_stm32f103c6.c: In function 'MCAL_GPIO_ReadPort':
../stm32_f103c6_driver/GPIO_Driver_stm32f103c6.c:66:1: warning: control reaches end of non-void function [-Wreturn-type]
 }
 ^
../stm32_f103c6_driver/GPIO_Driver_stm32f103c6.c: In function 'MCAL_GPIO_LockPin':
../stm32_f103c6_driver/GPIO_Driver_stm32f103c6.c:125:1: warning: control reaches end of non-void function [-Wreturn-type]
 }
 ^
arm-none-eabi-gcc -gdwarf-2 -o "Driver.elf" @"objects.list"   -mcpu=cortex-m3 -T"D:\Embedded System dip_KS\Unit_7_Projects\Drivers\Driver\STM32F103C6TX_FLASH.ld" --specs=nosys.specs -Wl,-Map="Driver.map" -Wl,--gc-sections -static --specs=nano.specs -mfloat-abi=soft -mthumb -Wl,--start-group -lc -lm -Wl,--end-group
Finished building target: Driver.elf
 
arm-none-eabi-objdump -h -S  Driver.elf  > "Driver.list"
arm-none-eabi-objcopy  -O binary  Driver.elf  "Driver.bin"
arm-none-eabi-size   Driver.elf 
   text	   data	    bss	    dec	    hex	filename
    556	      8	   1568	   2132	    854	Driver.elf
Finished building: default.size.stdout
 
Finished building: Driver.bin
Finished building: Driver.list
 
 
17:13:53 **** Incremental Build of configuration Debug for project Driver ****
make -j12 all 
arm-none-eabi-gcc -gdwarf-2 "../stm32_f103c6_driver/GPIO_Driver_stm32f103c6.c" -mcpu=cortex-m3 -std=gnu11 -g3 -DSTM32 -DSTM32F1 -DSTM32F103C6Tx -DDEBUG -c -I../Inc -I"D:/Embedded System dip_KS/Unit_7_Projects/Drivers/Driver/stm32_f103c6_driver/inc" -O0 -ffunction-sections -fdata-sections -Wall -fstack-usage -MMD -MP -MF"stm32_f103c6_driver/GPIO_Driver_stm32f103c6.d" -MT"stm32_f103c6_driver/GPIO_Driver_stm32f103c6.o" --specs=nano.specs -mfloat-abi=soft -mthumb -o "stm32_f103c6_driver/GPIO_Driver_stm32f103c6.o"
../stm32_f103c6_driver/GPIO_Driver_stm32f103c6.c: In function 'MCAL_GPIO_Init':
../stm32_f103c6_driver/GPIO_Driver_stm32f103c6.c:24:37: warning: initialization makes integer from pointer without a cast [-Wint-conversion]
  volatile uint32_t ConfigRegister = NULL;
                                     ^~~~
../stm32_f103c6_driver/GPIO_Driver_stm32f103c6.c:25:17: warning: assignment makes integer from pointer without a cast [-Wint-conversion]
  ConfigRegister = (PinConfig->GPIO_PinNumber < GPIO_PIN_8 ? &GPIOx->CRL : &GPIOx->CRH);
                 ^
../stm32_f103c6_driver/GPIO_Driver_stm32f103c6.c:24:20: warning: variable 'ConfigRegister' set but not used [-Wunused-but-set-variable]
  volatile uint32_t ConfigRegister = NULL;
                    ^~~~~~~~~~~~~~
../stm32_f103c6_driver/GPIO_Driver_stm32f103c6.c: In function 'MCAL_GPIO_ReadPin':
../stm32_f103c6_driver/GPIO_Driver_stm32f103c6.c:53:1: warning: control reaches end of non-void function [-Wreturn-type]
 }
 ^
../stm32_f103c6_driver/GPIO_Driver_stm32f103c6.c: In function 'MCAL_GPIO_ReadPort':
../stm32_f103c6_driver/GPIO_Driver_stm32f103c6.c:66:1: warning: control reaches end of non-void function [-Wreturn-type]
 }
 ^
../stm32_f103c6_driver/GPIO_Driver_stm32f103c6.c: In function 'MCAL_GPIO_LockPin':
../stm32_f103c6_driver/GPIO_Driver_stm32f103c6.c:125:1: warning: control reaches end of non-void function [-Wreturn-type]
 }
 ^
arm-none-eabi-gcc -gdwarf-2 -o "Driver.elf" @"objects.list"   -mcpu=cortex-m3 -T"D:\Embedded System dip_KS\Unit_7_Projects\Drivers\Driver\STM32F103C6TX_FLASH.ld" --specs=nosys.specs -Wl,-Map="Driver.map" -Wl,--gc-sections -static --specs=nano.specs -mfloat-abi=soft -mthumb -Wl,--start-group -lc -lm -Wl,--end-group
Finished building target: Driver.elf
 
arm-none-eabi-objdump -h -S  Driver.elf  > "Driver.list"
arm-none-eabi-objcopy  -O binary  Driver.elf  "Driver.bin"
arm-none-eabi-size   Driver.elf 
   text	   data	    bss	    dec	    hex	filename
    556	      8	   1568	   2132	    854	Driver.elf
Finished building: default.size.stdout
 
Finished building: Driver.bin
Finished building: Driver.list
 
 
17:14:09 **** Incremental Build of configuration Debug for project Driver ****
make -j12 all 
arm-none-eabi-gcc -gdwarf-2 "../stm32_f103c6_driver/GPIO_Driver_stm32f103c6.c" -mcpu=cortex-m3 -std=gnu11 -g3 -DSTM32 -DSTM32F1 -DSTM32F103C6Tx -DDEBUG -c -I../Inc -I"D:/Embedded System dip_KS/Unit_7_Projects/Drivers/Driver/stm32_f103c6_driver/inc" -O0 -ffunction-sections -fdata-sections -Wall -fstack-usage -MMD -MP -MF"stm32_f103c6_driver/GPIO_Driver_stm32f103c6.d" -MT"stm32_f103c6_driver/GPIO_Driver_stm32f103c6.o" --specs=nano.specs -mfloat-abi=soft -mthumb -o "stm32_f103c6_driver/GPIO_Driver_stm32f103c6.o"
../stm32_f103c6_driver/GPIO_Driver_stm32f103c6.c: In function 'MCAL_GPIO_Init':
../stm32_f103c6_driver/GPIO_Driver_stm32f103c6.c:24:21: warning: variable 'ConfigRegister' set but not used [-Wunused-but-set-variable]
  volatile uint32_t* ConfigRegister = NULL;
                     ^~~~~~~~~~~~~~
../stm32_f103c6_driver/GPIO_Driver_stm32f103c6.c: In function 'MCAL_GPIO_ReadPin':
../stm32_f103c6_driver/GPIO_Driver_stm32f103c6.c:53:1: warning: control reaches end of non-void function [-Wreturn-type]
 }
 ^
../stm32_f103c6_driver/GPIO_Driver_stm32f103c6.c: In function 'MCAL_GPIO_ReadPort':
../stm32_f103c6_driver/GPIO_Driver_stm32f103c6.c:66:1: warning: control reaches end of non-void function [-Wreturn-type]
 }
 ^
../stm32_f103c6_driver/GPIO_Driver_stm32f103c6.c: In function 'MCAL_GPIO_LockPin':
../stm32_f103c6_driver/GPIO_Driver_stm32f103c6.c:125:1: warning: control reaches end of non-void function [-Wreturn-type]
 }
 ^
arm-none-eabi-gcc -gdwarf-2 -o "Driver.elf" @"objects.list"   -mcpu=cortex-m3 -T"D:\Embedded System dip_KS\Unit_7_Projects\Drivers\Driver\STM32F103C6TX_FLASH.ld" --specs=nosys.specs -Wl,-Map="Driver.map" -Wl,--gc-sections -static --specs=nano.specs -mfloat-abi=soft -mthumb -Wl,--start-group -lc -lm -Wl,--end-group
Finished building target: Driver.elf
 
arm-none-eabi-objdump -h -S  Driver.elf  > "Driver.list"
arm-none-eabi-objcopy  -O binary  Driver.elf  "Driver.bin"
arm-none-eabi-size   Driver.elf 
   text	   data	    bss	    dec	    hex	filename
    556	      8	   1568	   2132	    854	Driver.elf
Finished building: default.size.stdout
 
Finished building: Driver.bin
Finished building: Driver.list
 
 
17:16:39 **** Incremental Build of configuration Debug for project Driver ****
make -j12 all 
arm-none-eabi-gcc -gdwarf-2 "../stm32_f103c6_driver/GPIO_Driver_stm32f103c6.c" -mcpu=cortex-m3 -std=gnu11 -g3 -DSTM32 -DSTM32F1 -DSTM32F103C6Tx -DDEBUG -c -I../Inc -I"D:/Embedded System dip_KS/Unit_7_Projects/Drivers/Driver/stm32_f103c6_driver/inc" -O0 -ffunction-sections -fdata-sections -Wall -fstack-usage -MMD -MP -MF"stm32_f103c6_driver/GPIO_Driver_stm32f103c6.d" -MT"stm32_f103c6_driver/GPIO_Driver_stm32f103c6.o" --specs=nano.specs -mfloat-abi=soft -mthumb -o "stm32_f103c6_driver/GPIO_Driver_stm32f103c6.o"
../stm32_f103c6_driver/GPIO_Driver_stm32f103c6.c:12:18: error: expected '=', ',', ';', 'asm' or '__attribute__' before 'Position'
 uint8_t GET_CRLH Position (uint16_t)
                  ^~~~~~~~
../stm32_f103c6_driver/GPIO_Driver_stm32f103c6.c: In function 'MCAL_GPIO_Init':
../stm32_f103c6_driver/GPIO_Driver_stm32f103c6.c:29:21: warning: variable 'ConfigRegister' set but not used [-Wunused-but-set-variable]
  volatile uint32_t* ConfigRegister = NULL;
                     ^~~~~~~~~~~~~~
../stm32_f103c6_driver/GPIO_Driver_stm32f103c6.c: In function 'MCAL_GPIO_ReadPin':
../stm32_f103c6_driver/GPIO_Driver_stm32f103c6.c:58:1: warning: control reaches end of non-void function [-Wreturn-type]
 }
 ^
../stm32_f103c6_driver/GPIO_Driver_stm32f103c6.c: In function 'MCAL_GPIO_ReadPort':
../stm32_f103c6_driver/GPIO_Driver_stm32f103c6.c:71:1: warning: control reaches end of non-void function [-Wreturn-type]
 }
 ^
../stm32_f103c6_driver/GPIO_Driver_stm32f103c6.c: In function 'MCAL_GPIO_LockPin':
../stm32_f103c6_driver/GPIO_Driver_stm32f103c6.c:130:1: warning: control reaches end of non-void function [-Wreturn-type]
 }
 ^
make: *** [stm32_f103c6_driver/subdir.mk:18: stm32_f103c6_driver/GPIO_Driver_stm32f103c6.o] Error 1
"make -j12 all" terminated with exit code 2. Build might be incomplete.
17:17:44 **** Incremental Build of configuration Debug for project Driver ****
make -j12 all 
arm-none-eabi-gcc -gdwarf-2 "../stm32_f103c6_driver/GPIO_Driver_stm32f103c6.c" -mcpu=cortex-m3 -std=gnu11 -g3 -DSTM32 -DSTM32F1 -DSTM32F103C6Tx -DDEBUG -c -I../Inc -I"D:/Embedded System dip_KS/Unit_7_Projects/Drivers/Driver/stm32_f103c6_driver/inc" -O0 -ffunction-sections -fdata-sections -Wall -fstack-usage -MMD -MP -MF"stm32_f103c6_driver/GPIO_Driver_stm32f103c6.d" -MT"stm32_f103c6_driver/GPIO_Driver_stm32f103c6.o" --specs=nano.specs -mfloat-abi=soft -mthumb -o "stm32_f103c6_driver/GPIO_Driver_stm32f103c6.o"
../stm32_f103c6_driver/GPIO_Driver_stm32f103c6.c: In function 'GETCRLHPosition':
../stm32_f103c6_driver/GPIO_Driver_stm32f103c6.c:12:1: error: parameter name omitted
 uint8_t GETCRLHPosition (uint16_t)
 ^~~~~~~
../stm32_f103c6_driver/GPIO_Driver_stm32f103c6.c: In function 'MCAL_GPIO_Init':
../stm32_f103c6_driver/GPIO_Driver_stm32f103c6.c:29:21: warning: variable 'ConfigRegister' set but not used [-Wunused-but-set-variable]
  volatile uint32_t* ConfigRegister = NULL;
                     ^~~~~~~~~~~~~~
../stm32_f103c6_driver/GPIO_Driver_stm32f103c6.c: In function 'GETCRLHPosition':
../stm32_f103c6_driver/GPIO_Driver_stm32f103c6.c:15:1: warning: control reaches end of non-void function [-Wreturn-type]
 }
 ^
../stm32_f103c6_driver/GPIO_Driver_stm32f103c6.c: In function 'MCAL_GPIO_ReadPin':
../stm32_f103c6_driver/GPIO_Driver_stm32f103c6.c:58:1: warning: control reaches end of non-void function [-Wreturn-type]
 }
 ^
../stm32_f103c6_driver/GPIO_Driver_stm32f103c6.c: In function 'MCAL_GPIO_ReadPort':
../stm32_f103c6_driver/GPIO_Driver_stm32f103c6.c:71:1: warning: control reaches end of non-void function [-Wreturn-type]
 }
 ^
../stm32_f103c6_driver/GPIO_Driver_stm32f103c6.c: In function 'MCAL_GPIO_LockPin':
../stm32_f103c6_driver/GPIO_Driver_stm32f103c6.c:130:1: warning: control reaches end of non-void function [-Wreturn-type]
 }
 ^
make: *** [stm32_f103c6_driver/subdir.mk:18: stm32_f103c6_driver/GPIO_Driver_stm32f103c6.o] Error 1
"make -j12 all" terminated with exit code 2. Build might be incomplete.
17:18:45 **** Incremental Build of configuration Debug for project Driver ****
make -j12 all 
arm-none-eabi-gcc -gdwarf-2 "../stm32_f103c6_driver/GPIO_Driver_stm32f103c6.c" -mcpu=cortex-m3 -std=gnu11 -g3 -DSTM32 -DSTM32F1 -DSTM32F103C6Tx -DDEBUG -c -I../Inc -I"D:/Embedded System dip_KS/Unit_7_Projects/Drivers/Driver/stm32_f103c6_driver/inc" -O0 -ffunction-sections -fdata-sections -Wall -fstack-usage -MMD -MP -MF"stm32_f103c6_driver/GPIO_Driver_stm32f103c6.d" -MT"stm32_f103c6_driver/GPIO_Driver_stm32f103c6.o" --specs=nano.specs -mfloat-abi=soft -mthumb -o "stm32_f103c6_driver/GPIO_Driver_stm32f103c6.o"
../stm32_f103c6_driver/GPIO_Driver_stm32f103c6.c: In function 'MCAL_GPIO_Init':
../stm32_f103c6_driver/GPIO_Driver_stm32f103c6.c:29:21: warning: variable 'ConfigRegister' set but not used [-Wunused-but-set-variable]
  volatile uint32_t* ConfigRegister = NULL;
                     ^~~~~~~~~~~~~~
../stm32_f103c6_driver/GPIO_Driver_stm32f103c6.c: In function 'GET_CRLH_Position':
../stm32_f103c6_driver/GPIO_Driver_stm32f103c6.c:15:1: warning: control reaches end of non-void function [-Wreturn-type]
 }
 ^
../stm32_f103c6_driver/GPIO_Driver_stm32f103c6.c: In function 'MCAL_GPIO_ReadPin':
../stm32_f103c6_driver/GPIO_Driver_stm32f103c6.c:58:1: warning: control reaches end of non-void function [-Wreturn-type]
 }
 ^
../stm32_f103c6_driver/GPIO_Driver_stm32f103c6.c: In function 'MCAL_GPIO_ReadPort':
../stm32_f103c6_driver/GPIO_Driver_stm32f103c6.c:71:1: warning: control reaches end of non-void function [-Wreturn-type]
 }
 ^
../stm32_f103c6_driver/GPIO_Driver_stm32f103c6.c: In function 'MCAL_GPIO_LockPin':
../stm32_f103c6_driver/GPIO_Driver_stm32f103c6.c:130:1: warning: control reaches end of non-void function [-Wreturn-type]
 }
 ^
arm-none-eabi-gcc -gdwarf-2 -o "Driver.elf" @"objects.list"   -mcpu=cortex-m3 -T"D:\Embedded System dip_KS\Unit_7_Projects\Drivers\Driver\STM32F103C6TX_FLASH.ld" --specs=nosys.specs -Wl,-Map="Driver.map" -Wl,--gc-sections -static --specs=nano.specs -mfloat-abi=soft -mthumb -Wl,--start-group -lc -lm -Wl,--end-group
Finished building target: Driver.elf
 
arm-none-eabi-objdump -h -S  Driver.elf  > "Driver.list"
arm-none-eabi-objcopy  -O binary  Driver.elf  "Driver.bin"
arm-none-eabi-size   Driver.elf 
   text	   data	    bss	    dec	    hex	filename
    556	      8	   1568	   2132	    854	Driver.elf
Finished building: default.size.stdout
 
Finished building: Driver.bin
Finished building: Driver.list
 
 
17:22:08 **** Incremental Build of configuration Debug for project Driver ****
make -j12 all 
arm-none-eabi-gcc -gdwarf-2 "../stm32_f103c6_driver/GPIO_Driver_stm32f103c6.c" -mcpu=cortex-m3 -std=gnu11 -g3 -DSTM32 -DSTM32F1 -DSTM32F103C6Tx -DDEBUG -c -I../Inc -I"D:/Embedded System dip_KS/Unit_7_Projects/Drivers/Driver/stm32_f103c6_driver/inc" -O0 -ffunction-sections -fdata-sections -Wall -fstack-usage -MMD -MP -MF"stm32_f103c6_driver/GPIO_Driver_stm32f103c6.d" -MT"stm32_f103c6_driver/GPIO_Driver_stm32f103c6.o" --specs=nano.specs -mfloat-abi=soft -mthumb -o "stm32_f103c6_driver/GPIO_Driver_stm32f103c6.o"
../stm32_f103c6_driver/GPIO_Driver_stm32f103c6.c: In function 'MCAL_GPIO_Init':
../stm32_f103c6_driver/GPIO_Driver_stm32f103c6.c:56:21: warning: variable 'ConfigRegister' set but not used [-Wunused-but-set-variable]
  volatile uint32_t* ConfigRegister = NULL;
                     ^~~~~~~~~~~~~~
../stm32_f103c6_driver/GPIO_Driver_stm32f103c6.c: In function 'GET_CRLH_Position':
../stm32_f103c6_driver/GPIO_Driver_stm32f103c6.c:42:1: warning: control reaches end of non-void function [-Wreturn-type]
 }
 ^
../stm32_f103c6_driver/GPIO_Driver_stm32f103c6.c: In function 'MCAL_GPIO_ReadPin':
../stm32_f103c6_driver/GPIO_Driver_stm32f103c6.c:85:1: warning: control reaches end of non-void function [-Wreturn-type]
 }
 ^
../stm32_f103c6_driver/GPIO_Driver_stm32f103c6.c: In function 'MCAL_GPIO_ReadPort':
../stm32_f103c6_driver/GPIO_Driver_stm32f103c6.c:98:1: warning: control reaches end of non-void function [-Wreturn-type]
 }
 ^
../stm32_f103c6_driver/GPIO_Driver_stm32f103c6.c: In function 'MCAL_GPIO_LockPin':
../stm32_f103c6_driver/GPIO_Driver_stm32f103c6.c:157:1: warning: control reaches end of non-void function [-Wreturn-type]
 }
 ^
arm-none-eabi-gcc -gdwarf-2 -o "Driver.elf" @"objects.list"   -mcpu=cortex-m3 -T"D:\Embedded System dip_KS\Unit_7_Projects\Drivers\Driver\STM32F103C6TX_FLASH.ld" --specs=nosys.specs -Wl,-Map="Driver.map" -Wl,--gc-sections -static --specs=nano.specs -mfloat-abi=soft -mthumb -Wl,--start-group -lc -lm -Wl,--end-group
Finished building target: Driver.elf
 
arm-none-eabi-objdump -h -S  Driver.elf  > "Driver.list"
arm-none-eabi-objcopy  -O binary  Driver.elf  "Driver.bin"
arm-none-eabi-size   Driver.elf 
   text	   data	    bss	    dec	    hex	filename
    556	      8	   1568	   2132	    854	Driver.elf
Finished building: default.size.stdout
 
Finished building: Driver.bin
Finished building: Driver.list
 
 
17:23:14 **** Incremental Build of configuration Debug for project Driver ****
make -j12 all 
arm-none-eabi-gcc -gdwarf-2 "../stm32_f103c6_driver/GPIO_Driver_stm32f103c6.c" -mcpu=cortex-m3 -std=gnu11 -g3 -DSTM32 -DSTM32F1 -DSTM32F103C6Tx -DDEBUG -c -I../Inc -I"D:/Embedded System dip_KS/Unit_7_Projects/Drivers/Driver/stm32_f103c6_driver/inc" -O0 -ffunction-sections -fdata-sections -Wall -fstack-usage -MMD -MP -MF"stm32_f103c6_driver/GPIO_Driver_stm32f103c6.d" -MT"stm32_f103c6_driver/GPIO_Driver_stm32f103c6.o" --specs=nano.specs -mfloat-abi=soft -mthumb -o "stm32_f103c6_driver/GPIO_Driver_stm32f103c6.o"
../stm32_f103c6_driver/GPIO_Driver_stm32f103c6.c: In function 'MCAL_GPIO_Init':
../stm32_f103c6_driver/GPIO_Driver_stm32f103c6.c:80:21: warning: variable 'ConfigRegister' set but not used [-Wunused-but-set-variable]
  volatile uint32_t* ConfigRegister = NULL;
                     ^~~~~~~~~~~~~~
../stm32_f103c6_driver/GPIO_Driver_stm32f103c6.c: In function 'MCAL_GPIO_ReadPin':
../stm32_f103c6_driver/GPIO_Driver_stm32f103c6.c:109:1: warning: control reaches end of non-void function [-Wreturn-type]
 }
 ^
../stm32_f103c6_driver/GPIO_Driver_stm32f103c6.c: In function 'MCAL_GPIO_ReadPort':
../stm32_f103c6_driver/GPIO_Driver_stm32f103c6.c:122:1: warning: control reaches end of non-void function [-Wreturn-type]
 }
 ^
../stm32_f103c6_driver/GPIO_Driver_stm32f103c6.c: In function 'MCAL_GPIO_LockPin':
../stm32_f103c6_driver/GPIO_Driver_stm32f103c6.c:181:1: warning: control reaches end of non-void function [-Wreturn-type]
 }
 ^
arm-none-eabi-gcc -gdwarf-2 -o "Driver.elf" @"objects.list"   -mcpu=cortex-m3 -T"D:\Embedded System dip_KS\Unit_7_Projects\Drivers\Driver\STM32F103C6TX_FLASH.ld" --specs=nosys.specs -Wl,-Map="Driver.map" -Wl,--gc-sections -static --specs=nano.specs -mfloat-abi=soft -mthumb -Wl,--start-group -lc -lm -Wl,--end-group
Finished building target: Driver.elf
 
arm-none-eabi-objdump -h -S  Driver.elf  > "Driver.list"
arm-none-eabi-objcopy  -O binary  Driver.elf  "Driver.bin"
arm-none-eabi-size   Driver.elf 
   text	   data	    bss	    dec	    hex	filename
    556	      8	   1568	   2132	    854	Driver.elf
Finished building: default.size.stdout
 
Finished building: Driver.bin
Finished building: Driver.list
 
 
17:24:17 **** Incremental Build of configuration Debug for project Driver ****
make -j12 all 
arm-none-eabi-gcc -gdwarf-2 "../stm32_f103c6_driver/GPIO_Driver_stm32f103c6.c" -mcpu=cortex-m3 -std=gnu11 -g3 -DSTM32 -DSTM32F1 -DSTM32F103C6Tx -DDEBUG -c -I../Inc -I"D:/Embedded System dip_KS/Unit_7_Projects/Drivers/Driver/stm32_f103c6_driver/inc" -O0 -ffunction-sections -fdata-sections -Wall -fstack-usage -MMD -MP -MF"stm32_f103c6_driver/GPIO_Driver_stm32f103c6.d" -MT"stm32_f103c6_driver/GPIO_Driver_stm32f103c6.o" --specs=nano.specs -mfloat-abi=soft -mthumb -o "stm32_f103c6_driver/GPIO_Driver_stm32f103c6.o"
../stm32_f103c6_driver/GPIO_Driver_stm32f103c6.c: In function 'MCAL_GPIO_Init':
../stm32_f103c6_driver/GPIO_Driver_stm32f103c6.c:80:21: warning: variable 'ConfigRegister' set but not used [-Wunused-but-set-variable]
  volatile uint32_t* ConfigRegister = NULL;
                     ^~~~~~~~~~~~~~
../stm32_f103c6_driver/GPIO_Driver_stm32f103c6.c: In function 'MCAL_GPIO_ReadPin':
../stm32_f103c6_driver/GPIO_Driver_stm32f103c6.c:109:1: warning: control reaches end of non-void function [-Wreturn-type]
 }
 ^
../stm32_f103c6_driver/GPIO_Driver_stm32f103c6.c: In function 'MCAL_GPIO_ReadPort':
../stm32_f103c6_driver/GPIO_Driver_stm32f103c6.c:122:1: warning: control reaches end of non-void function [-Wreturn-type]
 }
 ^
../stm32_f103c6_driver/GPIO_Driver_stm32f103c6.c: In function 'MCAL_GPIO_LockPin':
../stm32_f103c6_driver/GPIO_Driver_stm32f103c6.c:181:1: warning: control reaches end of non-void function [-Wreturn-type]
 }
 ^
arm-none-eabi-gcc -gdwarf-2 -o "Driver.elf" @"objects.list"   -mcpu=cortex-m3 -T"D:\Embedded System dip_KS\Unit_7_Projects\Drivers\Driver\STM32F103C6TX_FLASH.ld" --specs=nosys.specs -Wl,-Map="Driver.map" -Wl,--gc-sections -static --specs=nano.specs -mfloat-abi=soft -mthumb -Wl,--start-group -lc -lm -Wl,--end-group
Finished building target: Driver.elf
 
arm-none-eabi-objdump -h -S  Driver.elf  > "Driver.list"
arm-none-eabi-objcopy  -O binary  Driver.elf  "Driver.bin"
arm-none-eabi-size   Driver.elf 
   text	   data	    bss	    dec	    hex	filename
    556	      8	   1568	   2132	    854	Driver.elf
Finished building: default.size.stdout
 
Finished building: Driver.bin
Finished building: Driver.list
 
 
17:38:38 **** Incremental Build of configuration Debug for project Driver ****
make -j12 all 
arm-none-eabi-gcc -gdwarf-2 "../stm32_f103c6_driver/GPIO_Driver_stm32f103c6.c" -mcpu=cortex-m3 -std=gnu11 -g3 -DSTM32 -DSTM32F1 -DSTM32F103C6Tx -DDEBUG -c -I../Inc -I"D:/Embedded System dip_KS/Unit_7_Projects/Drivers/Driver/stm32_f103c6_driver/inc" -O0 -ffunction-sections -fdata-sections -Wall -fstack-usage -MMD -MP -MF"stm32_f103c6_driver/GPIO_Driver_stm32f103c6.d" -MT"stm32_f103c6_driver/GPIO_Driver_stm32f103c6.o" --specs=nano.specs -mfloat-abi=soft -mthumb -o "stm32_f103c6_driver/GPIO_Driver_stm32f103c6.o"
../stm32_f103c6_driver/GPIO_Driver_stm32f103c6.c: In function 'MCAL_GPIO_Init':
../stm32_f103c6_driver/GPIO_Driver_stm32f103c6.c:93:1: error: expected expression before '}' token
 }
 ^
../stm32_f103c6_driver/GPIO_Driver_stm32f103c6.c: In function 'MCAL_GPIO_ReadPin':
../stm32_f103c6_driver/GPIO_Driver_stm32f103c6.c:120:1: warning: control reaches end of non-void function [-Wreturn-type]
 }
 ^
../stm32_f103c6_driver/GPIO_Driver_stm32f103c6.c: In function 'MCAL_GPIO_ReadPort':
../stm32_f103c6_driver/GPIO_Driver_stm32f103c6.c:133:1: warning: control reaches end of non-void function [-Wreturn-type]
 }
 ^
../stm32_f103c6_driver/GPIO_Driver_stm32f103c6.c: In function 'MCAL_GPIO_LockPin':
../stm32_f103c6_driver/GPIO_Driver_stm32f103c6.c:192:1: warning: control reaches end of non-void function [-Wreturn-type]
 }
 ^
make: *** [stm32_f103c6_driver/subdir.mk:18: stm32_f103c6_driver/GPIO_Driver_stm32f103c6.o] Error 1
"make -j12 all" terminated with exit code 2. Build might be incomplete.
17:40:45 **** Incremental Build of configuration Debug for project Driver ****
make -j12 all 
arm-none-eabi-gcc -gdwarf-2 "../stm32_f103c6_driver/GPIO_Driver_stm32f103c6.c" -mcpu=cortex-m3 -std=gnu11 -g3 -DSTM32 -DSTM32F1 -DSTM32F103C6Tx -DDEBUG -c -I../Inc -I"D:/Embedded System dip_KS/Unit_7_Projects/Drivers/Driver/stm32_f103c6_driver/inc" -O0 -ffunction-sections -fdata-sections -Wall -fstack-usage -MMD -MP -MF"stm32_f103c6_driver/GPIO_Driver_stm32f103c6.d" -MT"stm32_f103c6_driver/GPIO_Driver_stm32f103c6.o" --specs=nano.specs -mfloat-abi=soft -mthumb -o "stm32_f103c6_driver/GPIO_Driver_stm32f103c6.o"
../stm32_f103c6_driver/GPIO_Driver_stm32f103c6.c: In function 'MCAL_GPIO_ReadPin':
../stm32_f103c6_driver/GPIO_Driver_stm32f103c6.c:121:1: warning: no return statement in function returning non-void [-Wreturn-type]
 }
 ^
../stm32_f103c6_driver/GPIO_Driver_stm32f103c6.c: In function 'MCAL_GPIO_ReadPort':
../stm32_f103c6_driver/GPIO_Driver_stm32f103c6.c:134:1: warning: no return statement in function returning non-void [-Wreturn-type]
 }
 ^
../stm32_f103c6_driver/GPIO_Driver_stm32f103c6.c: In function 'MCAL_GPIO_LockPin':
../stm32_f103c6_driver/GPIO_Driver_stm32f103c6.c:193:1: warning: no return statement in function returning non-void [-Wreturn-type]
 }
 ^
../stm32_f103c6_driver/GPIO_Driver_stm32f103c6.c: In function 'MCAL_GPIO_Init':
../stm32_f103c6_driver/GPIO_Driver_stm32f103c6.c:193:1: error: expected declaration or statement at end of input
At top level:
../stm32_f103c6_driver/GPIO_Driver_stm32f103c6.c:190:9: warning: 'MCAL_GPIO_LockPin' defined but not used [-Wunused-function]
 uint8_t MCAL_GPIO_LockPin (GPIO_REG_typedef * GPIOx , uint16_t PinNumber)
         ^~~~~~~~~~~~~~~~~
../stm32_f103c6_driver/GPIO_Driver_stm32f103c6.c:175:6: warning: 'MCAL_GPIO_TogglePin' defined but not used [-Wunused-function]
 void MCAL_GPIO_TogglePin (GPIO_REG_typedef * GPIOx , uint16_t PinNumber)
      ^~~~~~~~~~~~~~~~~~~
../stm32_f103c6_driver/GPIO_Driver_stm32f103c6.c:161:6: warning: 'MCAL_GPIO_WritePort' defined but not used [-Wunused-function]
 void MCAL_GPIO_WritePort (GPIO_REG_typedef * GPIOx , uint16_t Value)
      ^~~~~~~~~~~~~~~~~~~
../stm32_f103c6_driver/GPIO_Driver_stm32f103c6.c:147:6: warning: 'MCAL_GPIO_WritePin' defined but not used [-Wunused-function]
 void MCAL_GPIO_WritePin (GPIO_REG_typedef * GPIOx , uint16_t PinNumber , uint8_t Value)
      ^~~~~~~~~~~~~~~~~~
../stm32_f103c6_driver/GPIO_Driver_stm32f103c6.c:131:10: warning: 'MCAL_GPIO_ReadPort' defined but not used [-Wunused-function]
 uint16_t MCAL_GPIO_ReadPort (GPIO_REG_typedef * GPIOx)
          ^~~~~~~~~~~~~~~~~~
../stm32_f103c6_driver/GPIO_Driver_stm32f103c6.c:118:9: warning: 'MCAL_GPIO_ReadPin' defined but not used [-Wunused-function]
 uint8_t MCAL_GPIO_ReadPin (GPIO_REG_typedef * GPIOx , uint16_t PinNumber)
         ^~~~~~~~~~~~~~~~~
../stm32_f103c6_driver/GPIO_Driver_stm32f103c6.c:104:6: warning: 'MCAL_GPIO_DeInit' defined but not used [-Wunused-function]
 void MCAL_GPIO_DeInit (GPIO_REG_typedef * GPIOx)
      ^~~~~~~~~~~~~~~~
make: *** [stm32_f103c6_driver/subdir.mk:18: stm32_f103c6_driver/GPIO_Driver_stm32f103c6.o] Error 1
"make -j12 all" terminated with exit code 2. Build might be incomplete.
17:41:42 **** Incremental Build of configuration Debug for project Driver ****
make -j12 all 
arm-none-eabi-gcc -gdwarf-2 "../stm32_f103c6_driver/GPIO_Driver_stm32f103c6.c" -mcpu=cortex-m3 -std=gnu11 -g3 -DSTM32 -DSTM32F1 -DSTM32F103C6Tx -DDEBUG -c -I../Inc -I"D:/Embedded System dip_KS/Unit_7_Projects/Drivers/Driver/stm32_f103c6_driver/inc" -O0 -ffunction-sections -fdata-sections -Wall -fstack-usage -MMD -MP -MF"stm32_f103c6_driver/GPIO_Driver_stm32f103c6.d" -MT"stm32_f103c6_driver/GPIO_Driver_stm32f103c6.o" --specs=nano.specs -mfloat-abi=soft -mthumb -o "stm32_f103c6_driver/GPIO_Driver_stm32f103c6.o"
../stm32_f103c6_driver/GPIO_Driver_stm32f103c6.c: In function 'MCAL_GPIO_ReadPin':
../stm32_f103c6_driver/GPIO_Driver_stm32f103c6.c:121:1: warning: no return statement in function returning non-void [-Wreturn-type]
 }
 ^
../stm32_f103c6_driver/GPIO_Driver_stm32f103c6.c: In function 'MCAL_GPIO_ReadPort':
../stm32_f103c6_driver/GPIO_Driver_stm32f103c6.c:134:1: warning: no return statement in function returning non-void [-Wreturn-type]
 }
 ^
../stm32_f103c6_driver/GPIO_Driver_stm32f103c6.c: In function 'MCAL_GPIO_Init':
../stm32_f103c6_driver/GPIO_Driver_stm32f103c6.c:193:1: error: expected declaration or statement at end of input
 }
 ^
At top level:
../stm32_f103c6_driver/GPIO_Driver_stm32f103c6.c:190:9: warning: 'MCAL_GPIO_LockPin' defined but not used [-Wunused-function]
 uint8_t MCAL_GPIO_LockPin (GPIO_REG_typedef * GPIOx , uint16_t PinNumber)
         ^~~~~~~~~~~~~~~~~
../stm32_f103c6_driver/GPIO_Driver_stm32f103c6.c:175:6: warning: 'MCAL_GPIO_TogglePin' defined but not used [-Wunused-function]
 void MCAL_GPIO_TogglePin (GPIO_REG_typedef * GPIOx , uint16_t PinNumber)
      ^~~~~~~~~~~~~~~~~~~
../stm32_f103c6_driver/GPIO_Driver_stm32f103c6.c:161:6: warning: 'MCAL_GPIO_WritePort' defined but not used [-Wunused-function]
 void MCAL_GPIO_WritePort (GPIO_REG_typedef * GPIOx , uint16_t Value)
      ^~~~~~~~~~~~~~~~~~~
../stm32_f103c6_driver/GPIO_Driver_stm32f103c6.c:147:6: warning: 'MCAL_GPIO_WritePin' defined but not used [-Wunused-function]
 void MCAL_GPIO_WritePin (GPIO_REG_typedef * GPIOx , uint16_t PinNumber , uint8_t Value)
      ^~~~~~~~~~~~~~~~~~
../stm32_f103c6_driver/GPIO_Driver_stm32f103c6.c:131:10: warning: 'MCAL_GPIO_ReadPort' defined but not used [-Wunused-function]
 uint16_t MCAL_GPIO_ReadPort (GPIO_REG_typedef * GPIOx)
          ^~~~~~~~~~~~~~~~~~
../stm32_f103c6_driver/GPIO_Driver_stm32f103c6.c:118:9: warning: 'MCAL_GPIO_ReadPin' defined but not used [-Wunused-function]
 uint8_t MCAL_GPIO_ReadPin (GPIO_REG_typedef * GPIOx , uint16_t PinNumber)
         ^~~~~~~~~~~~~~~~~
[...]
../Src/main.c: In function 'GPIO_init':
../Src/main.c:101:15: warning: unused variable 'ch' [-Wunused-variable]
 unsigned char ch;
               ^~
../Src/main.c: In function 'IRQ_callback':
../Src/main.c:117:34: error: 'ch' undeclared (first use in this function); did you mean 'char'?
  MCAL_USART_ReceiveData(USART1, &ch, disable);
                                  ^~
                                  char
../Src/main.c:117:34: note: each undeclared identifier is reported only once for each function it appears in
../Src/main.c: In function 'main':
../Src/main.c:207:35: error: 'ch' undeclared (first use in this function); did you mean 'char'?
   MCAL_USART_ReceiveData(USART1, &ch, enable);
                                   ^~
                                   char
make: *** [Src/subdir.mk:24: Src/main.o] Error 1
"make -j12 all" terminated with exit code 2. Build might be incomplete.
17:39:59 **** Incremental Build of configuration Debug for project Driver ****
make -j12 all 
arm-none-eabi-gcc -gdwarf-2 "../Src/main.c" -mcpu=cortex-m3 -std=gnu11 -g3 -DSTM32 -DSTM32F1 -DSTM32F103C6Tx -DDEBUG -c -I../Inc -I"D:/Embedded System dip_KS/Unit_7_Projects/Drivers/Driver/stm32_f103c6_driver/KeyPad_Driver" -I"D:/Embedded System dip_KS/Unit_7_Projects/Drivers/Driver/stm32_f103c6_driver/LCD_Driver" -I"D:/Embedded System dip_KS/Unit_7_Projects/Drivers/Driver/stm32_f103c6_driver/inc" -O0 -ffunction-sections -fdata-sections -Wall -fstack-usage -MMD -MP -MF"Src/main.d" -MT"Src/main.o" --specs=nano.specs -mfloat-abi=soft -mthumb -o "Src/main.o"
../Src/main.c: In function 'IRQ_callback':
../Src/main.c:118:33: warning: passing argument 2 of 'MCAL_USART_ReceiveData' from incompatible pointer type [-Wincompatible-pointer-types]
  MCAL_USART_ReceiveData(USART1, &ch, disable);
                                 ^
In file included from ../Src/main.c:16:0:
D:/Embedded System dip_KS/Unit_7_Projects/Drivers/Driver/stm32_f103c6_driver/inc/USART_Driver_stm32f103c6.h:134:6: note: expected 'uint16_t * {aka short unsigned int *}' but argument is of type 'unsigned char *'
 void MCAL_USART_ReceiveData(USART_REG_typedef* USARTx , uint16_t* PRxBuffer , enum Polling_mechansim pollingEn);
      ^~~~~~~~~~~~~~~~~~~~~~
../Src/main.c:119:30: warning: passing argument 2 of 'MCAL_USART_SendData' from incompatible pointer type [-Wincompatible-pointer-types]
  MCAL_USART_SendData(USART1, &ch, enable);
                              ^
In file included from ../Src/main.c:16:0:
D:/Embedded System dip_KS/Unit_7_Projects/Drivers/Driver/stm32_f103c6_driver/inc/USART_Driver_stm32f103c6.h:132:6: note: expected 'uint16_t * {aka short unsigned int *}' but argument is of type 'unsigned char *'
 void MCAL_USART_SendData(USART_REG_typedef* USARTx , uint16_t* PTxBuffer , enum Polling_mechansim pollingEn);
      ^~~~~~~~~~~~~~~~~~~
../Src/main.c: In function 'main':
../Src/main.c:208:34: warning: passing argument 2 of 'MCAL_USART_ReceiveData' from incompatible pointer type [-Wincompatible-pointer-types]
   MCAL_USART_ReceiveData(USART1, &ch, enable);
                                  ^
In file included from ../Src/main.c:16:0:
D:/Embedded System dip_KS/Unit_7_Projects/Drivers/Driver/stm32_f103c6_driver/inc/USART_Driver_stm32f103c6.h:134:6: note: expected 'uint16_t * {aka short unsigned int *}' but argument is of type 'unsigned char *'
 void MCAL_USART_ReceiveData(USART_REG_typedef* USARTx , uint16_t* PRxBuffer , enum Polling_mechansim pollingEn);
      ^~~~~~~~~~~~~~~~~~~~~~
../Src/main.c:209:31: warning: passing argument 2 of 'MCAL_USART_SendData' from incompatible pointer type [-Wincompatible-pointer-types]
   MCAL_USART_SendData(USART1, &ch, enable);
                               ^
In file included from ../Src/main.c:16:0:
D:/Embedded System dip_KS/Unit_7_Projects/Drivers/Driver/stm32_f103c6_driver/inc/USART_Driver_stm32f103c6.h:132:6: note: expected 'uint16_t * {aka short unsigned int *}' but argument is of type 'unsigned char *'
 void MCAL_USART_SendData(USART_REG_typedef* USARTx , uint16_t* PTxBuffer , enum Polling_mechansim pollingEn);
      ^~~~~~~~~~~~~~~~~~~
arm-none-eabi-gcc -gdwarf-2 -o "Driver.elf" @"objects.list"   -mcpu=cortex-m3 -T"D:\Embedded System dip_KS\Unit_7_Projects\Drivers\Driver\STM32F103C6TX_FLASH.ld" --specs=nosys.specs -Wl,-Map="Driver.map" -Wl,--gc-sections -static --specs=nano.specs -mfloat-abi=soft -mthumb -Wl,--start-group -lc -lm -Wl,--end-group
Finished building target: Driver.elf
 
arm-none-eabi-objdump -h -S  Driver.elf  > "Driver.list"
arm-none-eabi-objcopy  -O binary  Driver.elf  "Driver.bin"
arm-none-eabi-size   Driver.elf 
   text	   data	    bss	    dec	    hex	filename
   2756	      8	   1640	   4404	   1134	Driver.elf
Finished building: default.size.stdout
 
Finished building: Driver.bin
Finished building: Driver.list
 
 
17:40:08 **** Incremental Build of configuration Debug for project Driver ****
make -j12 all 
arm-none-eabi-size   Driver.elf 
   text	   data	    bss	    dec	    hex	filename
   2756	      8	   1640	   4404	   1134	Driver.elf
Finished building: default.size.stdout
 
17:41:41 **** Incremental Build of configuration Debug for project Driver ****
make -j12 all 
arm-none-eabi-size   Driver.elf 
   text	   data	    bss	    dec	    hex	filename
   2756	      8	   1640	   4404	   1134	Driver.elf
Finished building: default.size.stdout
 
17:42:01 **** Incremental Build of configuration Debug for project Driver ****
make -j12 all 
arm-none-eabi-gcc -gdwarf-2 "../Src/main.c" -mcpu=cortex-m3 -std=gnu11 -g3 -DSTM32 -DSTM32F1 -DSTM32F103C6Tx -DDEBUG -c -I../Inc -I"D:/Embedded System dip_KS/Unit_7_Projects/Drivers/Driver/stm32_f103c6_driver/KeyPad_Driver" -I"D:/Embedded System dip_KS/Unit_7_Projects/Drivers/Driver/stm32_f103c6_driver/LCD_Driver" -I"D:/Embedded System dip_KS/Unit_7_Projects/Drivers/Driver/stm32_f103c6_driver/inc" -O0 -ffunction-sections -fdata-sections -Wall -fstack-usage -MMD -MP -MF"Src/main.d" -MT"Src/main.o" --specs=nano.specs -mfloat-abi=soft -mthumb -o "Src/main.o"
../Src/main.c: In function 'IRQ_callback':
../Src/main.c:118:33: warning: passing argument 2 of 'MCAL_USART_ReceiveData' from incompatible pointer type [-Wincompatible-pointer-types]
  MCAL_USART_ReceiveData(USART1, &ch, disable);
                                 ^
In file included from ../Src/main.c:16:0:
D:/Embedded System dip_KS/Unit_7_Projects/Drivers/Driver/stm32_f103c6_driver/inc/USART_Driver_stm32f103c6.h:134:6: note: expected 'uint16_t * {aka short unsigned int *}' but argument is of type 'unsigned char *'
 void MCAL_USART_ReceiveData(USART_REG_typedef* USARTx , uint16_t* PRxBuffer , enum Polling_mechansim pollingEn);
      ^~~~~~~~~~~~~~~~~~~~~~
../Src/main.c:119:30: warning: passing argument 2 of 'MCAL_USART_SendData' from incompatible pointer type [-Wincompatible-pointer-types]
  MCAL_USART_SendData(USART1, &ch, enable);
                              ^
In file included from ../Src/main.c:16:0:
D:/Embedded System dip_KS/Unit_7_Projects/Drivers/Driver/stm32_f103c6_driver/inc/USART_Driver_stm32f103c6.h:132:6: note: expected 'uint16_t * {aka short unsigned int *}' but argument is of type 'unsigned char *'
 void MCAL_USART_SendData(USART_REG_typedef* USARTx , uint16_t* PTxBuffer , enum Polling_mechansim pollingEn);
      ^~~~~~~~~~~~~~~~~~~
../Src/main.c: In function 'main':
../Src/main.c:149:23: error: void value not ignored as it ought to be
  U_CFG.P_IRQ_Callback = IRQ_callback();
                       ^
../Src/main.c:208:34: warning: passing argument 2 of 'MCAL_USART_ReceiveData' from incompatible pointer type [-Wincompatible-pointer-types]
   MCAL_USART_ReceiveData(USART1, &ch, enable);
                                  ^
In file included from ../Src/main.c:16:0:
D:/Embedded System dip_KS/Unit_7_Projects/Drivers/Driver/stm32_f103c6_driver/inc/USART_Driver_stm32f103c6.h:134:6: note: expected 'uint16_t * {aka short unsigned int *}' but argument is of type 'unsigned char *'
 void MCAL_USART_ReceiveData(USART_REG_typedef* USARTx , uint16_t* PRxBuffer , enum Polling_mechansim pollingEn);
      ^~~~~~~~~~~~~~~~~~~~~~
../Src/main.c:209:31: warning: passing argument 2 of 'MCAL_USART_SendData' from incompatible pointer type [-Wincompatible-pointer-types]
   MCAL_USART_SendData(USART1, &ch, enable);
                               ^
In file included from ../Src/main.c:16:0:
D:/Embedded System dip_KS/Unit_7_Projects/Drivers/Driver/stm32_f103c6_driver/inc/USART_Driver_stm32f103c6.h:132:6: note: expected 'uint16_t * {aka short unsigned int *}' but argument is of type 'unsigned char *'
 void MCAL_USART_SendData(USART_REG_typedef* USARTx , uint16_t* PTxBuffer , enum Polling_mechansim pollingEn);
      ^~~~~~~~~~~~~~~~~~~
make: *** [Src/subdir.mk:24: Src/main.o] Error 1
"make -j12 all" terminated with exit code 2. Build might be incomplete.
17:42:21 **** Incremental Build of configuration Debug for project Driver ****
make -j12 all 
arm-none-eabi-gcc -gdwarf-2 "../Src/main.c" -mcpu=cortex-m3 -std=gnu11 -g3 -DSTM32 -DSTM32F1 -DSTM32F103C6Tx -DDEBUG -c -I../Inc -I"D:/Embedded System dip_KS/Unit_7_Projects/Drivers/Driver/stm32_f103c6_driver/KeyPad_Driver" -I"D:/Embedded System dip_KS/Unit_7_Projects/Drivers/Driver/stm32_f103c6_driver/LCD_Driver" -I"D:/Embedded System dip_KS/Unit_7_Projects/Drivers/Driver/stm32_f103c6_driver/inc" -O0 -ffunction-sections -fdata-sections -Wall -fstack-usage -MMD -MP -MF"Src/main.d" -MT"Src/main.o" --specs=nano.specs -mfloat-abi=soft -mthumb -o "Src/main.o"
../Src/main.c: In function 'IRQ_callback':
../Src/main.c:118:33: warning: passing argument 2 of 'MCAL_USART_ReceiveData' from incompatible pointer type [-Wincompatible-pointer-types]
  MCAL_USART_ReceiveData(USART1, &ch, disable);
                                 ^
In file included from ../Src/main.c:16:0:
D:/Embedded System dip_KS/Unit_7_Projects/Drivers/Driver/stm32_f103c6_driver/inc/USART_Driver_stm32f103c6.h:134:6: note: expected 'uint16_t * {aka short unsigned int *}' but argument is of type 'unsigned char *'
 void MCAL_USART_ReceiveData(USART_REG_typedef* USARTx , uint16_t* PRxBuffer , enum Polling_mechansim pollingEn);
      ^~~~~~~~~~~~~~~~~~~~~~
../Src/main.c:119:30: warning: passing argument 2 of 'MCAL_USART_SendData' from incompatible pointer type [-Wincompatible-pointer-types]
  MCAL_USART_SendData(USART1, &ch, enable);
                              ^
In file included from ../Src/main.c:16:0:
D:/Embedded System dip_KS/Unit_7_Projects/Drivers/Driver/stm32_f103c6_driver/inc/USART_Driver_stm32f103c6.h:132:6: note: expected 'uint16_t * {aka short unsigned int *}' but argument is of type 'unsigned char *'
 void MCAL_USART_SendData(USART_REG_typedef* USARTx , uint16_t* PTxBuffer , enum Polling_mechansim pollingEn);
      ^~~~~~~~~~~~~~~~~~~
../Src/main.c: In function 'main':
../Src/main.c:208:34: warning: passing argument 2 of 'MCAL_USART_ReceiveData' from incompatible pointer type [-Wincompatible-pointer-types]
   MCAL_USART_ReceiveData(USART1, &ch, enable);
                                  ^
In file included from ../Src/main.c:16:0:
D:/Embedded System dip_KS/Unit_7_Projects/Drivers/Driver/stm32_f103c6_driver/inc/USART_Driver_stm32f103c6.h:134:6: note: expected 'uint16_t * {aka short unsigned int *}' but argument is of type 'unsigned char *'
 void MCAL_USART_ReceiveData(USART_REG_typedef* USARTx , uint16_t* PRxBuffer , enum Polling_mechansim pollingEn);
      ^~~~~~~~~~~~~~~~~~~~~~
../Src/main.c:209:31: warning: passing argument 2 of 'MCAL_USART_SendData' from incompatible pointer type [-Wincompatible-pointer-types]
   MCAL_USART_SendData(USART1, &ch, enable);
                               ^
In file included from ../Src/main.c:16:0:
D:/Embedded System dip_KS/Unit_7_Projects/Drivers/Driver/stm32_f103c6_driver/inc/USART_Driver_stm32f103c6.h:132:6: note: expected 'uint16_t * {aka short unsigned int *}' but argument is of type 'unsigned char *'
 void MCAL_USART_SendData(USART_REG_typedef* USARTx , uint16_t* PTxBuffer , enum Polling_mechansim pollingEn);
      ^~~~~~~~~~~~~~~~~~~
arm-none-eabi-gcc -gdwarf-2 -o "Driver.elf" @"objects.list"   -mcpu=cortex-m3 -T"D:\Embedded System dip_KS\Unit_7_Projects\Drivers\Driver\STM32F103C6TX_FLASH.ld" --specs=nosys.specs -Wl,-Map="Driver.map" -Wl,--gc-sections -static --specs=nano.specs -mfloat-abi=soft -mthumb -Wl,--start-group -lc -lm -Wl,--end-group
Finished building target: Driver.elf
 
arm-none-eabi-objdump -h -S  Driver.elf  > "Driver.list"
arm-none-eabi-objcopy  -O binary  Driver.elf  "Driver.bin"
arm-none-eabi-size   Driver.elf 
   text	   data	    bss	    dec	    hex	filename
   2756	      8	   1640	   4404	   1134	Driver.elf
Finished building: default.size.stdout
 
Finished building: Driver.bin
Finished building: Driver.list
 
 
21:01:50 **** Incremental Build of configuration Debug for project Driver ****
make -j12 all 
arm-none-eabi-size   Driver.elf 
   text	   data	    bss	    dec	    hex	filename
   2756	      8	   1640	   4404	   1134	Driver.elf
Finished building: default.size.stdout
 
21:18:28 **** Incremental Build of configuration Debug for project Driver ****
make -j12 all 
arm-none-eabi-gcc -gdwarf-2 "../Src/main.c" -mcpu=cortex-m3 -std=gnu11 -g3 -DSTM32 -DSTM32F1 -DSTM32F103C6Tx -DDEBUG -c -I../Inc -I"D:/Embedded System dip_KS/Unit_7_Projects/Drivers/Driver/stm32_f103c6_driver/KeyPad_Driver" -I"D:/Embedded System dip_KS/Unit_7_Projects/Drivers/Driver/stm32_f103c6_driver/LCD_Driver" -I"D:/Embedded System dip_KS/Unit_7_Projects/Drivers/Driver/stm32_f103c6_driver/inc" -O0 -ffunction-sections -fdata-sections -Wall -fstack-usage -MMD -MP -MF"Src/main.d" -MT"Src/main.o" --specs=nano.specs -mfloat-abi=soft -mthumb -o "Src/main.o"
../Src/main.c: In function 'IRQ_callback':
../Src/main.c:118:33: warning: passing argument 2 of 'MCAL_USART_ReceiveData' from incompatible pointer type [-Wincompatible-pointer-types]
  MCAL_USART_ReceiveData(USART1, &ch, disable);
                                 ^
In file included from ../Src/main.c:16:0:
D:/Embedded System dip_KS/Unit_7_Projects/Drivers/Driver/stm32_f103c6_driver/inc/USART_Driver_stm32f103c6.h:134:6: note: expected 'uint16_t * {aka short unsigned int *}' but argument is of type 'unsigned char *'
 void MCAL_USART_ReceiveData(USART_REG_typedef* USARTx , uint16_t* PRxBuffer , enum Polling_mechansim pollingEn);
      ^~~~~~~~~~~~~~~~~~~~~~
../Src/main.c:119:30: warning: passing argument 2 of 'MCAL_USART_SendData' from incompatible pointer type [-Wincompatible-pointer-types]
  MCAL_USART_SendData(USART1, &ch, enable);
                              ^
In file included from ../Src/main.c:16:0:
D:/Embedded System dip_KS/Unit_7_Projects/Drivers/Driver/stm32_f103c6_driver/inc/USART_Driver_stm32f103c6.h:132:6: note: expected 'uint16_t * {aka short unsigned int *}' but argument is of type 'unsigned char *'
 void MCAL_USART_SendData(USART_REG_typedef* USARTx , uint16_t* PTxBuffer , enum Polling_mechansim pollingEn);
      ^~~~~~~~~~~~~~~~~~~
arm-none-eabi-gcc -gdwarf-2 -o "Driver.elf" @"objects.list"   -mcpu=cortex-m3 -T"D:\Embedded System dip_KS\Unit_7_Projects\Drivers\Driver\STM32F103C6TX_FLASH.ld" --specs=nosys.specs -Wl,-Map="Driver.map" -Wl,--gc-sections -static --specs=nano.specs -mfloat-abi=soft -mthumb -Wl,--start-group -lc -lm -Wl,--end-group
Finished building target: Driver.elf
 
arm-none-eabi-objdump -h -S  Driver.elf  > "Driver.list"
arm-none-eabi-objcopy  -O binary  Driver.elf  "Driver.bin"
arm-none-eabi-size   Driver.elf 
   text	   data	    bss	    dec	    hex	filename
   2732	      8	   1640	   4380	   111c	Driver.elf
Finished building: default.size.stdout
 
Finished building: Driver.list
 
Finished building: Driver.bin
 
21:20:34 **** Incremental Build of configuration Debug for project Driver ****
make -j12 all 
arm-none-eabi-gcc -gdwarf-2 "../Src/main.c" -mcpu=cortex-m3 -std=gnu11 -g3 -DSTM32 -DSTM32F1 -DSTM32F103C6Tx -DDEBUG -c -I../Inc -I"D:/Embedded System dip_KS/Unit_7_Projects/Drivers/Driver/stm32_f103c6_driver/KeyPad_Driver" -I"D:/Embedded System dip_KS/Unit_7_Projects/Drivers/Driver/stm32_f103c6_driver/LCD_Driver" -I"D:/Embedded System dip_KS/Unit_7_Projects/Drivers/Driver/stm32_f103c6_driver/inc" -O0 -ffunction-sections -fdata-sections -Wall -fstack-usage -MMD -MP -MF"Src/main.d" -MT"Src/main.o" --specs=nano.specs -mfloat-abi=soft -mthumb -o "Src/main.o"
../Src/main.c: In function 'IRQ_callback':
../Src/main.c:118:33: warning: passing argument 2 of 'MCAL_USART_ReceiveData' from incompatible pointer type [-Wincompatible-pointer-types]
  MCAL_USART_ReceiveData(USART1, &ch, disable);
                                 ^
In file included from ../Src/main.c:16:0:
D:/Embedded System dip_KS/Unit_7_Projects/Drivers/Driver/stm32_f103c6_driver/inc/USART_Driver_stm32f103c6.h:134:6: note: expected 'uint16_t * {aka short unsigned int *}' but argument is of type 'unsigned char *'
 void MCAL_USART_ReceiveData(USART_REG_typedef* USARTx , uint16_t* PRxBuffer , enum Polling_mechansim pollingEn);
      ^~~~~~~~~~~~~~~~~~~~~~
../Src/main.c:119:30: warning: passing argument 2 of 'MCAL_USART_SendData' from incompatible pointer type [-Wincompatible-pointer-types]
  MCAL_USART_SendData(USART1, &ch, enable);
                              ^
In file included from ../Src/main.c:16:0:
D:/Embedded System dip_KS/Unit_7_Projects/Drivers/Driver/stm32_f103c6_driver/inc/USART_Driver_stm32f103c6.h:132:6: note: expected 'uint16_t * {aka short unsigned int *}' but argument is of type 'unsigned char *'
 void MCAL_USART_SendData(USART_REG_typedef* USARTx , uint16_t* PTxBuffer , enum Polling_mechansim pollingEn);
      ^~~~~~~~~~~~~~~~~~~
../Src/main.c: In function 'main':
../Src/main.c:208:34: warning: passing argument 2 of 'MCAL_USART_ReceiveData' from incompatible pointer type [-Wincompatible-pointer-types]
   MCAL_USART_ReceiveData(USART1, &ch,enable);
                                  ^
In file included from ../Src/main.c:16:0:
D:/Embedded System dip_KS/Unit_7_Projects/Drivers/Driver/stm32_f103c6_driver/inc/USART_Driver_stm32f103c6.h:134:6: note: expected 'uint16_t * {aka short unsigned int *}' but argument is of type 'unsigned char *'
 void MCAL_USART_ReceiveData(USART_REG_typedef* USARTx , uint16_t* PRxBuffer , enum Polling_mechansim pollingEn);
      ^~~~~~~~~~~~~~~~~~~~~~
../Src/main.c:209:31: warning: passing argument 2 of 'MCAL_USART_SendData' from incompatible pointer type [-Wincompatible-pointer-types]
   MCAL_USART_SendData(USART1, &ch, enable);
                               ^
In file included from ../Src/main.c:16:0:
D:/Embedded System dip_KS/Unit_7_Projects/Drivers/Driver/stm32_f103c6_driver/inc/USART_Driver_stm32f103c6.h:132:6: note: expected 'uint16_t * {aka short unsigned int *}' but argument is of type 'unsigned char *'
 void MCAL_USART_SendData(USART_REG_typedef* USARTx , uint16_t* PTxBuffer , enum Polling_mechansim pollingEn);
      ^~~~~~~~~~~~~~~~~~~
arm-none-eabi-gcc -gdwarf-2 -o "Driver.elf" @"objects.list"   -mcpu=cortex-m3 -T"D:\Embedded System dip_KS\Unit_7_Projects\Drivers\Driver\STM32F103C6TX_FLASH.ld" --specs=nosys.specs -Wl,-Map="Driver.map" -Wl,--gc-sections -static --specs=nano.specs -mfloat-abi=soft -mthumb -Wl,--start-group -lc -lm -Wl,--end-group
Finished building target: Driver.elf
 
arm-none-eabi-objdump -h -S  Driver.elf  > "Driver.list"
arm-none-eabi-objcopy  -O binary  Driver.elf  "Driver.bin"
arm-none-eabi-size   Driver.elf 
   text	   data	    bss	    dec	    hex	filename
   2756	      8	   1640	   4404	   1134	Driver.elf
Finished building: default.size.stdout
 
Finished building: Driver.bin
Finished building: Driver.list
 
 
