20:23:27 **** Build of configuration Debug for project Unit6_L3_Lab1 ****
make -j12 all 
arm-none-eabi-gcc -mcpu=cortex-m3 -g3 -c -x assembler-with-cpp -MMD -MP -MF"Startup/startup_stm32f103c6tx.d" -MT"Startup/startup_stm32f103c6tx.o" --specs=nano.specs -mfloat-abi=soft -mthumb -o "Startup/startup_stm32f103c6tx.o" "../Startup/startup_stm32f103c6tx.s"
arm-none-eabi-gcc "../Src/main.c" -mcpu=cortex-m3 -std=gnu11 -g3 -DSTM32 -DSTM32F1 -DSTM32F103C6Tx -DDEBUG -c -I../Inc -O0 -ffunction-sections -fdata-sections -Wall -fstack-usage -MMD -MP -MF"Src/main.d" -MT"Src/main.o" --specs=nano.specs -mfloat-abi=soft -mthumb -o "Src/main.o"
arm-none-eabi-gcc "../Src/syscalls.c" -mcpu=cortex-m3 -std=gnu11 -g3 -DSTM32 -DSTM32F1 -DSTM32F103C6Tx -DDEBUG -c -I../Inc -O0 -ffunction-sections -fdata-sections -Wall -fstack-usage -MMD -MP -MF"Src/syscalls.d" -MT"Src/syscalls.o" --specs=nano.specs -mfloat-abi=soft -mthumb -o "Src/syscalls.o"
arm-none-eabi-gcc "../Src/sysmem.c" -mcpu=cortex-m3 -std=gnu11 -g3 -DSTM32 -DSTM32F1 -DSTM32F103C6Tx -DDEBUG -c -I../Inc -O0 -ffunction-sections -fdata-sections -Wall -fstack-usage -MMD -MP -MF"Src/sysmem.d" -MT"Src/sysmem.o" --specs=nano.specs -mfloat-abi=soft -mthumb -o "Src/sysmem.o"
arm-none-eabi-gcc -o "Unit6_L3_Lab1.elf" @"objects.list"   -mcpu=cortex-m3 -T"D:\Embedded System dip_KS\Unit_6_Projects\Lesson3\Unit6_L3_Lab1\STM32F103C6TX_FLASH.ld" --specs=nosys.specs -Wl,-Map="Unit6_L3_Lab1.map" -Wl,--gc-sections -static --specs=nano.specs -mfloat-abi=soft -mthumb -Wl,--start-group -lc -lm -Wl,--end-group
Finished building target: Unit6_L3_Lab1.elf
 
arm-none-eabi-size   Unit6_L3_Lab1.elf 
arm-none-eabi-objdump -h -S  Unit6_L3_Lab1.elf  > "Unit6_L3_Lab1.list"
arm-none-eabi-objcopy  -O binary  Unit6_L3_Lab1.elf  "Unit6_L3_Lab1.bin"
   text	   data	    bss	    dec	    hex	filename
    672	      8	   1568	   2248	    8c8	Unit6_L3_Lab1.elf
Finished building: default.size.stdout
 
Finished building: Unit6_L3_Lab1.bin
Finished building: Unit6_L3_Lab1.list
 
 

20:23:28 Build Finished. 0 errors, 0 warnings. (took 1s.139ms)

