Archive member included to satisfy reference by file (symbol)

c:/st/stm32cubeide_1.4.0/stm32cubeide/plugins/com.st.stm32cube.ide.mcu.externaltools.gnu-tools-for-stm32.7-2018-q2-update.win32_1.4.0.202007081208/tools/bin/../lib/gcc/arm-none-eabi/7.3.1/../../../../arm-none-eabi/lib/thumb/v7-m\libc_nano.a(lib_a-errno.o)
                              Src/syscalls.o (__errno)
c:/st/stm32cubeide_1.4.0/stm32cubeide/plugins/com.st.stm32cube.ide.mcu.externaltools.gnu-tools-for-stm32.7-2018-q2-update.win32_1.4.0.202007081208/tools/bin/../lib/gcc/arm-none-eabi/7.3.1/../../../../arm-none-eabi/lib/thumb/v7-m\libc_nano.a(lib_a-exit.o)
                              c:/st/stm32cubeide_1.4.0/stm32cubeide/plugins/com.st.stm32cube.ide.mcu.externaltools.gnu-tools-for-stm32.7-2018-q2-update.win32_1.4.0.202007081208/tools/bin/../lib/gcc/arm-none-eabi/7.3.1/../../../../arm-none-eabi/lib/thumb/v7-m/crt0.o (exit)
c:/st/stm32cubeide_1.4.0/stm32cubeide/plugins/com.st.stm32cube.ide.mcu.externaltools.gnu-tools-for-stm32.7-2018-q2-update.win32_1.4.0.202007081208/tools/bin/../lib/gcc/arm-none-eabi/7.3.1/../../../../arm-none-eabi/lib/thumb/v7-m\libc_nano.a(lib_a-impure.o)
                              c:/st/stm32cubeide_1.4.0/stm32cubeide/plugins/com.st.stm32cube.ide.mcu.externaltools.gnu-tools-for-stm32.7-2018-q2-update.win32_1.4.0.202007081208/tools/bin/../lib/gcc/arm-none-eabi/7.3.1/../../../../arm-none-eabi/lib/thumb/v7-m\libc_nano.a(lib_a-exit.o) (_global_impure_ptr)
c:/st/stm32cubeide_1.4.0/stm32cubeide/plugins/com.st.stm32cube.ide.mcu.externaltools.gnu-tools-for-stm32.7-2018-q2-update.win32_1.4.0.202007081208/tools/bin/../lib/gcc/arm-none-eabi/7.3.1/../../../../arm-none-eabi/lib/thumb/v7-m\libc_nano.a(lib_a-init.o)
                              c:/st/stm32cubeide_1.4.0/stm32cubeide/plugins/com.st.stm32cube.ide.mcu.externaltools.gnu-tools-for-stm32.7-2018-q2-update.win32_1.4.0.202007081208/tools/bin/../lib/gcc/arm-none-eabi/7.3.1/../../../../arm-none-eabi/lib/thumb/v7-m/crt0.o (__libc_init_array)
c:/st/stm32cubeide_1.4.0/stm32cubeide/plugins/com.st.stm32cube.ide.mcu.externaltools.gnu-tools-for-stm32.7-2018-q2-update.win32_1.4.0.202007081208/tools/bin/../lib/gcc/arm-none-eabi/7.3.1/../../../../arm-none-eabi/lib/thumb/v7-m\libc_nano.a(lib_a-memset.o)
                              c:/st/stm32cubeide_1.4.0/stm32cubeide/plugins/com.st.stm32cube.ide.mcu.externaltools.gnu-tools-for-stm32.7-2018-q2-update.win32_1.4.0.202007081208/tools/bin/../lib/gcc/arm-none-eabi/7.3.1/../../../../arm-none-eabi/lib/thumb/v7-m/crt0.o (memset)

Allocating common symbols
Common symbol       size              file

PinCfg              0x4               Src/main.o
ch                  0x1               Src/main.o
GP_IRQ_CallBack     0x3c              stm32_f103c6_driver/EXIT_Driver_stm32f103c6/EXIT_Driver_stm32f103c6.o

Discarded input sections

 .text          0x0000000000000000        0x0 c:/st/stm32cubeide_1.4.0/stm32cubeide/plugins/com.st.stm32cube.ide.mcu.externaltools.gnu-tools-for-stm32.7-2018-q2-update.win32_1.4.0.202007081208/tools/bin/../lib/gcc/arm-none-eabi/7.3.1/thumb/v7-m/crti.o
 .data          0x0000000000000000        0x0 c:/st/stm32cubeide_1.4.0/stm32cubeide/plugins/com.st.stm32cube.ide.mcu.externaltools.gnu-tools-for-stm32.7-2018-q2-update.win32_1.4.0.202007081208/tools/bin/../lib/gcc/arm-none-eabi/7.3.1/thumb/v7-m/crti.o
 .bss           0x0000000000000000        0x0 c:/st/stm32cubeide_1.4.0/stm32cubeide/plugins/com.st.stm32cube.ide.mcu.externaltools.gnu-tools-for-stm32.7-2018-q2-update.win32_1.4.0.202007081208/tools/bin/../lib/gcc/arm-none-eabi/7.3.1/thumb/v7-m/crti.o
 .data          0x0000000000000000        0x4 c:/st/stm32cubeide_1.4.0/stm32cubeide/plugins/com.st.stm32cube.ide.mcu.externaltools.gnu-tools-for-stm32.7-2018-q2-update.win32_1.4.0.202007081208/tools/bin/../lib/gcc/arm-none-eabi/7.3.1/thumb/v7-m/crtbegin.o
 .text          0x0000000000000000       0x74 c:/st/stm32cubeide_1.4.0/stm32cubeide/plugins/com.st.stm32cube.ide.mcu.externaltools.gnu-tools-for-stm32.7-2018-q2-update.win32_1.4.0.202007081208/tools/bin/../lib/gcc/arm-none-eabi/7.3.1/../../../../arm-none-eabi/lib/thumb/v7-m/crt0.o
 .data          0x0000000000000000        0x0 c:/st/stm32cubeide_1.4.0/stm32cubeide/plugins/com.st.stm32cube.ide.mcu.externaltools.gnu-tools-for-stm32.7-2018-q2-update.win32_1.4.0.202007081208/tools/bin/../lib/gcc/arm-none-eabi/7.3.1/../../../../arm-none-eabi/lib/thumb/v7-m/crt0.o
 .bss           0x0000000000000000        0x0 c:/st/stm32cubeide_1.4.0/stm32cubeide/plugins/com.st.stm32cube.ide.mcu.externaltools.gnu-tools-for-stm32.7-2018-q2-update.win32_1.4.0.202007081208/tools/bin/../lib/gcc/arm-none-eabi/7.3.1/../../../../arm-none-eabi/lib/thumb/v7-m/crt0.o
 .ARM.extab     0x0000000000000000        0x0 c:/st/stm32cubeide_1.4.0/stm32cubeide/plugins/com.st.stm32cube.ide.mcu.externaltools.gnu-tools-for-stm32.7-2018-q2-update.win32_1.4.0.202007081208/tools/bin/../lib/gcc/arm-none-eabi/7.3.1/../../../../arm-none-eabi/lib/thumb/v7-m/crt0.o
[...]
Memory Configuration

Name             Origin             Length             Attributes
RAM              0x0000000020000000 0x0000000000002800 xrw
ROM              0x0000000008000000 0x0000000000008000 xr
*default*        0x0000000000000000 0xffffffffffffffff

Linker script and memory map

LOAD c:/st/stm32cubeide_1.4.0/stm32cubeide/plugins/com.st.stm32cube.ide.mcu.externaltools.gnu-tools-for-stm32.7-2018-q2-update.win32_1.4.0.202007081208/tools/bin/../lib/gcc/arm-none-eabi/7.3.1/thumb/v7-m/crti.o
LOAD c:/st/stm32cubeide_1.4.0/stm32cubeide/plugins/com.st.stm32cube.ide.mcu.externaltools.gnu-tools-for-stm32.7-2018-q2-update.win32_1.4.0.202007081208/tools/bin/../lib/gcc/arm-none-eabi/7.3.1/thumb/v7-m/crtbegin.o
LOAD c:/st/stm32cubeide_1.4.0/stm32cubeide/plugins/com.st.stm32cube.ide.mcu.externaltools.gnu-tools-for-stm32.7-2018-q2-update.win32_1.4.0.202007081208/tools/bin/../lib/gcc/arm-none-eabi/7.3.1/../../../../arm-none-eabi/lib/thumb/v7-m/crt0.o
LOAD Src/main.o
LOAD Src/syscalls.o
LOAD Src/sysmem.o
LOAD Startup/startup_stm32f103c6tx.o
LOAD stm32_f103c6_driver/EXIT_Driver_stm32f103c6/EXIT_Driver_stm32f103c6.o
LOAD stm32_f103c6_driver/GPIO_Driver_stm32f103c6.o
LOAD stm32_f103c6_driver/RCC_Driver_stm32f103c6.o
LOAD stm32_f103c6_driver/SPI_Driver_stm32f103c6.o
LOAD stm32_f103c6_driver/USART_Driver_stm32f103c6.o
LOAD stm32_f103c6_driver/KeyPad_Driver/keypad.o
LOAD stm32_f103c6_driver/LCD_Driver/lcd.o
START GROUP
LOAD c:/st/stm32cubeide_1.4.0/stm32cubeide/plugins/com.st.stm32cube.ide.mcu.externaltools.gnu-tools-for-stm32.7-2018-q2-update.win32_1.4.0.202007081208/tools/bin/../lib/gcc/arm-none-eabi/7.3.1/../../../../arm-none-eabi/lib/thumb/v7-m\libc_nano.a
LOAD c:/st/stm32cubeide_1.4.0/stm32cubeide/plugins/com.st.stm32cube.ide.mcu.externaltools.gnu-tools-for-stm32.7-2018-q2-update.win32_1.4.0.202007081208/tools/bin/../lib/gcc/arm-none-eabi/7.3.1/../../../../arm-none-eabi/lib/thumb/v7-m\libm.a
END GROUP
START GROUP
LOAD c:/st/stm32cubeide_1.4.0/stm32cubeide/plugins/com.st.stm32cube.ide.mcu.externaltools.gnu-tools-for-stm32.7-2018-q2-update.win32_1.4.0.202007081208/tools/bin/../lib/gcc/arm-none-eabi/7.3.1/thumb/v7-m\libgcc.a
LOAD c:/st/stm32cubeide_1.4.0/stm32cubeide/plugins/com.st.stm32cube.ide.mcu.externaltools.gnu-tools-for-stm32.7-2018-q2-update.win32_1.4.0.202007081208/tools/bin/../lib/gcc/arm-none-eabi/7.3.1/../../../../arm-none-eabi/lib/thumb/v7-m\libg_nano.a
LOAD c:/st/stm32cubeide_1.4.0/stm32cubeide/plugins/com.st.stm32cube.ide.mcu.externaltools.gnu-tools-for-stm32.7-2018-q2-update.win32_1.4.0.202007081208/tools/bin/../lib/gcc/arm-none-eabi/7.3.1/../../../../arm-none-eabi/lib/thumb/v7-m\libc_nano.a
END GROUP
START GROUP
LOAD c:/st/stm32cubeide_1.4.0/stm32cubeide/plugins/com.st.stm32cube.ide.mcu.externaltools.gnu-tools-for-stm32.7-2018-q2-update.win32_1.4.0.202007081208/tools/bin/../lib/gcc/arm-none-eabi/7.3.1/thumb/v7-m\libgcc.a
LOAD c:/st/stm32cubeide_1.4.0/stm32cubeide/plugins/com.st.stm32cube.ide.mcu.externaltools.gnu-tools-for-stm32.7-2018-q2-update.win32_1.4.0.202007081208/tools/bin/../lib/gcc/arm-none-eabi/7.3.1/../../../../arm-none-eabi/lib/thumb/v7-m\libc_nano.a
LOAD c:/st/stm32cubeide_1.4.0/stm32cubeide/plugins/com.st.stm32cube.ide.mcu.externaltools.gnu-tools-for-stm32.7-2018-q2-update.win32_1.4.0.202007081208/tools/bin/../lib/gcc/arm-none-eabi/7.3.1/../../../../arm-none-eabi/lib/thumb/v7-m\libnosys.a
END GROUP
START GROUP
LOAD c:/st/stm32cubeide_1.4.0/stm32cubeide/plugins/com.st.stm32cube.ide.mcu.externaltools.gnu-tools-for-stm32.7-2018-q2-update.win32_1.4.0.202007081208/tools/bin/../lib/gcc/arm-none-eabi/7.3.1/thumb/v7-m\libgcc.a
LOAD c:/st/stm32cubeide_1.4.0/stm32cubeide/plugins/com.st.stm32cube.ide.mcu.externaltools.gnu-tools-for-stm32.7-2018-q2-update.win32_1.4.0.202007081208/tools/bin/../lib/gcc/arm-none-eabi/7.3.1/../../../../arm-none-eabi/lib/thumb/v7-m\libc_nano.a
LOAD c:/st/stm32cubeide_1.4.0/stm32cubeide/plugins/com.st.stm32cube.ide.mcu.externaltools.gnu-tools-for-stm32.7-2018-q2-update.win32_1.4.0.202007081208/tools/bin/../lib/gcc/arm-none-eabi/7.3.1/../../../../arm-none-eabi/lib/thumb/v7-m\libnosys.a
END GROUP
LOAD c:/st/stm32cubeide_1.4.0/stm32cubeide/plugins/com.st.stm32cube.ide.mcu.externaltools.gnu-tools-for-stm32.7-2018-q2-update.win32_1.4.0.202007081208/tools/bin/../lib/gcc/arm-none-eabi/7.3.1/thumb/v7-m/crtend.o
LOAD c:/st/stm32cubeide_1.4.0/stm32cubeide/plugins/com.st.stm32cube.ide.mcu.externaltools.gnu-tools-for-stm32.7-2018-q2-update.win32_1.4.0.202007081208/tools/bin/../lib/gcc/arm-none-eabi/7.3.1/thumb/v7-m/crtn.o
                0x0000000020002800                _estack = (ORIGIN (RAM) + LENGTH (RAM))
                0x0000000000000200                _Min_Heap_Size = 0x200
                0x0000000000000400                _Min_Stack_Size = 0x400

.isr_vector     0x0000000008000000      0x130
                0x0000000008000000                . = ALIGN (0x4)
 *(.isr_vector)
 .isr_vector    0x0000000008000000      0x130 Startup/startup_stm32f103c6tx.o
                0x0000000008000000                g_pfnVectors
                0x0000000008000130                . = ALIGN (0x4)

.text           0x0000000008000130      0xda4
                0x0000000008000130                . = ALIGN (0x4)
 *(.text)
 .text          0x0000000008000130       0x40 c:/st/stm32cubeide_1.4.0/stm32cubeide/plugins/com.st.stm32cube.ide.mcu.externaltools.gnu-tools-for-stm32.7-2018-q2-update.win32_1.4.0.202007081208/tools/bin/../lib/gcc/arm-none-eabi/7.3.1/thumb/v7-m/crtbegin.o
 *(.text*)
 .text.CLOCK_init
                0x0000000008000170       0x34 Src/main.o
                0x0000000008000170                CLOCK_init
 .text.IRQ_callback
                0x00000000080001a4       0x4c Src/main.o
                0x00000000080001a4                IRQ_callback
 .text.main     0x00000000080001f0       0xd4 Src/main.o
                0x00000000080001f0                main
 .text.Reset_Handler
                0x00000000080002c4       0x50 Startup/startup_stm32f103c6tx.o
                0x00000000080002c4                Reset_Handler
 .text.Default_Handler
                0x0000000008000314        0x2 Startup/startup_stm32f103c6tx.o
                0x0000000008000314                TIM8_TRG_COM_IRQHandler
                0x0000000008000314                TIM8_CC_IRQHandler
                0x0000000008000314                DebugMon_Handler
                0x0000000008000314                TIM1_CC_IRQHandler
                0x0000000008000314                HardFault_Handler
                0x0000000008000314                TIM6_IRQHandler
                0x0000000008000314                SysTick_Handler
                0x0000000008000314                PVD_IRQHandler
                0x0000000008000314                SDIO_IRQHandler
                0x0000000008000314                PendSV_Handler
                0x0000000008000314                NMI_Handler
                0x0000000008000314                USB_HP_CAN_TX_IRQHandler
                0x0000000008000314                I2C2_EV_IRQHandler
                0x0000000008000314                UsageFault_Handler
                0x0000000008000314                ADC1_2_IRQHandler
                0x0000000008000314                SPI1_IRQHandler
                0x0000000008000314                CAN_SCE_IRQHandler
                0x0000000008000314                TAMPER_IRQHandler
                0x0000000008000314                TIM8_UP_IRQHandler
                0x0000000008000314                DMA2_Channel2_IRQHandler
                0x0000000008000314                DMA1_Channel4_IRQHandler
                0x0000000008000314                RTC_IRQHandler
                0x0000000008000314                DMA1_Channel7_IRQHandler
                0x0000000008000314                UART5_IRQHandler
                0x0000000008000314                ADC3_IRQHandler
                0x0000000008000314                TIM4_IRQHandler
                0x0000000008000314                CAN_RX1_IRQHandler
                0x0000000008000314                DMA2_Channel1_IRQHandler
                0x0000000008000314                I2C1_EV_IRQHandler
                0x0000000008000314                DMA1_Channel6_IRQHandler
                0x0000000008000314                UART4_IRQHandler
                0x0000000008000314                TIM3_IRQHandler
                0x0000000008000314                RCC_IRQHandler
                0x0000000008000314                TIM1_TRG_COM_IRQHandler
                0x0000000008000314                DMA1_Channel1_IRQHandler
                0x0000000008000314                Default_Handler
                0x0000000008000314                TIM7_IRQHandler
                0x0000000008000314                TIM5_IRQHandler
                0x0000000008000314                SPI2_IRQHandler
                0x0000000008000314                USB_LP_CAN_RX0_IRQHandler
                0x0000000008000314                MemManage_Handler
                0x0000000008000314                SVC_Handler
                0x0000000008000314                DMA1_Channel5_IRQHandler
                0x0000000008000314                DMA1_Channel3_IRQHandler
                0x0000000008000314                FSMC_IRQHandler
                0x0000000008000314                TIM1_UP_IRQHandler
                0x0000000008000314                WWDG_IRQHandler
                0x0000000008000314                TIM2_IRQHandler
                0x0000000008000314                TIM1_BRK_IRQHandler
                0x0000000008000314                RTCAlarm_IRQHandler
                0x0000000008000314                DMA2_Channel4_5_IRQHandler
                0x0000000008000314                I2C2_ER_IRQHandler
                0x0000000008000314                DMA1_Channel2_IRQHandler
                0x0000000008000314                TIM8_BRK_IRQHandler
                0x0000000008000314                FLASH_IRQHandler
                0x0000000008000314                BusFault_Handler
                0x0000000008000314                SPI3_IRQHandler
                0x0000000008000314                I2C1_ER_IRQHandler
                0x0000000008000314                DMA2_Channel3_IRQHandler
 *fill*         0x0000000008000316        0x2 
 .text.EXTI0_IRQHandler
                0x0000000008000318       0x24 stm32_f103c6_driver/EXIT_Driver_stm32f103c6/EXIT_Driver_stm32f103c6.o
                0x0000000008000318                EXTI0_IRQHandler
 .text.EXTI1_IRQHandler
                0x000000000800033c       0x24 stm32_f103c6_driver/EXIT_Driver_stm32f103c6/EXIT_Driver_stm32f103c6.o
                0x000000000800033c                EXTI1_IRQHandler
 .text.EXTI2_IRQHandler
                0x0000000008000360       0x24 stm32_f103c6_driver/EXIT_Driver_stm32f103c6/EXIT_Driver_stm32f103c6.o
                0x0000000008000360                EXTI2_IRQHandler
 .text.EXTI3_IRQHandler
                0x0000000008000384       0x24 stm32_f103c6_driver/EXIT_Driver_stm32f103c6/EXIT_Driver_stm32f103c6.o
                0x0000000008000384                EXTI3_IRQHandler
 .text.EXTI4_IRQHandler
                0x00000000080003a8       0x24 stm32_f103c6_driver/EXIT_Driver_stm32f103c6/EXIT_Driver_stm32f103c6.o
                0x00000000080003a8                EXTI4_IRQHandler
 .text.EXTI9_5_IRQHandler
                0x00000000080003cc       0xa8 stm32_f103c6_driver/EXIT_Driver_stm32f103c6/EXIT_Driver_stm32f103c6.o
                0x00000000080003cc                EXTI9_5_IRQHandler
 .text.EXTI15_10_IRQHandler
                0x0000000008000474       0xc4 stm32_f103c6_driver/EXIT_Driver_stm32f103c6/EXIT_Driver_stm32f103c6.o
                0x0000000008000474                EXTI15_10_IRQHandler
 .text.GET_CRLH_Position
                0x0000000008000538       0xc6 stm32_f103c6_driver/GPIO_Driver_stm32f103c6.o
                0x0000000008000538                GET_CRLH_Position
 .text.MCAL_GPIO_Init
                0x00000000080005fe      0x116 stm32_f103c6_driver/GPIO_Driver_stm32f103c6.o
                0x00000000080005fe                MCAL_GPIO_Init
 .text.MCAL_GPIO_WritePin
                0x0000000008000714       0x2e stm32_f103c6_driver/GPIO_Driver_stm32f103c6.o
                0x0000000008000714                MCAL_GPIO_WritePin
 *fill*         0x0000000008000742        0x2 
 .text.MCAL_RCC_Get_System_CLK_Freq
                0x0000000008000744       0x3c stm32_f103c6_driver/RCC_Driver_stm32f103c6.o
                0x0000000008000744                MCAL_RCC_Get_System_CLK_Freq
 .text.MCAL_RCC_Get_HCLK_Freq
                0x0000000008000780       0x28 stm32_f103c6_driver/RCC_Driver_stm32f103c6.o
                0x0000000008000780                MCAL_RCC_Get_HCLK_Freq
 .text.MCAL_RCC_Get_PCLK1_Freq
                0x00000000080007a8       0x28 stm32_f103c6_driver/RCC_Driver_stm32f103c6.o
                0x00000000080007a8                MCAL_RCC_Get_PCLK1_Freq
 .text.MCAL_RCC_Get_PCLK2_Freq
                0x00000000080007d0       0x28 stm32_f103c6_driver/RCC_Driver_stm32f103c6.o
                0x00000000080007d0                MCAL_RCC_Get_PCLK2_Freq
 .text.MCAL_SPI_Init
                0x00000000080007f8      0x118 stm32_f103c6_driver/SPI_Driver_stm32f103c6.o
                0x00000000080007f8                MCAL_SPI_Init
 .text.MCAL_SPI_TX_RX
                0x0000000008000910       0x54 stm32_f103c6_driver/SPI_Driver_stm32f103c6.o
                0x0000000008000910                MCAL_SPI_TX_RX
 .text.MCAL_SPI_GPIO_SET_PINs
                0x0000000008000964      0x1f0 stm32_f103c6_driver/SPI_Driver_stm32f103c6.o
                0x0000000008000964                MCAL_SPI_GPIO_SET_PINs
 .text.MCAL_USART_Init
                0x0000000008000b54      0x184 stm32_f103c6_driver/USART_Driver_stm32f103c6.o
                0x0000000008000b54                MCAL_USART_Init
 .text.MCAL_USART_SendData
                0x0000000008000cd8       0x36 stm32_f103c6_driver/USART_Driver_stm32f103c6.o
                0x0000000008000cd8                MCAL_USART_SendData
 *fill*         0x0000000008000d0e        0x2 
 .text.MCAL_USART_ReceiveData
                0x0000000008000d10       0x5c stm32_f103c6_driver/USART_Driver_stm32f103c6.o
                0x0000000008000d10                MCAL_USART_ReceiveData
 .text.MCAL_USART_GPIO_SET_PIN
                0x0000000008000d6c       0xcc stm32_f103c6_driver/USART_Driver_stm32f103c6.o
                0x0000000008000d6c                MCAL_USART_GPIO_SET_PIN
 .text.USART1_IRQHandler
                0x0000000008000e38       0x14 stm32_f103c6_driver/USART_Driver_stm32f103c6.o
                0x0000000008000e38                USART1_IRQHandler
 .text.USART2_IRQHandler
                0x0000000008000e4c       0x14 stm32_f103c6_driver/USART_Driver_stm32f103c6.o
                0x0000000008000e4c                USART2_IRQHandler
 .text.USART3_IRQHandler
                0x0000000008000e60       0x14 stm32_f103c6_driver/USART_Driver_stm32f103c6.o
                0x0000000008000e60                USART3_IRQHandler
 .text.__libc_init_array
                0x0000000008000e74       0x48 c:/st/stm32cubeide_1.4.0/stm32cubeide/plugins/com.st.stm32cube.ide.mcu.externaltools.gnu-tools-for-stm32.7-2018-q2-update.win32_1.4.0.202007081208/tools/bin/../lib/gcc/arm-none-eabi/7.3.1/../../../../arm-none-eabi/lib/thumb/v7-m\libc_nano.a(lib_a-init.o)
                0x0000000008000e74                __libc_init_array
 *(.glue_7)
 .glue_7        0x0000000008000ebc        0x0 linker stubs
 *(.glue_7t)
 .glue_7t       0x0000000008000ebc        0x0 linker stubs
 *(.eh_frame)
 .eh_frame      0x0000000008000ebc        0x0 c:/st/stm32cubeide_1.4.0/stm32cubeide/plugins/com.st.stm32cube.ide.mcu.externaltools.gnu-tools-for-stm32.7-2018-q2-update.win32_1.4.0.202007081208/tools/bin/../lib/gcc/arm-none-eabi/7.3.1/thumb/v7-m/crtbegin.o
 *(.init)
 .init          0x0000000008000ebc        0x4 c:/st/stm32cubeide_1.4.0/stm32cubeide/plugins/com.st.stm32cube.ide.mcu.externaltools.gnu-tools-for-stm32.7-2018-q2-update.win32_1.4.0.202007081208/tools/bin/../lib/gcc/arm-none-eabi/7.3.1/thumb/v7-m/crti.o
                0x0000000008000ebc                _init
 .init          0x0000000008000ec0        0x8 c:/st/stm32cubeide_1.4.0/stm32cubeide/plugins/com.st.stm32cube.ide.mcu.externaltools.gnu-tools-for-stm32.7-2018-q2-update.win32_1.4.0.202007081208/tools/bin/../lib/gcc/arm-none-eabi/7.3.1/thumb/v7-m/crtn.o
 *(.fini)
 .fini          0x0000000008000ec8        0x4 c:/st/stm32cubeide_1.4.0/stm32cubeide/plugins/com.st.stm32cube.ide.mcu.externaltools.gnu-tools-for-stm32.7-2018-q2-update.win32_1.4.0.202007081208/tools/bin/../lib/gcc/arm-none-eabi/7.3.1/thumb/v7-m/crti.o
                0x0000000008000ec8                _fini
 .fini          0x0000000008000ecc        0x8 c:/st/stm32cubeide_1.4.0/stm32cubeide/plugins/com.st.stm32cube.ide.mcu.externaltools.gnu-tools-for-stm32.7-2018-q2-update.win32_1.4.0.202007081208/tools/bin/../lib/gcc/arm-none-eabi/7.3.1/thumb/v7-m/crtn.o
                0x0000000008000ed4                . = ALIGN (0x4)
                0x0000000008000ed4                _etext = .

.vfp11_veneer   0x0000000008000ed4        0x0
 .vfp11_veneer  0x0000000008000ed4        0x0 linker stubs

.v4_bx          0x0000000008000ed4        0x0
 .v4_bx         0x0000000008000ed4        0x0 linker stubs

.iplt           0x0000000008000ed4        0x0
 .iplt          0x0000000008000ed4        0x0 c:/st/stm32cubeide_1.4.0/stm32cubeide/plugins/com.st.stm32cube.ide.mcu.externaltools.gnu-tools-for-stm32.7-2018-q2-update.win32_1.4.0.202007081208/tools/bin/../lib/gcc/arm-none-eabi/7.3.1/thumb/v7-m/crtbegin.o

.rodata         0x0000000008000ed4       0x18
                0x0000000008000ed4                . = ALIGN (0x4)
 *(.rodata)
 *(.rodata*)
 .rodata.APBPrescTable
                0x0000000008000ed4        0x8 stm32_f103c6_driver/RCC_Driver_stm32f103c6.o
                0x0000000008000ed4                APBPrescTable
 .rodata.AHBprescTable
                0x0000000008000edc       0x10 stm32_f103c6_driver/RCC_Driver_stm32f103c6.o
                0x0000000008000edc                AHBprescTable
                0x0000000008000eec                . = ALIGN (0x4)

.rel.dyn        0x0000000008000eec        0x0
 .rel.iplt      0x0000000008000eec        0x0 c:/st/stm32cubeide_1.4.0/stm32cubeide/plugins/com.st.stm32cube.ide.mcu.externaltools.gnu-tools-for-stm32.7-2018-q2-update.win32_1.4.0.202007081208/tools/bin/../lib/gcc/arm-none-eabi/7.3.1/thumb/v7-m/crtbegin.o

.ARM.extab      0x0000000008000eec        0x0
                0x0000000008000eec                . = ALIGN (0x4)
 *(.ARM.extab* .gnu.linkonce.armextab.*)
                0x0000000008000eec                . = ALIGN (0x4)

.ARM            0x0000000008000eec        0x0
                0x0000000008000eec                . = ALIGN (0x4)
                0x0000000008000eec                __exidx_start = .
 *(.ARM.exidx*)
                0x0000000008000eec                __exidx_end = .
                0x0000000008000eec                . = ALIGN (0x4)

.preinit_array  0x0000000008000eec        0x0
                0x0000000008000eec                . = ALIGN (0x4)
                0x0000000008000eec                PROVIDE (__preinit_array_start = .)
 *(.preinit_array*)
                0x0000000008000eec                PROVIDE (__preinit_array_end = .)
                0x0000000008000eec                . = ALIGN (0x4)

.init_array     0x0000000008000eec        0x4
                0x0000000008000eec                . = ALIGN (0x4)
                0x0000000008000eec                PROVIDE (__init_array_start = .)
 *(SORT_BY_NAME(.init_array.*))
 *(.init_array*)
 .init_array    0x0000000008000eec        0x4 c:/st/stm32cubeide_1.4.0/stm32cubeide/plugins/com.st.stm32cube.ide.mcu.externaltools.gnu-tools-for-stm32.7-2018-q2-update.win32_1.4.0.202007081208/tools/bin/../lib/gcc/arm-none-eabi/7.3.1/thumb/v7-m/crtbegin.o
                0x0000000008000ef0                PROVIDE (__init_array_end = .)
                0x0000000008000ef0                . = ALIGN (0x4)

.fini_array     0x0000000008000ef0        0x4
                0x0000000008000ef0                . = ALIGN (0x4)
                [!provide]                        PROVIDE (__fini_array_start = .)
 *(SORT_BY_NAME(.fini_array.*))
 *(.fini_array*)
 .fini_array    0x0000000008000ef0        0x4 c:/st/stm32cubeide_1.4.0/stm32cubeide/plugins/com.st.stm32cube.ide.mcu.externaltools.gnu-tools-for-stm32.7-2018-q2-update.win32_1.4.0.202007081208/tools/bin/../lib/gcc/arm-none-eabi/7.3.1/thumb/v7-m/crtbegin.o
                [!provide]                        PROVIDE (__fini_array_end = .)
                0x0000000008000ef4                . = ALIGN (0x4)
                0x0000000008000ef4                _sidata = LOADADDR (.data)

.data           0x0000000020000000        0x0 load address 0x0000000008000ef4
                0x0000000020000000                . = ALIGN (0x4)
                0x0000000020000000                _sdata = .
 *(.data)
 *(.data*)
                0x0000000020000000                . = ALIGN (0x4)
                0x0000000020000000                _edata = .

.igot.plt       0x0000000020000000        0x0 load address 0x0000000008000ef4
 .igot.plt      0x0000000020000000        0x0 c:/st/stm32cubeide_1.4.0/stm32cubeide/plugins/com.st.stm32cube.ide.mcu.externaltools.gnu-tools-for-stm32.7-2018-q2-update.win32_1.4.0.202007081208/tools/bin/../lib/gcc/arm-none-eabi/7.3.1/thumb/v7-m/crtbegin.o
                0x0000000020000000                . = ALIGN (0x4)

.bss            0x0000000020000000       0x6c load address 0x0000000008000ef4
                0x0000000020000000                _sbss = .
                0x0000000020000000                __bss_start__ = _sbss
 *(.bss)
 .bss           0x0000000020000000       0x1c c:/st/stm32cubeide_1.4.0/stm32cubeide/plugins/com.st.stm32cube.ide.mcu.externaltools.gnu-tools-for-stm32.7-2018-q2-update.win32_1.4.0.202007081208/tools/bin/../lib/gcc/arm-none-eabi/7.3.1/thumb/v7-m/crtbegin.o
 *(.bss*)
 .bss.G_SPI_config
                0x000000002000001c        0x8 stm32_f103c6_driver/SPI_Driver_stm32f103c6.o
                0x000000002000001c                G_SPI_config
 .bss.Global_USART_config
                0x0000000020000024        0x4 stm32_f103c6_driver/USART_Driver_stm32f103c6.o
                0x0000000020000024                Global_USART_config
 *(COMMON)
 COMMON         0x0000000020000028        0x5 Src/main.o
                0x0000000020000028                PinCfg
                0x000000002000002c                ch
 *fill*         0x000000002000002d        0x3 
 COMMON         0x0000000020000030       0x3c stm32_f103c6_driver/EXIT_Driver_stm32f103c6/EXIT_Driver_stm32f103c6.o
                0x0000000020000030                GP_IRQ_CallBack
                0x000000002000006c                . = ALIGN (0x4)
                0x000000002000006c                _ebss = .
                0x000000002000006c                __bss_end__ = _ebss

._user_heap_stack
                0x000000002000006c      0x604 load address 0x0000000008000ef4
                0x0000000020000070                . = ALIGN (0x8)
 *fill*         0x000000002000006c        0x4 
                [!provide]                        PROVIDE (end = .)
                0x0000000020000070                PROVIDE (_end = .)
                0x0000000020000270                . = (. + _Min_Heap_Size)
 *fill*         0x0000000020000070      0x200 
                0x0000000020000670                . = (. + _Min_Stack_Size)
 *fill*         0x0000000020000270      0x400 
                0x0000000020000670                . = ALIGN (0x8)

/DISCARD/
 libc.a(*)
 libm.a(*)
 libgcc.a(*)

.ARM.attributes
                0x0000000000000000       0x29
 *(.ARM.attributes)
 .ARM.attributes
                0x0000000000000000       0x1d c:/st/stm32cubeide_1.4.0/stm32cubeide/plugins/com.st.stm32cube.ide.mcu.externaltools.gnu-tools-for-stm32.7-2018-q2-update.win32_1.4.0.202007081208/tools/bin/../lib/gcc/arm-none-eabi/7.3.1/thumb/v7-m/crti.o
 .ARM.attributes
                0x000000000000001d       0x2d c:/st/stm32cubeide_1.4.0/stm32cubeide/plugins/com.st.stm32cube.ide.mcu.externaltools.gnu-tools-for-stm32.7-2018-q2-update.win32_1.4.0.202007081208/tools/bin/../lib/gcc/arm-none-eabi/7.3.1/thumb/v7-m/crtbegin.o
 .ARM.attributes
                0x000000000000004a       0x33 Src/main.o
 .ARM.attributes
                0x000000000000007d       0x21 Startup/startup_stm32f103c6tx.o
 .ARM.attributes
                0x000000000000009e       0x33 stm32_f103c6_driver/EXIT_Driver_stm32f103c6/EXIT_Driver_stm32f103c6.o
 .ARM.attributes
                0x00000000000000d1       0x33 stm32_f103c6_driver/GPIO_Driver_stm32f103c6.o
 .ARM.attributes
                0x0000000000000104       0x33 stm32_f103c6_driver/RCC_Driver_stm32f103c6.o
 .ARM.attributes
                0x0000000000000137       0x33 stm32_f103c6_driver/SPI_Driver_stm32f103c6.o
 .ARM.attributes
                0x000000000000016a       0x33 stm32_f103c6_driver/USART_Driver_stm32f103c6.o
 .ARM.attributes
                0x000000000000019d       0x2d c:/st/stm32cubeide_1.4.0/stm32cubeide/plugins/com.st.stm32cube.ide.mcu.externaltools.gnu-tools-for-stm32.7-2018-q2-update.win32_1.4.0.202007081208/tools/bin/../lib/gcc/arm-none-eabi/7.3.1/../../../../arm-none-eabi/lib/thumb/v7-m\libc_nano.a(lib_a-init.o)
 .ARM.attributes
                0x00000000000001ca       0x1d c:/st/stm32cubeide_1.4.0/stm32cubeide/plugins/com.st.stm32cube.ide.mcu.externaltools.gnu-tools-for-stm32.7-2018-q2-update.win32_1.4.0.202007081208/tools/bin/../lib/gcc/arm-none-eabi/7.3.1/thumb/v7-m/crtn.o
OUTPUT(Driver.elf elf32-littlearm)

.debug_info     0x0000000000000000     0x5144
 .debug_info    0x0000000000000000      0xe7c Src/main.o
 .debug_info    0x0000000000000e7c       0x22 Startup/startup_stm32f103c6tx.o
 .debug_info    0x0000000000000e9e      0xdbf stm32_f103c6_driver/EXIT_Driver_stm32f103c6/EXIT_Driver_stm32f103c6.o
 .debug_info    0x0000000000001c5d      0xd56 stm32_f103c6_driver/GPIO_Driver_stm32f103c6.o
 .debug_info    0x00000000000029b3      0xb09 stm32_f103c6_driver/RCC_Driver_stm32f103c6.o
 .debug_info    0x00000000000034bc      0xe8f stm32_f103c6_driver/SPI_Driver_stm32f103c6.o
 .debug_info    0x000000000000434b      0xdf9 stm32_f103c6_driver/USART_Driver_stm32f103c6.o

.debug_abbrev   0x0000000000000000      0xc3e
 .debug_abbrev  0x0000000000000000      0x215 Src/main.o
 .debug_abbrev  0x0000000000000215       0x12 Startup/startup_stm32f103c6tx.o
 .debug_abbrev  0x0000000000000227      0x210 stm32_f103c6_driver/EXIT_Driver_stm32f103c6/EXIT_Driver_stm32f103c6.o
 .debug_abbrev  0x0000000000000437      0x232 stm32_f103c6_driver/GPIO_Driver_stm32f103c6.o
 .debug_abbrev  0x0000000000000669      0x19b stm32_f103c6_driver/RCC_Driver_stm32f103c6.o
 .debug_abbrev  0x0000000000000804      0x226 stm32_f103c6_driver/SPI_Driver_stm32f103c6.o
 .debug_abbrev  0x0000000000000a2a      0x214 stm32_f103c6_driver/USART_Driver_stm32f103c6.o

.debug_loc      0x0000000000000000      0xcb4
 .debug_loc     0x0000000000000000       0xec Src/main.o
 .debug_loc     0x00000000000000ec      0x320 stm32_f103c6_driver/EXIT_Driver_stm32f103c6/EXIT_Driver_stm32f103c6.o
 .debug_loc     0x000000000000040c      0x330 stm32_f103c6_driver/GPIO_Driver_stm32f103c6.o
 .debug_loc     0x000000000000073c       0xc8 stm32_f103c6_driver/RCC_Driver_stm32f103c6.o
 .debug_loc     0x0000000000000804      0x21c stm32_f103c6_driver/SPI_Driver_stm32f103c6.o
 .debug_loc     0x0000000000000a20      0x294 stm32_f103c6_driver/USART_Driver_stm32f103c6.o

.debug_aranges  0x0000000000000000      0x220
 .debug_aranges
                0x0000000000000000       0x38 Src/main.o
 .debug_aranges
                0x0000000000000038       0x28 Startup/startup_stm32f103c6tx.o
 .debug_aranges
                0x0000000000000060       0x80 stm32_f103c6_driver/EXIT_Driver_stm32f103c6/EXIT_Driver_stm32f103c6.o
 .debug_aranges
                0x00000000000000e0       0x60 stm32_f103c6_driver/GPIO_Driver_stm32f103c6.o
 .debug_aranges
                0x0000000000000140       0x38 stm32_f103c6_driver/RCC_Driver_stm32f103c6.o
 .debug_aranges
                0x0000000000000178       0x48 stm32_f103c6_driver/SPI_Driver_stm32f103c6.o
 .debug_aranges
                0x00000000000001c0       0x60 stm32_f103c6_driver/USART_Driver_stm32f103c6.o

.debug_ranges   0x0000000000000000      0x1b8
 .debug_ranges  0x0000000000000000       0x28 Src/main.o
 .debug_ranges  0x0000000000000028       0x20 Startup/startup_stm32f103c6tx.o
 .debug_ranges  0x0000000000000048       0x70 stm32_f103c6_driver/EXIT_Driver_stm32f103c6/EXIT_Driver_stm32f103c6.o
 .debug_ranges  0x00000000000000b8       0x50 stm32_f103c6_driver/GPIO_Driver_stm32f103c6.o
 .debug_ranges  0x0000000000000108       0x28 stm32_f103c6_driver/RCC_Driver_stm32f103c6.o
 .debug_ranges  0x0000000000000130       0x38 stm32_f103c6_driver/SPI_Driver_stm32f103c6.o
 .debug_ranges  0x0000000000000168       0x50 stm32_f103c6_driver/USART_Driver_stm32f103c6.o

.debug_macro    0x0000000000000000     0x280b
 .debug_macro   0x0000000000000000      0x16e Src/main.o
 .debug_macro   0x000000000000016e      0xa60 Src/main.o
 .debug_macro   0x0000000000000bce       0x22 Src/main.o
 .debug_macro   0x0000000000000bf0       0x8e Src/main.o
 .debug_macro   0x0000000000000c7e       0x51 Src/main.o
 .debug_macro   0x0000000000000ccf       0xef Src/main.o
 .debug_macro   0x0000000000000dbe       0x6a Src/main.o
 .debug_macro   0x0000000000000e28      0x1df Src/main.o
 .debug_macro   0x0000000000001007       0x18 Src/main.o
 .debug_macro   0x000000000000101f       0x46 Src/main.o
 .debug_macro   0x0000000000001065       0x3c Src/main.o
 .debug_macro   0x00000000000010a1       0x34 Src/main.o
 .debug_macro   0x00000000000010d5       0x16 Src/main.o
 .debug_macro   0x00000000000010eb      0x10e Src/main.o
 .debug_macro   0x00000000000011f9       0x8d Src/main.o
 .debug_macro   0x0000000000001286       0x52 Src/main.o
 .debug_macro   0x00000000000012d8       0x1f Src/main.o
 .debug_macro   0x00000000000012f7       0x43 Src/main.o
 .debug_macro   0x000000000000133a       0x20 Src/main.o
 .debug_macro   0x000000000000135a      0x1a3 Src/main.o
 .debug_macro   0x00000000000014fd      0x330 Src/main.o
 .debug_macro   0x000000000000182d       0x16 Src/main.o
 .debug_macro   0x0000000000001843       0x29 Src/main.o
 .debug_macro   0x000000000000186c      0x2a0 Src/main.o
 .debug_macro   0x0000000000001b0c       0xd6 Src/main.o
 .debug_macro   0x0000000000001be2       0x16 Src/main.o
 .debug_macro   0x0000000000001bf8       0xe2 Src/main.o
 .debug_macro   0x0000000000001cda       0xc4 Src/main.o
 .debug_macro   0x0000000000001d9e      0x158 stm32_f103c6_driver/EXIT_Driver_stm32f103c6/EXIT_Driver_stm32f103c6.o
 .debug_macro   0x0000000000001ef6      0x223 stm32_f103c6_driver/EXIT_Driver_stm32f103c6/EXIT_Driver_stm32f103c6.o
 .debug_macro   0x0000000000002119      0x145 stm32_f103c6_driver/GPIO_Driver_stm32f103c6.o
 .debug_macro   0x000000000000225e       0xd0 stm32_f103c6_driver/GPIO_Driver_stm32f103c6.o
 .debug_macro   0x000000000000232e      0x14e stm32_f103c6_driver/RCC_Driver_stm32f103c6.o
 .debug_macro   0x000000000000247c       0x10 stm32_f103c6_driver/RCC_Driver_stm32f103c6.o
 .debug_macro   0x000000000000248c      0x166 stm32_f103c6_driver/SPI_Driver_stm32f103c6.o
 .debug_macro   0x00000000000025f2       0xbe stm32_f103c6_driver/SPI_Driver_stm32f103c6.o
 .debug_macro   0x00000000000026b0      0x15b stm32_f103c6_driver/USART_Driver_stm32f103c6.o

.debug_line     0x0000000000000000     0x276b
 .debug_line    0x0000000000000000      0x604 Src/main.o
 .debug_line    0x0000000000000604       0x84 Startup/startup_stm32f103c6tx.o
 .debug_line    0x0000000000000688      0x758 stm32_f103c6_driver/EXIT_Driver_stm32f103c6/EXIT_Driver_stm32f103c6.o
 .debug_line    0x0000000000000de0      0x68f stm32_f103c6_driver/GPIO_Driver_stm32f103c6.o
 .debug_line    0x000000000000146f      0x5c5 stm32_f103c6_driver/RCC_Driver_stm32f103c6.o
 .debug_line    0x0000000000001a34      0x689 stm32_f103c6_driver/SPI_Driver_stm32f103c6.o
 .debug_line    0x00000000000020bd      0x6ae stm32_f103c6_driver/USART_Driver_stm32f103c6.o

.debug_str      0x0000000000000000     0xa864
 .debug_str     0x0000000000000000     0x8ed0 Src/main.o
                                       0x913d (size before relaxing)
 .debug_str     0x0000000000008ed0       0x31 Startup/startup_stm32f103c6tx.o
                                         0x70 (size before relaxing)
 .debug_str     0x0000000000008f01     0x1527 stm32_f103c6_driver/EXIT_Driver_stm32f103c6/EXIT_Driver_stm32f103c6.o
                                       0x9897 (size before relaxing)
 .debug_str     0x000000000000a428      0x114 stm32_f103c6_driver/GPIO_Driver_stm32f103c6.o
                                       0x84bd (size before relaxing)
 .debug_str     0x000000000000a53c       0xb0 stm32_f103c6_driver/RCC_Driver_stm32f103c6.o
                                       0x8444 (size before relaxing)
 .debug_str     0x000000000000a5ec      0x14c stm32_f103c6_driver/SPI_Driver_stm32f103c6.o
                                       0x8ac1 (size before relaxing)
 .debug_str     0x000000000000a738      0x12c stm32_f103c6_driver/USART_Driver_stm32f103c6.o
                                       0x8c59 (size before relaxing)

.comment        0x0000000000000000       0x7b
 .comment       0x0000000000000000       0x7b Src/main.o
                                         0x7c (size before relaxing)
 .comment       0x000000000000007b       0x7c stm32_f103c6_driver/EXIT_Driver_stm32f103c6/EXIT_Driver_stm32f103c6.o
 .comment       0x000000000000007b       0x7c stm32_f103c6_driver/GPIO_Driver_stm32f103c6.o
 .comment       0x000000000000007b       0x7c stm32_f103c6_driver/RCC_Driver_stm32f103c6.o
 .comment       0x000000000000007b       0x7c stm32_f103c6_driver/SPI_Driver_stm32f103c6.o
 .comment       0x000000000000007b       0x7c stm32_f103c6_driver/USART_Driver_stm32f103c6.o

.debug_frame    0x0000000000000000      0x6ac
 .debug_frame   0x0000000000000000       0x8c Src/main.o
 .debug_frame   0x000000000000008c      0x1b0 stm32_f103c6_driver/EXIT_Driver_stm32f103c6/EXIT_Driver_stm32f103c6.o
 .debug_frame   0x000000000000023c      0x178 stm32_f103c6_driver/GPIO_Driver_stm32f103c6.o
 .debug_frame   0x00000000000003b4       0x84 stm32_f103c6_driver/RCC_Driver_stm32f103c6.o
 .debug_frame   0x0000000000000438       0xfc stm32_f103c6_driver/SPI_Driver_stm32f103c6.o
 .debug_frame   0x0000000000000534      0x14c stm32_f103c6_driver/USART_Driver_stm32f103c6.o
 .debug_frame   0x0000000000000680       0x2c c:/st/stm32cubeide_1.4.0/stm32cubeide/plugins/com.st.stm32cube.ide.mcu.externaltools.gnu-tools-for-stm32.7-2018-q2-update.win32_1.4.0.202007081208/tools/bin/../lib/gcc/arm-none-eabi/7.3.1/../../../../arm-none-eabi/lib/thumb/v7-m\libc_nano.a(lib_a-init.o)
