14:19:25 **** Incremental Build of configuration Debug for project Unit7_L1_Lab1 ****
make -j12 all 
arm-none-eabi-gcc -gdwarf-2 -mcpu=cortex-m3 -g3 -c -x assembler-with-cpp -MMD -MP -MF"Startup/startup_stm32f103c6tx.d" -MT"Startup/startup_stm32f103c6tx.o" --specs=nano.specs -mfloat-abi=soft -mthumb -o "Startup/startup_stm32f103c6tx.o" "../Startup/startup_stm32f103c6tx.s"
arm-none-eabi-gcc -gdwarf-2 "../Src/main.c" -mcpu=cortex-m3 -std=gnu11 -g3 -DSTM32 -DSTM32F1 -DSTM32F103C6Tx -DDEBUG -c -I../Inc -O0 -ffunction-sections -fdata-sections -Wall -fstack-usage -MMD -MP -MF"Src/main.d" -MT"Src/main.o" --specs=nano.specs -mfloat-abi=soft -mthumb -o "Src/main.o"
arm-none-eabi-gcc -gdwarf-2 "../Src/syscalls.c" -mcpu=cortex-m3 -std=gnu11 -g3 -DSTM32 -DSTM32F1 -DSTM32F103C6Tx -DDEBUG -c -I../Inc -O0 -ffunction-sections -fdata-sections -Wall -fstack-usage -MMD -MP -MF"Src/syscalls.d" -MT"Src/syscalls.o" --specs=nano.specs -mfloat-abi=soft -mthumb -o "Src/syscalls.o"
arm-none-eabi-gcc -gdwarf-2 "../Src/sysmem.c" -mcpu=cortex-m3 -std=gnu11 -g3 -DSTM32 -DSTM32F1 -DSTM32F103C6Tx -DDEBUG -c -I../Inc -O0 -ffunction-sections -fdata-sections -Wall -fstack-usage -MMD -MP -MF"Src/sysmem.d" -MT"Src/sysmem.o" --specs=nano.specs -mfloat-abi=soft -mthumb -o "Src/sysmem.o"
arm-none-eabi-gcc -gdwarf-2 -o "Unit7_L1_Lab1.elf" @"objects.list"   -mcpu=cortex-m3 -T"D:\Embedded System dip_KS\Unit_7_Projects\Unit7_L1_Lab1\STM32F103C6TX_FLASH.ld" --specs=nosys.specs -Wl,-Map="Unit7_L1_Lab1.map" -Wl,--gc-sections -static --specs=nano.specs -mfloat-abi=soft -mthumb -Wl,--start-group -lc -lm -Wl,--end-group
Finished building target: Unit7_L1_Lab1.elf
 
arm-none-eabi-objdump -h -S  Unit7_L1_Lab1.elf  > "Unit7_L1_Lab1.list"
arm-none-eabi-objcopy  -O binary  Unit7_L1_Lab1.elf  "Unit7_L1_Lab1.bin"
arm-none-eabi-size   Unit7_L1_Lab1.elf 
   text	   data	    bss	    dec	    hex	filename
    904	      8	   1568	   2480	    9b0	Unit7_L1_Lab1.elf
Finished building: default.size.stdout
 
Finished building: Unit7_L1_Lab1.bin
Finished building: Unit7_L1_Lab1.list
 
 
