Archive member included to satisfy reference by file (symbol)

c:/st/stm32cubeide_1.4.0/stm32cubeide/plugins/com.st.stm32cube.ide.mcu.externaltools.gnu-tools-for-stm32.7-2018-q2-update.win32_1.4.0.202007081208/tools/bin/../lib/gcc/arm-none-eabi/7.3.1/../../../../arm-none-eabi/lib/thumb/v7-m\libc_nano.a(lib_a-errno.o)
                              Src/syscalls.o (__errno)
c:/st/stm32cubeide_1.4.0/stm32cubeide/plugins/com.st.stm32cube.ide.mcu.externaltools.gnu-tools-for-stm32.7-2018-q2-update.win32_1.4.0.202007081208/tools/bin/../lib/gcc/arm-none-eabi/7.3.1/../../../../arm-none-eabi/lib/thumb/v7-m\libc_nano.a(lib_a-exit.o)
                              c:/st/stm32cubeide_1.4.0/stm32cubeide/plugins/com.st.stm32cube.ide.mcu.externaltools.gnu-tools-for-stm32.7-2018-q2-update.win32_1.4.0.202007081208/tools/bin/../lib/gcc/arm-none-eabi/7.3.1/../../../../arm-none-eabi/lib/thumb/v7-m/crt0.o (exit)
c:/st/stm32cubeide_1.4.0/stm32cubeide/plugins/com.st.stm32cube.ide.mcu.externaltools.gnu-tools-for-stm32.7-2018-q2-update.win32_1.4.0.202007081208/tools/bin/../lib/gcc/arm-none-eabi/7.3.1/../../../../arm-none-eabi/lib/thumb/v7-m\libc_nano.a(lib_a-impure.o)
                              c:/st/stm32cubeide_1.4.0/stm32cubeide/plugins/com.st.stm32cube.ide.mcu.externaltools.gnu-tools-for-stm32.7-2018-q2-update.win32_1.4.0.202007081208/tools/bin/../lib/gcc/arm-none-eabi/7.3.1/../../../../arm-none-eabi/lib/thumb/v7-m\libc_nano.a(lib_a-exit.o) (_global_impure_ptr)
c:/st/stm32cubeide_1.4.0/stm32cubeide/plugins/com.st.stm32cube.ide.mcu.externaltools.gnu-tools-for-stm32.7-2018-q2-update.win32_1.4.0.202007081208/tools/bin/../lib/gcc/arm-none-eabi/7.3.1/../../../../arm-none-eabi/lib/thumb/v7-m\libc_nano.a(lib_a-init.o)
                              c:/st/stm32cubeide_1.4.0/stm32cubeide/plugins/com.st.stm32cube.ide.mcu.externaltools.gnu-tools-for-stm32.7-2018-q2-update.win32_1.4.0.202007081208/tools/bin/../lib/gcc/arm-none-eabi/7.3.1/../../../../arm-none-eabi/lib/thumb/v7-m/crt0.o (__libc_init_array)
c:/st/stm32cubeide_1.4.0/stm32cubeide/plugins/com.st.stm32cube.ide.mcu.externaltools.gnu-tools-for-stm32.7-2018-q2-update.win32_1.4.0.202007081208/tools/bin/../lib/gcc/arm-none-eabi/7.3.1/../../../../arm-none-eabi/lib/thumb/v7-m\libc_nano.a(lib_a-memset.o)
                              c:/st/stm32cubeide_1.4.0/stm32cubeide/plugins/com.st.stm32cube.ide.mcu.externaltools.gnu-tools-for-stm32.7-2018-q2-update.win32_1.4.0.202007081208/tools/bin/../lib/gcc/arm-none-eabi/7.3.1/../../../../arm-none-eabi/lib/thumb/v7-m/crt0.o (memset)

Allocating common symbols
Common symbol       size              file

PinCfg              0x4               Src/main.o
GP_IRQ_CallBack     0x3c              stm32_f103c6_driver/EXIT_Driver_stm32f103c6/EXIT_Driver_stm32f103c6.o

Discarded input sections

 .text          0x0000000000000000        0x0 c:/st/stm32cubeide_1.4.0/stm32cubeide/plugins/com.st.stm32cube.ide.mcu.externaltools.gnu-tools-for-stm32.7-2018-q2-update.win32_1.4.0.202007081208/tools/bin/../lib/gcc/arm-none-eabi/7.3.1/thumb/v7-m/crti.o
 .data          0x0000000000000000        0x0 c:/st/stm32cubeide_1.4.0/stm32cubeide/plugins/com.st.stm32cube.ide.mcu.externaltools.gnu-tools-for-stm32.7-2018-q2-update.win32_1.4.0.202007081208/tools/bin/../lib/gcc/arm-none-eabi/7.3.1/thumb/v7-m/crti.o
 .bss           0x0000000000000000        0x0 c:/st/stm32cubeide_1.4.0/stm32cubeide/plugins/com.st.stm32cube.ide.mcu.externaltools.gnu-tools-for-stm32.7-2018-q2-update.win32_1.4.0.202007081208/tools/bin/../lib/gcc/arm-none-eabi/7.3.1/thumb/v7-m/crti.o
 .data          0x0000000000000000        0x4 c:/st/stm32cubeide_1.4.0/stm32cubeide/plugins/com.st.stm32cube.ide.mcu.externaltools.gnu-tools-for-stm32.7-2018-q2-update.win32_1.4.0.202007081208/tools/bin/../lib/gcc/arm-none-eabi/7.3.1/thumb/v7-m/crtbegin.o
 .text          0x0000000000000000       0x74 c:/st/stm32cubeide_1.4.0/stm32cubeide/plugins/com.st.stm32cube.ide.mcu.externaltools.gnu-tools-for-stm32.7-2018-q2-update.win32_1.4.0.202007081208/tools/bin/../lib/gcc/arm-none-eabi/7.3.1/../../../../arm-none-eabi/lib/thumb/v7-m/crt0.o
 .data          0x0000000000000000        0x0 c:/st/stm32cubeide_1.4.0/stm32cubeide/plugins/com.st.stm32cube.ide.mcu.externaltools.gnu-tools-for-stm32.7-2018-q2-update.win32_1.4.0.202007081208/tools/bin/../lib/gcc/arm-none-eabi/7.3.1/../../../../arm-none-eabi/lib/thumb/v7-m/crt0.o
 .bss           0x0000000000000000        0x0 c:/st/stm32cubeide_1.4.0/stm32cubeide/plugins/com.st.stm32cube.ide.mcu.externaltools.gnu-tools-for-stm32.7-2018-q2-update.win32_1.4.0.202007081208/tools/bin/../lib/gcc/arm-none-eabi/7.3.1/../../../../arm-none-eabi/lib/thumb/v7-m/crt0.o
 .ARM.extab     0x0000000000000000        0x0 c:/st/stm32cubeide_1.4.0/stm32cubeide/plugins/com.st.stm32cube.ide.mcu.externaltools.gnu-tools-for-stm32.7-2018-q2-update.win32_1.4.0.202007081208/tools/bin/../lib/gcc/arm-none-eabi/7.3.1/../../../../arm-none-eabi/lib/thumb/v7-m/crt0.o
 .ARM.exidx     0x0000000000000000        0x8 c:/st/stm32cubeide_1.4.0/stm32cubeide/plugins/com.st.stm32cube.ide.mcu.externaltools.gnu-tools-for-stm32.7-2018-q2-update.win32_1.4.0.202007081208/tools/bin/../lib/gcc/arm-none-eabi/7.3.1/../../../../arm-none-eabi/lib/thumb/v7-m/crt0.o
 .ARM.attributes
                0x0000000000000000       0x1b c:/st/stm32cubeide_1.4.0/stm32cubeide/plugins/com.st.stm32cube.ide.mcu.externaltools.gnu-tools-for-stm32.7-2018-q2-update.win32_1.4.0.202007081208/tools/bin/../lib/gcc/arm-none-eabi/7.3.1/../../../../arm-none-eabi/lib/thumb/v7-m/crt0.o
 .group         0x0000000000000000        0xc Src/main.o
 .group         0x0000000000000000        0xc Src/main.o
 .group         0x0000000000000000        0xc Src/main.o
 .group         0x0000000000000000        0xc Src/main.o
 .group         0x0000000000000000        0xc Src/main.o
 .group         0x0000000000000000        0xc Src/main.o
 .group         0x0000000000000000        0xc Src/main.o
 .group         0x0000000000000000        0xc Src/main.o
 .group         0x0000000000000000        0xc Src/main.o
 .group         0x0000000000000000        0xc Src/main.o
 .group         0x0000000000000000        0xc Src/main.o
 .group         0x0000000000000000        0xc Src/main.o
 .group         0x0000000000000000        0xc Src/main.o
 .group         0x0000000000000000        0xc Src/main.o
 .group         0x0000000000000000        0xc Src/main.o
 .group         0x0000000000000000        0xc Src/main.o
 .group         0x0000000000000000        0xc Src/main.o
 .group         0x0000000000000000        0xc Src/main.o
 .group         0x0000000000000000        0xc Src/main.o
 .group         0x0000000000000000        0xc Src/main.o
 .group         0x0000000000000000        0xc Src/main.o
 .group         0x0000000000000000        0xc Src/main.o
 .group         0x0000000000000000        0xc Src/main.o
 .group         0x0000000000000000        0xc Src/main.o
 .group         0x0000000000000000        0xc Src/main.o
 .group         0x0000000000000000        0xc Src/main.o
 .group         0x0000000000000000        0xc Src/main.o
 .text          0x0000000000000000        0x0 Src/main.o
 .data          0x0000000000000000        0x0 Src/main.o
 .bss           0x0000000000000000        0x0 Src/main.o
 .text.GPIO_init
                0x0000000000000000        0xc Src/main.o
 .text.CLOCK_init
                0x0000000000000000       0x28 Src/main.o
 .group         0x0000000000000000        0xc Src/syscalls.o
 .group         0x0000000000000000        0xc Src/syscalls.o
 .group         0x0000000000000000        0xc Src/syscalls.o
 .group         0x0000000000000000        0xc Src/syscalls.o
 .group         0x0000000000000000        0xc Src/syscalls.o
 .group         0x0000000000000000        0xc Src/syscalls.o
 .group         0x0000000000000000        0xc Src/syscalls.o
 .group         0x0000000000000000        0xc Src/syscalls.o
 .group         0x0000000000000000        0xc Src/syscalls.o
 .group         0x0000000000000000        0xc Src/syscalls.o
 .group         0x0000000000000000        0xc Src/syscalls.o
 .group         0x0000000000000000        0xc Src/syscalls.o
 .group         0x0000000000000000        0xc Src/syscalls.o
 .group         0x0000000000000000        0xc Src/syscalls.o
 .group         0x0000000000000000        0xc Src/syscalls.o
 .group         0x0000000000000000        0xc Src/syscalls.o
 .group         0x0000000000000000        0xc Src/syscalls.o
 .group         0x0000000000000000        0xc Src/syscalls.o
 .group         0x0000000000000000        0xc Src/syscalls.o
 .group         0x0000000000000000        0xc Src/syscalls.o
 .group         0x0000000000000000        0xc Src/syscalls.o
 .group         0x0000000000000000        0xc Src/syscalls.o
 .group         0x0000000000000000        0xc Src/syscalls.o
 .group         0x0000000000000000        0xc Src/syscalls.o
 .group         0x0000000000000000        0xc Src/syscalls.o
 .group         0x0000000000000000        0xc Src/syscalls.o
 .group         0x0000000000000000        0xc Src/syscalls.o
 .group         0x0000000000000000        0xc Src/syscalls.o
 .group         0x0000000000000000        0xc Src/syscalls.o
 .group         0x0000000000000000        0xc Src/syscalls.o
 .group         0x0000000000000000        0xc Src/syscalls.o
 .group         0x0000000000000000        0xc Src/syscalls.o
 .group         0x0000000000000000        0xc Src/syscalls.o
 .group         0x0000000000000000        0xc Src/syscalls.o
 .group         0x0000000000000000        0xc Src/syscalls.o
 .group         0x0000000000000000        0xc Src/syscalls.o
 .group         0x0000000000000000        0xc Src/syscalls.o
 .group         0x0000000000000000        0xc Src/syscalls.o
 .group         0x0000000000000000        0xc Src/syscalls.o
 .group         0x0000000000000000        0xc Src/syscalls.o
 .group         0x0000000000000000        0xc Src/syscalls.o
 .group         0x0000000000000000        0xc Src/syscalls.o
 .group         0x0000000000000000        0xc Src/syscalls.o
 .group         0x0000000000000000        0xc Src/syscalls.o
 .text          0x0000000000000000        0x0 Src/syscalls.o
 .data          0x0000000000000000        0x0 Src/syscalls.o
 .bss           0x0000000000000000        0x0 Src/syscalls.o
 .bss.__env     0x0000000000000000        0x4 Src/syscalls.o
 .data.environ  0x0000000000000000        0x4 Src/syscalls.o
 .text.initialise_monitor_handles
                0x0000000000000000        0xc Src/syscalls.o
 .text._getpid  0x0000000000000000        0xe Src/syscalls.o
 .text._kill    0x0000000000000000       0x20 Src/syscalls.o
 .text._exit    0x0000000000000000       0x14 Src/syscalls.o
 .text._read    0x0000000000000000       0x3a Src/syscalls.o
 .text._write   0x0000000000000000       0x38 Src/syscalls.o
 .text._close   0x0000000000000000       0x16 Src/syscalls.o
 .text._fstat   0x0000000000000000       0x1e Src/syscalls.o
 .text._isatty  0x0000000000000000       0x14 Src/syscalls.o
 .text._lseek   0x0000000000000000       0x18 Src/syscalls.o
 .text._open    0x0000000000000000       0x1a Src/syscalls.o
 .text._wait    0x0000000000000000       0x1e Src/syscalls.o
 .text._unlink  0x0000000000000000       0x1e Src/syscalls.o
 .text._times   0x0000000000000000       0x16 Src/syscalls.o
 .text._stat    0x0000000000000000       0x1e Src/syscalls.o
 .text._link    0x0000000000000000       0x20 Src/syscalls.o
 .text._fork    0x0000000000000000       0x16 Src/syscalls.o
 .text._execve  0x0000000000000000       0x22 Src/syscalls.o
 .debug_info    0x0000000000000000     0x1038 Src/syscalls.o
 .debug_abbrev  0x0000000000000000      0x254 Src/syscalls.o
 .debug_loc     0x0000000000000000      0x5b8 Src/syscalls.o
 .debug_aranges
                0x0000000000000000       0xa8 Src/syscalls.o
 .debug_ranges  0x0000000000000000       0x98 Src/syscalls.o
 .debug_macro   0x0000000000000000      0x243 Src/syscalls.o
 .debug_macro   0x0000000000000000      0xa60 Src/syscalls.o
 .debug_macro   0x0000000000000000       0x22 Src/syscalls.o
 .debug_macro   0x0000000000000000       0x40 Src/syscalls.o
 .debug_macro   0x0000000000000000       0x18 Src/syscalls.o
 .debug_macro   0x0000000000000000       0x94 Src/syscalls.o
 .debug_macro   0x0000000000000000       0x3c Src/syscalls.o
 .debug_macro   0x0000000000000000       0x34 Src/syscalls.o
 .debug_macro   0x0000000000000000       0x57 Src/syscalls.o
 .debug_macro   0x0000000000000000      0x174 Src/syscalls.o
 .debug_macro   0x0000000000000000      0x330 Src/syscalls.o
 .debug_macro   0x0000000000000000       0x52 Src/syscalls.o
 .debug_macro   0x0000000000000000       0x1f Src/syscalls.o
 .debug_macro   0x0000000000000000       0x43 Src/syscalls.o
 .debug_macro   0x0000000000000000       0x20 Src/syscalls.o
 .debug_macro   0x0000000000000000      0x1a3 Src/syscalls.o
 .debug_macro   0x0000000000000000       0x10 Src/syscalls.o
 .debug_macro   0x0000000000000000       0x35 Src/syscalls.o
 .debug_macro   0x0000000000000000       0x10 Src/syscalls.o
 .debug_macro   0x0000000000000000       0x10 Src/syscalls.o
 .debug_macro   0x0000000000000000       0x10 Src/syscalls.o
 .debug_macro   0x0000000000000000       0x6a Src/syscalls.o
 .debug_macro   0x0000000000000000       0x1c Src/syscalls.o
 .debug_macro   0x0000000000000000       0x52 Src/syscalls.o
 .debug_macro   0x0000000000000000       0x40 Src/syscalls.o
 .debug_macro   0x0000000000000000       0x10 Src/syscalls.o
 .debug_macro   0x0000000000000000       0x40 Src/syscalls.o
 .debug_macro   0x0000000000000000       0xd7 Src/syscalls.o
 .debug_macro   0x0000000000000000       0x1c Src/syscalls.o
 .debug_macro   0x0000000000000000       0x3d Src/syscalls.o
 .debug_macro   0x0000000000000000       0x35 Src/syscalls.o
 .debug_macro   0x0000000000000000      0x122 Src/syscalls.o
 .debug_macro   0x0000000000000000       0x16 Src/syscalls.o
 .debug_macro   0x0000000000000000       0x16 Src/syscalls.o
 .debug_macro   0x0000000000000000       0x29 Src/syscalls.o
 .debug_macro   0x0000000000000000       0x10 Src/syscalls.o
 .debug_macro   0x0000000000000000      0x241 Src/syscalls.o
 .debug_macro   0x0000000000000000       0x1c Src/syscalls.o
 .debug_macro   0x0000000000000000       0x10 Src/syscalls.o
 .debug_macro   0x0000000000000000       0x10 Src/syscalls.o
 .debug_macro   0x0000000000000000       0x16 Src/syscalls.o
 .debug_macro   0x0000000000000000      0x145 Src/syscalls.o
 .debug_macro   0x0000000000000000      0x189 Src/syscalls.o
 .debug_macro   0x0000000000000000       0x16 Src/syscalls.o
 .debug_macro   0x0000000000000000       0x88 Src/syscalls.o
 .debug_line    0x0000000000000000      0x739 Src/syscalls.o
 .debug_str     0x0000000000000000     0x887f Src/syscalls.o
 .comment       0x0000000000000000       0x7c Src/syscalls.o
 .debug_frame   0x0000000000000000      0x2ac Src/syscalls.o
 .ARM.attributes
                0x0000000000000000       0x33 Src/syscalls.o
 .group         0x0000000000000000        0xc Src/sysmem.o
 .group         0x0000000000000000        0xc Src/sysmem.o
 .group         0x0000000000000000        0xc Src/sysmem.o
 .group         0x0000000000000000        0xc Src/sysmem.o
 .group         0x0000000000000000        0xc Src/sysmem.o
 .group         0x0000000000000000        0xc Src/sysmem.o
 .group         0x0000000000000000        0xc Src/sysmem.o
 .group         0x0000000000000000        0xc Src/sysmem.o
 .group         0x0000000000000000        0xc Src/sysmem.o
 .group         0x0000000000000000        0xc Src/sysmem.o
 .group         0x0000000000000000        0xc Src/sysmem.o
 .group         0x0000000000000000        0xc Src/sysmem.o
 .group         0x0000000000000000        0xc Src/sysmem.o
 .group         0x0000000000000000        0xc Src/sysmem.o
 .group         0x0000000000000000        0xc Src/sysmem.o
 .group         0x0000000000000000        0xc Src/sysmem.o
 .group         0x0000000000000000        0xc Src/sysmem.o
 .group         0x0000000000000000        0xc Src/sysmem.o
 .group         0x0000000000000000        0xc Src/sysmem.o
 .text          0x0000000000000000        0x0 Src/sysmem.o
 .data          0x0000000000000000        0x0 Src/sysmem.o
 .bss           0x0000000000000000        0x0 Src/sysmem.o
 .bss.__sbrk_heap_end
                0x0000000000000000        0x4 Src/sysmem.o
 .text._sbrk    0x0000000000000000       0x6c Src/sysmem.o
 .debug_info    0x0000000000000000      0xa7c Src/sysmem.o
 .debug_abbrev  0x0000000000000000      0x18e Src/sysmem.o
 .debug_loc     0x0000000000000000       0x50 Src/sysmem.o
 .debug_aranges
                0x0000000000000000       0x20 Src/sysmem.o
 .debug_ranges  0x0000000000000000       0x10 Src/sysmem.o
 .debug_macro   0x0000000000000000       0xee Src/sysmem.o
 .debug_macro   0x0000000000000000      0xa60 Src/sysmem.o
 .debug_macro   0x0000000000000000       0x10 Src/sysmem.o
 .debug_macro   0x0000000000000000       0x22 Src/sysmem.o
 .debug_macro   0x0000000000000000       0x40 Src/sysmem.o
 .debug_macro   0x0000000000000000       0x18 Src/sysmem.o
 .debug_macro   0x0000000000000000       0x94 Src/sysmem.o
 .debug_macro   0x0000000000000000       0x3c Src/sysmem.o
 .debug_macro   0x0000000000000000       0x34 Src/sysmem.o
 .debug_macro   0x0000000000000000      0x174 Src/sysmem.o
 .debug_macro   0x0000000000000000       0x57 Src/sysmem.o
 .debug_macro   0x0000000000000000       0x52 Src/sysmem.o
 .debug_macro   0x0000000000000000       0x1f Src/sysmem.o
 .debug_macro   0x0000000000000000       0x43 Src/sysmem.o
 .debug_macro   0x0000000000000000       0x20 Src/sysmem.o
 .debug_macro   0x0000000000000000      0x1a3 Src/sysmem.o
 .debug_macro   0x0000000000000000      0x23b Src/sysmem.o
 .debug_macro   0x0000000000000000       0xef Src/sysmem.o
 .debug_macro   0x0000000000000000       0x6a Src/sysmem.o
 .debug_macro   0x0000000000000000      0x1df Src/sysmem.o
 .debug_line    0x0000000000000000      0x4c2 Src/sysmem.o
 .debug_str     0x0000000000000000     0x5f4d Src/sysmem.o
 .comment       0x0000000000000000       0x7c Src/sysmem.o
 .debug_frame   0x0000000000000000       0x34 Src/sysmem.o
 .ARM.attributes
                0x0000000000000000       0x33 Src/sysmem.o
 .text          0x0000000000000000       0x14 Startup/startup_stm32f103c6tx.o
 .data          0x0000000000000000        0x0 Startup/startup_stm32f103c6tx.o
 .bss           0x0000000000000000        0x0 Startup/startup_stm32f103c6tx.o
 .group         0x0000000000000000        0xc stm32_f103c6_driver/EXIT_Driver_stm32f103c6/EXIT_Driver_stm32f103c6.o
 .group         0x0000000000000000        0xc stm32_f103c6_driver/EXIT_Driver_stm32f103c6/EXIT_Driver_stm32f103c6.o
 .group         0x0000000000000000        0xc stm32_f103c6_driver/EXIT_Driver_stm32f103c6/EXIT_Driver_stm32f103c6.o
 .group         0x0000000000000000        0xc stm32_f103c6_driver/EXIT_Driver_stm32f103c6/EXIT_Driver_stm32f103c6.o
 .group         0x0000000000000000        0xc stm32_f103c6_driver/EXIT_Driver_stm32f103c6/EXIT_Driver_stm32f103c6.o
 .group         0x0000000000000000        0xc stm32_f103c6_driver/EXIT_Driver_stm32f103c6/EXIT_Driver_stm32f103c6.o
 .group         0x0000000000000000        0xc stm32_f103c6_driver/EXIT_Driver_stm32f103c6/EXIT_Driver_stm32f103c6.o
 .group         0x0000000000000000        0xc stm32_f103c6_driver/EXIT_Driver_stm32f103c6/EXIT_Driver_stm32f103c6.o
 .group         0x0000000000000000        0xc stm32_f103c6_driver/EXIT_Driver_stm32f103c6/EXIT_Driver_stm32f103c6.o
 .group         0x0000000000000000        0xc stm32_f103c6_driver/EXIT_Driver_stm32f103c6/EXIT_Driver_stm32f103c6.o
 .group         0x0000000000000000        0xc stm32_f103c6_driver/EXIT_Driver_stm32f103c6/EXIT_Driver_stm32f103c6.o
 .group         0x0000000000000000        0xc stm32_f103c6_driver/EXIT_Driver_stm32f103c6/EXIT_Driver_stm32f103c6.o
 .group         0x0000000000000000        0xc stm32_f103c6_driver/EXIT_Driver_stm32f103c6/EXIT_Driver_stm32f103c6.o
 .group         0x0000000000000000        0xc stm32_f103c6_driver/EXIT_Driver_stm32f103c6/EXIT_Driver_stm32f103c6.o
 .group         0x0000000000000000        0xc stm32_f103c6_driver/EXIT_Driver_stm32f103c6/EXIT_Driver_stm32f103c6.o
 .group         0x0000000000000000        0xc stm32_f103c6_driver/EXIT_Driver_stm32f103c6/EXIT_Driver_stm32f103c6.o
 .group         0x0000000000000000        0xc stm32_f103c6_driver/EXIT_Driver_stm32f103c6/EXIT_Driver_stm32f103c6.o
 .group         0x0000000000000000        0xc stm32_f103c6_driver/EXIT_Driver_stm32f103c6/EXIT_Driver_stm32f103c6.o
 .group         0x0000000000000000        0xc stm32_f103c6_driver/EXIT_Driver_stm32f103c6/EXIT_Driver_stm32f103c6.o
 .group         0x0000000000000000        0xc stm32_f103c6_driver/EXIT_Driver_stm32f103c6/EXIT_Driver_stm32f103c6.o
 .group         0x0000000000000000        0xc stm32_f103c6_driver/EXIT_Driver_stm32f103c6/EXIT_Driver_stm32f103c6.o
 .group         0x0000000000000000        0xc stm32_f103c6_driver/EXIT_Driver_stm32f103c6/EXIT_Driver_stm32f103c6.o
 .group         0x0000000000000000        0xc stm32_f103c6_driver/EXIT_Driver_stm32f103c6/EXIT_Driver_stm32f103c6.o
 .group         0x0000000000000000        0xc stm32_f103c6_driver/EXIT_Driver_stm32f103c6/EXIT_Driver_stm32f103c6.o
 .group         0x0000000000000000        0xc stm32_f103c6_driver/EXIT_Driver_stm32f103c6/EXIT_Driver_stm32f103c6.o
 .text          0x0000000000000000        0x0 stm32_f103c6_driver/EXIT_Driver_stm32f103c6/EXIT_Driver_stm32f103c6.o
 .data          0x0000000000000000        0x0 stm32_f103c6_driver/EXIT_Driver_stm32f103c6/EXIT_Driver_stm32f103c6.o
 .bss           0x0000000000000000        0x0 stm32_f103c6_driver/EXIT_Driver_stm32f103c6/EXIT_Driver_stm32f103c6.o
 .text.MCAL_EXTI_GPIO_DeInit
                0x0000000000000000       0x94 stm32_f103c6_driver/EXIT_Driver_stm32f103c6/EXIT_Driver_stm32f103c6.o
 .text.MCAL_EXTI_GPIO_Update
                0x0000000000000000       0x16 stm32_f103c6_driver/EXIT_Driver_stm32f103c6/EXIT_Driver_stm32f103c6.o
 .debug_macro   0x0000000000000000      0xa60 stm32_f103c6_driver/EXIT_Driver_stm32f103c6/EXIT_Driver_stm32f103c6.o
 .debug_macro   0x0000000000000000       0x22 stm32_f103c6_driver/EXIT_Driver_stm32f103c6/EXIT_Driver_stm32f103c6.o
 .debug_macro   0x0000000000000000       0x8e stm32_f103c6_driver/EXIT_Driver_stm32f103c6/EXIT_Driver_stm32f103c6.o
 .debug_macro   0x0000000000000000       0x51 stm32_f103c6_driver/EXIT_Driver_stm32f103c6/EXIT_Driver_stm32f103c6.o
 .debug_macro   0x0000000000000000       0xef stm32_f103c6_driver/EXIT_Driver_stm32f103c6/EXIT_Driver_stm32f103c6.o
 .debug_macro   0x0000000000000000       0x6a stm32_f103c6_driver/EXIT_Driver_stm32f103c6/EXIT_Driver_stm32f103c6.o
 .debug_macro   0x0000000000000000      0x1df stm32_f103c6_driver/EXIT_Driver_stm32f103c6/EXIT_Driver_stm32f103c6.o
 .debug_macro   0x0000000000000000       0x18 stm32_f103c6_driver/EXIT_Driver_stm32f103c6/EXIT_Driver_stm32f103c6.o
 .debug_macro   0x0000000000000000       0x46 stm32_f103c6_driver/EXIT_Driver_stm32f103c6/EXIT_Driver_stm32f103c6.o
 .debug_macro   0x0000000000000000       0x3c stm32_f103c6_driver/EXIT_Driver_stm32f103c6/EXIT_Driver_stm32f103c6.o
 .debug_macro   0x0000000000000000       0x34 stm32_f103c6_driver/EXIT_Driver_stm32f103c6/EXIT_Driver_stm32f103c6.o
 .debug_macro   0x0000000000000000       0x16 stm32_f103c6_driver/EXIT_Driver_stm32f103c6/EXIT_Driver_stm32f103c6.o
 .debug_macro   0x0000000000000000      0x10e stm32_f103c6_driver/EXIT_Driver_stm32f103c6/EXIT_Driver_stm32f103c6.o
 .debug_macro   0x0000000000000000       0x8d stm32_f103c6_driver/EXIT_Driver_stm32f103c6/EXIT_Driver_stm32f103c6.o
 .debug_macro   0x0000000000000000       0x52 stm32_f103c6_driver/EXIT_Driver_stm32f103c6/EXIT_Driver_stm32f103c6.o
 .debug_macro   0x0000000000000000       0x1f stm32_f103c6_driver/EXIT_Driver_stm32f103c6/EXIT_Driver_stm32f103c6.o
 .debug_macro   0x0000000000000000       0x43 stm32_f103c6_driver/EXIT_Driver_stm32f103c6/EXIT_Driver_stm32f103c6.o
 .debug_macro   0x0000000000000000       0x20 stm32_f103c6_driver/EXIT_Driver_stm32f103c6/EXIT_Driver_stm32f103c6.o
 .debug_macro   0x0000000000000000      0x1a3 stm32_f103c6_driver/EXIT_Driver_stm32f103c6/EXIT_Driver_stm32f103c6.o
 .debug_macro   0x0000000000000000      0x330 stm32_f103c6_driver/EXIT_Driver_stm32f103c6/EXIT_Driver_stm32f103c6.o
 .debug_macro   0x0000000000000000       0x16 stm32_f103c6_driver/EXIT_Driver_stm32f103c6/EXIT_Driver_stm32f103c6.o
 .debug_macro   0x0000000000000000       0x29 stm32_f103c6_driver/EXIT_Driver_stm32f103c6/EXIT_Driver_stm32f103c6.o
 .debug_macro   0x0000000000000000      0x1b0 stm32_f103c6_driver/EXIT_Driver_stm32f103c6/EXIT_Driver_stm32f103c6.o
 .debug_macro   0x0000000000000000       0xd6 stm32_f103c6_driver/EXIT_Driver_stm32f103c6/EXIT_Driver_stm32f103c6.o
 .debug_macro   0x0000000000000000      0x223 stm32_f103c6_driver/EXIT_Driver_stm32f103c6/EXIT_Driver_stm32f103c6.o
 .group         0x0000000000000000        0xc stm32_f103c6_driver/GPIO_Driver_stm32f103c6.o
 .group         0x0000000000000000        0xc stm32_f103c6_driver/GPIO_Driver_stm32f103c6.o
 .group         0x0000000000000000        0xc stm32_f103c6_driver/GPIO_Driver_stm32f103c6.o
 .group         0x0000000000000000        0xc stm32_f103c6_driver/GPIO_Driver_stm32f103c6.o
 .group         0x0000000000000000        0xc stm32_f103c6_driver/GPIO_Driver_stm32f103c6.o
 .group         0x0000000000000000        0xc stm32_f103c6_driver/GPIO_Driver_stm32f103c6.o
 .group         0x0000000000000000        0xc stm32_f103c6_driver/GPIO_Driver_stm32f103c6.o
 .group         0x0000000000000000        0xc stm32_f103c6_driver/GPIO_Driver_stm32f103c6.o
 .group         0x0000000000000000        0xc stm32_f103c6_driver/GPIO_Driver_stm32f103c6.o
 .group         0x0000000000000000        0xc stm32_f103c6_driver/GPIO_Driver_stm32f103c6.o
 .group         0x0000000000000000        0xc stm32_f103c6_driver/GPIO_Driver_stm32f103c6.o
 .group         0x0000000000000000        0xc stm32_f103c6_driver/GPIO_Driver_stm32f103c6.o
 .group         0x0000000000000000        0xc stm32_f103c6_driver/GPIO_Driver_stm32f103c6.o
 .group         0x0000000000000000        0xc stm32_f103c6_driver/GPIO_Driver_stm32f103c6.o
 .group         0x0000000000000000        0xc stm32_f103c6_driver/GPIO_Driver_stm32f103c6.o
 .group         0x0000000000000000        0xc stm32_f103c6_driver/GPIO_Driver_stm32f103c6.o
 .group         0x0000000000000000        0xc stm32_f103c6_driver/GPIO_Driver_stm32f103c6.o
 .group         0x0000000000000000        0xc stm32_f103c6_driver/GPIO_Driver_stm32f103c6.o
 .group         0x0000000000000000        0xc stm32_f103c6_driver/GPIO_Driver_stm32f103c6.o
 .group         0x0000000000000000        0xc stm32_f103c6_driver/GPIO_Driver_stm32f103c6.o
 .group         0x0000000000000000        0xc stm32_f103c6_driver/GPIO_Driver_stm32f103c6.o
 .group         0x0000000000000000        0xc stm32_f103c6_driver/GPIO_Driver_stm32f103c6.o
 .group         0x0000000000000000        0xc stm32_f103c6_driver/GPIO_Driver_stm32f103c6.o
 .group         0x0000000000000000        0xc stm32_f103c6_driver/GPIO_Driver_stm32f103c6.o
 .text          0x0000000000000000        0x0 stm32_f103c6_driver/GPIO_Driver_stm32f103c6.o
 .data          0x0000000000000000        0x0 stm32_f103c6_driver/GPIO_Driver_stm32f103c6.o
 .bss           0x0000000000000000        0x0 stm32_f103c6_driver/GPIO_Driver_stm32f103c6.o
 .text.MCAL_GPIO_DeInit
                0x0000000000000000       0xd0 stm32_f103c6_driver/GPIO_Driver_stm32f103c6.o
 .text.MCAL_GPIO_ReadPin
                0x0000000000000000       0x2e stm32_f103c6_driver/GPIO_Driver_stm32f103c6.o
 .text.MCAL_GPIO_ReadPort
                0x0000000000000000       0x1a stm32_f103c6_driver/GPIO_Driver_stm32f103c6.o
 .text.MCAL_GPIO_TogglePin
                0x0000000000000000       0x22 stm32_f103c6_driver/GPIO_Driver_stm32f103c6.o
 .text.MCAL_GPIO_LockPin
                0x0000000000000000       0x4e stm32_f103c6_driver/GPIO_Driver_stm32f103c6.o
 .debug_macro   0x0000000000000000      0xa60 stm32_f103c6_driver/GPIO_Driver_stm32f103c6.o
 .debug_macro   0x0000000000000000       0x22 stm32_f103c6_driver/GPIO_Driver_stm32f103c6.o
 .debug_macro   0x0000000000000000       0x8e stm32_f103c6_driver/GPIO_Driver_stm32f103c6.o
 .debug_macro   0x0000000000000000       0x51 stm32_f103c6_driver/GPIO_Driver_stm32f103c6.o
 .debug_macro   0x0000000000000000       0xef stm32_f103c6_driver/GPIO_Driver_stm32f103c6.o
 .debug_macro   0x0000000000000000       0x6a stm32_f103c6_driver/GPIO_Driver_stm32f103c6.o
 .debug_macro   0x0000000000000000      0x1df stm32_f103c6_driver/GPIO_Driver_stm32f103c6.o
 .debug_macro   0x0000000000000000       0x18 stm32_f103c6_driver/GPIO_Driver_stm32f103c6.o
 .debug_macro   0x0000000000000000       0x46 stm32_f103c6_driver/GPIO_Driver_stm32f103c6.o
 .debug_macro   0x0000000000000000       0x3c stm32_f103c6_driver/GPIO_Driver_stm32f103c6.o
 .debug_macro   0x0000000000000000       0x34 stm32_f103c6_driver/GPIO_Driver_stm32f103c6.o
 .debug_macro   0x0000000000000000       0x16 stm32_f103c6_driver/GPIO_Driver_stm32f103c6.o
 .debug_macro   0x0000000000000000      0x10e stm32_f103c6_driver/GPIO_Driver_stm32f103c6.o
 .debug_macro   0x0000000000000000       0x8d stm32_f103c6_driver/GPIO_Driver_stm32f103c6.o
 .debug_macro   0x0000000000000000       0x52 stm32_f103c6_driver/GPIO_Driver_stm32f103c6.o
 .debug_macro   0x0000000000000000       0x1f stm32_f103c6_driver/GPIO_Driver_stm32f103c6.o
 .debug_macro   0x0000000000000000       0x43 stm32_f103c6_driver/GPIO_Driver_stm32f103c6.o
 .debug_macro   0x0000000000000000       0x20 stm32_f103c6_driver/GPIO_Driver_stm32f103c6.o
 .debug_macro   0x0000000000000000      0x1a3 stm32_f103c6_driver/GPIO_Driver_stm32f103c6.o
 .debug_macro   0x0000000000000000      0x330 stm32_f103c6_driver/GPIO_Driver_stm32f103c6.o
 .debug_macro   0x0000000000000000       0x16 stm32_f103c6_driver/GPIO_Driver_stm32f103c6.o
 .debug_macro   0x0000000000000000       0x29 stm32_f103c6_driver/GPIO_Driver_stm32f103c6.o
 .debug_macro   0x0000000000000000      0x1b0 stm32_f103c6_driver/GPIO_Driver_stm32f103c6.o
 .group         0x0000000000000000        0xc stm32_f103c6_driver/KeyPad_Driver/keypad.o
 .group         0x0000000000000000        0xc stm32_f103c6_driver/KeyPad_Driver/keypad.o
 .group         0x0000000000000000        0xc stm32_f103c6_driver/KeyPad_Driver/keypad.o
 .group         0x0000000000000000        0xc stm32_f103c6_driver/KeyPad_Driver/keypad.o
 .group         0x0000000000000000        0xc stm32_f103c6_driver/KeyPad_Driver/keypad.o
 .group         0x0000000000000000        0xc stm32_f103c6_driver/KeyPad_Driver/keypad.o
 .group         0x0000000000000000        0xc stm32_f103c6_driver/KeyPad_Driver/keypad.o
 .group         0x0000000000000000        0xc stm32_f103c6_driver/KeyPad_Driver/keypad.o
 .group         0x0000000000000000        0xc stm32_f103c6_driver/KeyPad_Driver/keypad.o
 .group         0x0000000000000000        0xc stm32_f103c6_driver/KeyPad_Driver/keypad.o
 .group         0x0000000000000000        0xc stm32_f103c6_driver/KeyPad_Driver/keypad.o
 .group         0x0000000000000000        0xc stm32_f103c6_driver/KeyPad_Driver/keypad.o
 .group         0x0000000000000000        0xc stm32_f103c6_driver/KeyPad_Driver/keypad.o
 .group         0x0000000000000000        0xc stm32_f103c6_driver/KeyPad_Driver/keypad.o
 .group         0x0000000000000000        0xc stm32_f103c6_driver/KeyPad_Driver/keypad.o
 .group         0x0000000000000000        0xc stm32_f103c6_driver/KeyPad_Driver/keypad.o
 .group         0x0000000000000000        0xc stm32_f103c6_driver/KeyPad_Driver/keypad.o
 .group         0x0000000000000000        0xc stm32_f103c6_driver/KeyPad_Driver/keypad.o
 .group         0x0000000000000000        0xc stm32_f103c6_driver/KeyPad_Driver/keypad.o
 .group         0x0000000000000000        0xc stm32_f103c6_driver/KeyPad_Driver/keypad.o
 .group         0x0000000000000000        0xc stm32_f103c6_driver/KeyPad_Driver/keypad.o
 .group         0x0000000000000000        0xc stm32_f103c6_driver/KeyPad_Driver/keypad.o
 .group         0x0000000000000000        0xc stm32_f103c6_driver/KeyPad_Driver/keypad.o
 .group         0x0000000000000000        0xc stm32_f103c6_driver/KeyPad_Driver/keypad.o
 .group         0x0000000000000000        0xc stm32_f103c6_driver/KeyPad_Driver/keypad.o
 .text          0x0000000000000000        0x0 stm32_f103c6_driver/KeyPad_Driver/keypad.o
 .data          0x0000000000000000        0x0 stm32_f103c6_driver/KeyPad_Driver/keypad.o
 .bss           0x0000000000000000        0x0 stm32_f103c6_driver/KeyPad_Driver/keypad.o
 .data.Key_padRow
                0x0000000000000000       0x10 stm32_f103c6_driver/KeyPad_Driver/keypad.o
 .data.Key_padCol
                0x0000000000000000       0x10 stm32_f103c6_driver/KeyPad_Driver/keypad.o
 .text.delay_mss
                0x0000000000000000       0x38 stm32_f103c6_driver/KeyPad_Driver/keypad.o
 .text.Keypad_init
                0x0000000000000000       0xcc stm32_f103c6_driver/KeyPad_Driver/keypad.o
 .text.Keypad_getkey
                0x0000000000000000      0x194 stm32_f103c6_driver/KeyPad_Driver/keypad.o
 .debug_info    0x0000000000000000      0xb48 stm32_f103c6_driver/KeyPad_Driver/keypad.o
 .debug_abbrev  0x0000000000000000      0x1de stm32_f103c6_driver/KeyPad_Driver/keypad.o
 .debug_loc     0x0000000000000000       0xfc stm32_f103c6_driver/KeyPad_Driver/keypad.o
 .debug_aranges
                0x0000000000000000       0x30 stm32_f103c6_driver/KeyPad_Driver/keypad.o
 .debug_ranges  0x0000000000000000       0x20 stm32_f103c6_driver/KeyPad_Driver/keypad.o
 .debug_macro   0x0000000000000000      0x14e stm32_f103c6_driver/KeyPad_Driver/keypad.o
 .debug_macro   0x0000000000000000      0xa60 stm32_f103c6_driver/KeyPad_Driver/keypad.o
 .debug_macro   0x0000000000000000       0x22 stm32_f103c6_driver/KeyPad_Driver/keypad.o
 .debug_macro   0x0000000000000000       0x8e stm32_f103c6_driver/KeyPad_Driver/keypad.o
 .debug_macro   0x0000000000000000       0x51 stm32_f103c6_driver/KeyPad_Driver/keypad.o
 .debug_macro   0x0000000000000000       0xef stm32_f103c6_driver/KeyPad_Driver/keypad.o
 .debug_macro   0x0000000000000000       0x6a stm32_f103c6_driver/KeyPad_Driver/keypad.o
 .debug_macro   0x0000000000000000      0x1df stm32_f103c6_driver/KeyPad_Driver/keypad.o
 .debug_macro   0x0000000000000000       0x18 stm32_f103c6_driver/KeyPad_Driver/keypad.o
 .debug_macro   0x0000000000000000       0x46 stm32_f103c6_driver/KeyPad_Driver/keypad.o
 .debug_macro   0x0000000000000000       0x3c stm32_f103c6_driver/KeyPad_Driver/keypad.o
 .debug_macro   0x0000000000000000       0x34 stm32_f103c6_driver/KeyPad_Driver/keypad.o
 .debug_macro   0x0000000000000000       0x16 stm32_f103c6_driver/KeyPad_Driver/keypad.o
 .debug_macro   0x0000000000000000      0x10e stm32_f103c6_driver/KeyPad_Driver/keypad.o
 .debug_macro   0x0000000000000000       0x8d stm32_f103c6_driver/KeyPad_Driver/keypad.o
 .debug_macro   0x0000000000000000       0x52 stm32_f103c6_driver/KeyPad_Driver/keypad.o
 .debug_macro   0x0000000000000000       0x1f stm32_f103c6_driver/KeyPad_Driver/keypad.o
 .debug_macro   0x0000000000000000       0x43 stm32_f103c6_driver/KeyPad_Driver/keypad.o
 .debug_macro   0x0000000000000000       0x20 stm32_f103c6_driver/KeyPad_Driver/keypad.o
 .debug_macro   0x0000000000000000      0x1a3 stm32_f103c6_driver/KeyPad_Driver/keypad.o
 .debug_macro   0x0000000000000000      0x330 stm32_f103c6_driver/KeyPad_Driver/keypad.o
 .debug_macro   0x0000000000000000       0x16 stm32_f103c6_driver/KeyPad_Driver/keypad.o
 .debug_macro   0x0000000000000000       0x29 stm32_f103c6_driver/KeyPad_Driver/keypad.o
 .debug_macro   0x0000000000000000      0x1b0 stm32_f103c6_driver/KeyPad_Driver/keypad.o
 .debug_macro   0x0000000000000000       0xd6 stm32_f103c6_driver/KeyPad_Driver/keypad.o
 .debug_macro   0x0000000000000000       0x3a stm32_f103c6_driver/KeyPad_Driver/keypad.o
 .debug_line    0x0000000000000000      0x632 stm32_f103c6_driver/KeyPad_Driver/keypad.o
 .debug_str     0x0000000000000000     0x7e2f stm32_f103c6_driver/KeyPad_Driver/keypad.o
 .comment       0x0000000000000000       0x7c stm32_f103c6_driver/KeyPad_Driver/keypad.o
 .debug_frame   0x0000000000000000       0x80 stm32_f103c6_driver/KeyPad_Driver/keypad.o
 .ARM.attributes
                0x0000000000000000       0x33 stm32_f103c6_driver/KeyPad_Driver/keypad.o
 .group         0x0000000000000000        0xc stm32_f103c6_driver/LCD_Driver/lcd.o
 .group         0x0000000000000000        0xc stm32_f103c6_driver/LCD_Driver/lcd.o
 .group         0x0000000000000000        0xc stm32_f103c6_driver/LCD_Driver/lcd.o
 .group         0x0000000000000000        0xc stm32_f103c6_driver/LCD_Driver/lcd.o
 .group         0x0000000000000000        0xc stm32_f103c6_driver/LCD_Driver/lcd.o
 .group         0x0000000000000000        0xc stm32_f103c6_driver/LCD_Driver/lcd.o
 .group         0x0000000000000000        0xc stm32_f103c6_driver/LCD_Driver/lcd.o
 .group         0x0000000000000000        0xc stm32_f103c6_driver/LCD_Driver/lcd.o
 .group         0x0000000000000000        0xc stm32_f103c6_driver/LCD_Driver/lcd.o
 .group         0x0000000000000000        0xc stm32_f103c6_driver/LCD_Driver/lcd.o
 .group         0x0000000000000000        0xc stm32_f103c6_driver/LCD_Driver/lcd.o
 .group         0x0000000000000000        0xc stm32_f103c6_driver/LCD_Driver/lcd.o
 .group         0x0000000000000000        0xc stm32_f103c6_driver/LCD_Driver/lcd.o
 .group         0x0000000000000000        0xc stm32_f103c6_driver/LCD_Driver/lcd.o
 .group         0x0000000000000000        0xc stm32_f103c6_driver/LCD_Driver/lcd.o
 .group         0x0000000000000000        0xc stm32_f103c6_driver/LCD_Driver/lcd.o
 .group         0x0000000000000000        0xc stm32_f103c6_driver/LCD_Driver/lcd.o
 .group         0x0000000000000000        0xc stm32_f103c6_driver/LCD_Driver/lcd.o
 .group         0x0000000000000000        0xc stm32_f103c6_driver/LCD_Driver/lcd.o
 .group         0x0000000000000000        0xc stm32_f103c6_driver/LCD_Driver/lcd.o
 .group         0x0000000000000000        0xc stm32_f103c6_driver/LCD_Driver/lcd.o
 .group         0x0000000000000000        0xc stm32_f103c6_driver/LCD_Driver/lcd.o
 .group         0x0000000000000000        0xc stm32_f103c6_driver/LCD_Driver/lcd.o
 .group         0x0000000000000000        0xc stm32_f103c6_driver/LCD_Driver/lcd.o
 .group         0x0000000000000000        0xc stm32_f103c6_driver/LCD_Driver/lcd.o
 .text          0x0000000000000000        0x0 stm32_f103c6_driver/LCD_Driver/lcd.o
 .data          0x0000000000000000        0x0 stm32_f103c6_driver/LCD_Driver/lcd.o
 .bss           0x0000000000000000        0x0 stm32_f103c6_driver/LCD_Driver/lcd.o
 .text.LCD_check_lcd_isbusy
                0x0000000000000000       0xd8 stm32_f103c6_driver/LCD_Driver/lcd.o
 .debug_macro   0x0000000000000000      0xa60 stm32_f103c6_driver/LCD_Driver/lcd.o
 .debug_macro   0x0000000000000000       0x22 stm32_f103c6_driver/LCD_Driver/lcd.o
 .debug_macro   0x0000000000000000       0x8e stm32_f103c6_driver/LCD_Driver/lcd.o
 .debug_macro   0x0000000000000000       0x51 stm32_f103c6_driver/LCD_Driver/lcd.o
 .debug_macro   0x0000000000000000       0xef stm32_f103c6_driver/LCD_Driver/lcd.o
 .debug_macro   0x0000000000000000       0x6a stm32_f103c6_driver/LCD_Driver/lcd.o
 .debug_macro   0x0000000000000000      0x1df stm32_f103c6_driver/LCD_Driver/lcd.o
 .debug_macro   0x0000000000000000       0x18 stm32_f103c6_driver/LCD_Driver/lcd.o
 .debug_macro   0x0000000000000000       0x46 stm32_f103c6_driver/LCD_Driver/lcd.o
 .debug_macro   0x0000000000000000       0x3c stm32_f103c6_driver/LCD_Driver/lcd.o
 .debug_macro   0x0000000000000000       0x34 stm32_f103c6_driver/LCD_Driver/lcd.o
 .debug_macro   0x0000000000000000       0x16 stm32_f103c6_driver/LCD_Driver/lcd.o
 .debug_macro   0x0000000000000000      0x10e stm32_f103c6_driver/LCD_Driver/lcd.o
 .debug_macro   0x0000000000000000       0x8d stm32_f103c6_driver/LCD_Driver/lcd.o
 .debug_macro   0x0000000000000000       0x52 stm32_f103c6_driver/LCD_Driver/lcd.o
 .debug_macro   0x0000000000000000       0x1f stm32_f103c6_driver/LCD_Driver/lcd.o
 .debug_macro   0x0000000000000000       0x43 stm32_f103c6_driver/LCD_Driver/lcd.o
 .debug_macro   0x0000000000000000       0x20 stm32_f103c6_driver/LCD_Driver/lcd.o
 .debug_macro   0x0000000000000000      0x1a3 stm32_f103c6_driver/LCD_Driver/lcd.o
 .debug_macro   0x0000000000000000      0x330 stm32_f103c6_driver/LCD_Driver/lcd.o
 .debug_macro   0x0000000000000000       0x16 stm32_f103c6_driver/LCD_Driver/lcd.o
 .debug_macro   0x0000000000000000       0x29 stm32_f103c6_driver/LCD_Driver/lcd.o
 .debug_macro   0x0000000000000000      0x1b0 stm32_f103c6_driver/LCD_Driver/lcd.o
 .debug_macro   0x0000000000000000       0xd6 stm32_f103c6_driver/LCD_Driver/lcd.o
 .text          0x0000000000000000        0x0 c:/st/stm32cubeide_1.4.0/stm32cubeide/plugins/com.st.stm32cube.ide.mcu.externaltools.gnu-tools-for-stm32.7-2018-q2-update.win32_1.4.0.202007081208/tools/bin/../lib/gcc/arm-none-eabi/7.3.1/../../../../arm-none-eabi/lib/thumb/v7-m\libc_nano.a(lib_a-errno.o)
 .data          0x0000000000000000        0x0 c:/st/stm32cubeide_1.4.0/stm32cubeide/plugins/com.st.stm32cube.ide.mcu.externaltools.gnu-tools-for-stm32.7-2018-q2-update.win32_1.4.0.202007081208/tools/bin/../lib/gcc/arm-none-eabi/7.3.1/../../../../arm-none-eabi/lib/thumb/v7-m\libc_nano.a(lib_a-errno.o)
 .bss           0x0000000000000000        0x0 c:/st/stm32cubeide_1.4.0/stm32cubeide/plugins/com.st.stm32cube.ide.mcu.externaltools.gnu-tools-for-stm32.7-2018-q2-update.win32_1.4.0.202007081208/tools/bin/../lib/gcc/arm-none-eabi/7.3.1/../../../../arm-none-eabi/lib/thumb/v7-m\libc_nano.a(lib_a-errno.o)
 .text.__errno  0x0000000000000000        0xc c:/st/stm32cubeide_1.4.0/stm32cubeide/plugins/com.st.stm32cube.ide.mcu.externaltools.gnu-tools-for-stm32.7-2018-q2-update.win32_1.4.0.202007081208/tools/bin/../lib/gcc/arm-none-eabi/7.3.1/../../../../arm-none-eabi/lib/thumb/v7-m\libc_nano.a(lib_a-errno.o)
 .debug_frame   0x0000000000000000       0x20 c:/st/stm32cubeide_1.4.0/stm32cubeide/plugins/com.st.stm32cube.ide.mcu.externaltools.gnu-tools-for-stm32.7-2018-q2-update.win32_1.4.0.202007081208/tools/bin/../lib/gcc/arm-none-eabi/7.3.1/../../../../arm-none-eabi/lib/thumb/v7-m\libc_nano.a(lib_a-errno.o)
 .ARM.attributes
                0x0000000000000000       0x2d c:/st/stm32cubeide_1.4.0/stm32cubeide/plugins/com.st.stm32cube.ide.mcu.externaltools.gnu-tools-for-stm32.7-2018-q2-update.win32_1.4.0.202007081208/tools/bin/../lib/gcc/arm-none-eabi/7.3.1/../../../../arm-none-eabi/lib/thumb/v7-m\libc_nano.a(lib_a-errno.o)
 .text          0x0000000000000000        0x0 c:/st/stm32cubeide_1.4.0/stm32cubeide/plugins/com.st.stm32cube.ide.mcu.externaltools.gnu-tools-for-stm32.7-2018-q2-update.win32_1.4.0.202007081208/tools/bin/../lib/gcc/arm-none-eabi/7.3.1/../../../../arm-none-eabi/lib/thumb/v7-m\libc_nano.a(lib_a-exit.o)
 .data          0x0000000000000000        0x0 c:/st/stm32cubeide_1.4.0/stm32cubeide/plugins/com.st.stm32cube.ide.mcu.externaltools.gnu-tools-for-stm32.7-2018-q2-update.win32_1.4.0.202007081208/tools/bin/../lib/gcc/arm-none-eabi/7.3.1/../../../../arm-none-eabi/lib/thumb/v7-m\libc_nano.a(lib_a-exit.o)
 .bss           0x0000000000000000        0x0 c:/st/stm32cubeide_1.4.0/stm32cubeide/plugins/com.st.stm32cube.ide.mcu.externaltools.gnu-tools-for-stm32.7-2018-q2-update.win32_1.4.0.202007081208/tools/bin/../lib/gcc/arm-none-eabi/7.3.1/../../../../arm-none-eabi/lib/thumb/v7-m\libc_nano.a(lib_a-exit.o)
 .text.exit     0x0000000000000000       0x28 c:/st/stm32cubeide_1.4.0/stm32cubeide/plugins/com.st.stm32cube.ide.mcu.externaltools.gnu-tools-for-stm32.7-2018-q2-update.win32_1.4.0.202007081208/tools/bin/../lib/gcc/arm-none-eabi/7.3.1/../../../../arm-none-eabi/lib/thumb/v7-m\libc_nano.a(lib_a-exit.o)
 .debug_frame   0x0000000000000000       0x28 c:/st/stm32cubeide_1.4.0/stm32cubeide/plugins/com.st.stm32cube.ide.mcu.externaltools.gnu-tools-for-stm32.7-2018-q2-update.win32_1.4.0.202007081208/tools/bin/../lib/gcc/arm-none-eabi/7.3.1/../../../../arm-none-eabi/lib/thumb/v7-m\libc_nano.a(lib_a-exit.o)
 .ARM.attributes
                0x0000000000000000       0x2d c:/st/stm32cubeide_1.4.0/stm32cubeide/plugins/com.st.stm32cube.ide.mcu.externaltools.gnu-tools-for-stm32.7-2018-q2-update.win32_1.4.0.202007081208/tools/bin/../lib/gcc/arm-none-eabi/7.3.1/../../../../arm-none-eabi/lib/thumb/v7-m\libc_nano.a(lib_a-exit.o)
 .text          0x0000000000000000        0x0 c:/st/stm32cubeide_1.4.0/stm32cubeide/plugins/com.st.stm32cube.ide.mcu.externaltools.gnu-tools-for-stm32.7-2018-q2-update.win32_1.4.0.202007081208/tools/bin/../lib/gcc/arm-none-eabi/7.3.1/../../../../arm-none-eabi/lib/thumb/v7-m\libc_nano.a(lib_a-impure.o)
 .data          0x0000000000000000        0x0 c:/st/stm32cubeide_1.4.0/stm32cubeide/plugins/com.st.stm32cube.ide.mcu.externaltools.gnu-tools-for-stm32.7-2018-q2-update.win32_1.4.0.202007081208/tools/bin/../lib/gcc/arm-none-eabi/7.3.1/../../../../arm-none-eabi/lib/thumb/v7-m\libc_nano.a(lib_a-impure.o)
 .bss           0x0000000000000000        0x0 c:/st/stm32cubeide_1.4.0/stm32cubeide/plugins/com.st.stm32cube.ide.mcu.externaltools.gnu-tools-for-stm32.7-2018-q2-update.win32_1.4.0.202007081208/tools/bin/../lib/gcc/arm-none-eabi/7.3.1/../../../../arm-none-eabi/lib/thumb/v7-m\libc_nano.a(lib_a-impure.o)
 .data._impure_ptr
                0x0000000000000000        0x4 c:/st/stm32cubeide_1.4.0/stm32cubeide/plugins/com.st.stm32cube.ide.mcu.externaltools.gnu-tools-for-stm32.7-2018-q2-update.win32_1.4.0.202007081208/tools/bin/../lib/gcc/arm-none-eabi/7.3.1/../../../../arm-none-eabi/lib/thumb/v7-m\libc_nano.a(lib_a-impure.o)
 .data.impure_data
                0x0000000000000000       0x60 c:/st/stm32cubeide_1.4.0/stm32cubeide/plugins/com.st.stm32cube.ide.mcu.externaltools.gnu-tools-for-stm32.7-2018-q2-update.win32_1.4.0.202007081208/tools/bin/../lib/gcc/arm-none-eabi/7.3.1/../../../../arm-none-eabi/lib/thumb/v7-m\libc_nano.a(lib_a-impure.o)
 .rodata._global_impure_ptr
                0x0000000000000000        0x4 c:/st/stm32cubeide_1.4.0/stm32cubeide/plugins/com.st.stm32cube.ide.mcu.externaltools.gnu-tools-for-stm32.7-2018-q2-update.win32_1.4.0.202007081208/tools/bin/../lib/gcc/arm-none-eabi/7.3.1/../../../../arm-none-eabi/lib/thumb/v7-m\libc_nano.a(lib_a-impure.o)
 .ARM.attributes
                0x0000000000000000       0x2d c:/st/stm32cubeide_1.4.0/stm32cubeide/plugins/com.st.stm32cube.ide.mcu.externaltools.gnu-tools-for-stm32.7-2018-q2-update.win32_1.4.0.202007081208/tools/bin/../lib/gcc/arm-none-eabi/7.3.1/../../../../arm-none-eabi/lib/thumb/v7-m\libc_nano.a(lib_a-impure.o)
 .text          0x0000000000000000        0x0 c:/st/stm32cubeide_1.4.0/stm32cubeide/plugins/com.st.stm32cube.ide.mcu.externaltools.gnu-tools-for-stm32.7-2018-q2-update.win32_1.4.0.202007081208/tools/bin/../lib/gcc/arm-none-eabi/7.3.1/../../../../arm-none-eabi/lib/thumb/v7-m\libc_nano.a(lib_a-init.o)
 .data          0x0000000000000000        0x0 c:/st/stm32cubeide_1.4.0/stm32cubeide/plugins/com.st.stm32cube.ide.mcu.externaltools.gnu-tools-for-stm32.7-2018-q2-update.win32_1.4.0.202007081208/tools/bin/../lib/gcc/arm-none-eabi/7.3.1/../../../../arm-none-eabi/lib/thumb/v7-m\libc_nano.a(lib_a-init.o)
 .bss           0x0000000000000000        0x0 c:/st/stm32cubeide_1.4.0/stm32cubeide/plugins/com.st.stm32cube.ide.mcu.externaltools.gnu-tools-for-stm32.7-2018-q2-update.win32_1.4.0.202007081208/tools/bin/../lib/gcc/arm-none-eabi/7.3.1/../../../../arm-none-eabi/lib/thumb/v7-m\libc_nano.a(lib_a-init.o)
 .text          0x0000000000000000        0x0 c:/st/stm32cubeide_1.4.0/stm32cubeide/plugins/com.st.stm32cube.ide.mcu.externaltools.gnu-tools-for-stm32.7-2018-q2-update.win32_1.4.0.202007081208/tools/bin/../lib/gcc/arm-none-eabi/7.3.1/../../../../arm-none-eabi/lib/thumb/v7-m\libc_nano.a(lib_a-memset.o)
 .data          0x0000000000000000        0x0 c:/st/stm32cubeide_1.4.0/stm32cubeide/plugins/com.st.stm32cube.ide.mcu.externaltools.gnu-tools-for-stm32.7-2018-q2-update.win32_1.4.0.202007081208/tools/bin/../lib/gcc/arm-none-eabi/7.3.1/../../../../arm-none-eabi/lib/thumb/v7-m\libc_nano.a(lib_a-memset.o)
 .bss           0x0000000000000000        0x0 c:/st/stm32cubeide_1.4.0/stm32cubeide/plugins/com.st.stm32cube.ide.mcu.externaltools.gnu-tools-for-stm32.7-2018-q2-update.win32_1.4.0.202007081208/tools/bin/../lib/gcc/arm-none-eabi/7.3.1/../../../../arm-none-eabi/lib/thumb/v7-m\libc_nano.a(lib_a-memset.o)
 .text.memset   0x0000000000000000       0x10 c:/st/stm32cubeide_1.4.0/stm32cubeide/plugins/com.st.stm32cube.ide.mcu.externaltools.gnu-tools-for-stm32.7-2018-q2-update.win32_1.4.0.202007081208/tools/bin/../lib/gcc/arm-none-eabi/7.3.1/../../../../arm-none-eabi/lib/thumb/v7-m\libc_nano.a(lib_a-memset.o)
 .debug_frame   0x0000000000000000       0x20 c:/st/stm32cubeide_1.4.0/stm32cubeide/plugins/com.st.stm32cube.ide.mcu.externaltools.gnu-tools-for-stm32.7-2018-q2-update.win32_1.4.0.202007081208/tools/bin/../lib/gcc/arm-none-eabi/7.3.1/../../../../arm-none-eabi/lib/thumb/v7-m\libc_nano.a(lib_a-memset.o)
 .ARM.attributes
                0x0000000000000000       0x2d c:/st/stm32cubeide_1.4.0/stm32cubeide/plugins/com.st.stm32cube.ide.mcu.externaltools.gnu-tools-for-stm32.7-2018-q2-update.win32_1.4.0.202007081208/tools/bin/../lib/gcc/arm-none-eabi/7.3.1/../../../../arm-none-eabi/lib/thumb/v7-m\libc_nano.a(lib_a-memset.o)
 .text          0x0000000000000000        0x0 c:/st/stm32cubeide_1.4.0/stm32cubeide/plugins/com.st.stm32cube.ide.mcu.externaltools.gnu-tools-for-stm32.7-2018-q2-update.win32_1.4.0.202007081208/tools/bin/../lib/gcc/arm-none-eabi/7.3.1/thumb/v7-m/crtend.o
 .data          0x0000000000000000        0x0 c:/st/stm32cubeide_1.4.0/stm32cubeide/plugins/com.st.stm32cube.ide.mcu.externaltools.gnu-tools-for-stm32.7-2018-q2-update.win32_1.4.0.202007081208/tools/bin/../lib/gcc/arm-none-eabi/7.3.1/thumb/v7-m/crtend.o
 .bss           0x0000000000000000        0x0 c:/st/stm32cubeide_1.4.0/stm32cubeide/plugins/com.st.stm32cube.ide.mcu.externaltools.gnu-tools-for-stm32.7-2018-q2-update.win32_1.4.0.202007081208/tools/bin/../lib/gcc/arm-none-eabi/7.3.1/thumb/v7-m/crtend.o
 .eh_frame      0x0000000000000000        0x4 c:/st/stm32cubeide_1.4.0/stm32cubeide/plugins/com.st.stm32cube.ide.mcu.externaltools.gnu-tools-for-stm32.7-2018-q2-update.win32_1.4.0.202007081208/tools/bin/../lib/gcc/arm-none-eabi/7.3.1/thumb/v7-m/crtend.o
 .ARM.attributes
                0x0000000000000000       0x2d c:/st/stm32cubeide_1.4.0/stm32cubeide/plugins/com.st.stm32cube.ide.mcu.externaltools.gnu-tools-for-stm32.7-2018-q2-update.win32_1.4.0.202007081208/tools/bin/../lib/gcc/arm-none-eabi/7.3.1/thumb/v7-m/crtend.o
 .text          0x0000000000000000        0x0 c:/st/stm32cubeide_1.4.0/stm32cubeide/plugins/com.st.stm32cube.ide.mcu.externaltools.gnu-tools-for-stm32.7-2018-q2-update.win32_1.4.0.202007081208/tools/bin/../lib/gcc/arm-none-eabi/7.3.1/thumb/v7-m/crtn.o
 .data          0x0000000000000000        0x0 c:/st/stm32cubeide_1.4.0/stm32cubeide/plugins/com.st.stm32cube.ide.mcu.externaltools.gnu-tools-for-stm32.7-2018-q2-update.win32_1.4.0.202007081208/tools/bin/../lib/gcc/arm-none-eabi/7.3.1/thumb/v7-m/crtn.o
 .bss           0x0000000000000000        0x0 c:/st/stm32cubeide_1.4.0/stm32cubeide/plugins/com.st.stm32cube.ide.mcu.externaltools.gnu-tools-for-stm32.7-2018-q2-update.win32_1.4.0.202007081208/tools/bin/../lib/gcc/arm-none-eabi/7.3.1/thumb/v7-m/crtn.o

Memory Configuration

Name             Origin             Length             Attributes
RAM              0x0000000020000000 0x0000000000002800 xrw
ROM              0x0000000008000000 0x0000000000008000 xr
*default*        0x0000000000000000 0xffffffffffffffff

Linker script and memory map

LOAD c:/st/stm32cubeide_1.4.0/stm32cubeide/plugins/com.st.stm32cube.ide.mcu.externaltools.gnu-tools-for-stm32.7-2018-q2-update.win32_1.4.0.202007081208/tools/bin/../lib/gcc/arm-none-eabi/7.3.1/thumb/v7-m/crti.o
LOAD c:/st/stm32cubeide_1.4.0/stm32cubeide/plugins/com.st.stm32cube.ide.mcu.externaltools.gnu-tools-for-stm32.7-2018-q2-update.win32_1.4.0.202007081208/tools/bin/../lib/gcc/arm-none-eabi/7.3.1/thumb/v7-m/crtbegin.o
LOAD c:/st/stm32cubeide_1.4.0/stm32cubeide/plugins/com.st.stm32cube.ide.mcu.externaltools.gnu-tools-for-stm32.7-2018-q2-update.win32_1.4.0.202007081208/tools/bin/../lib/gcc/arm-none-eabi/7.3.1/../../../../arm-none-eabi/lib/thumb/v7-m/crt0.o
LOAD Src/main.o
LOAD Src/syscalls.o
LOAD Src/sysmem.o
LOAD Startup/startup_stm32f103c6tx.o
LOAD stm32_f103c6_driver/EXIT_Driver_stm32f103c6/EXIT_Driver_stm32f103c6.o
LOAD stm32_f103c6_driver/GPIO_Driver_stm32f103c6.o
LOAD stm32_f103c6_driver/KeyPad_Driver/keypad.o
LOAD stm32_f103c6_driver/LCD_Driver/lcd.o
START GROUP
LOAD c:/st/stm32cubeide_1.4.0/stm32cubeide/plugins/com.st.stm32cube.ide.mcu.externaltools.gnu-tools-for-stm32.7-2018-q2-update.win32_1.4.0.202007081208/tools/bin/../lib/gcc/arm-none-eabi/7.3.1/../../../../arm-none-eabi/lib/thumb/v7-m\libc_nano.a
LOAD c:/st/stm32cubeide_1.4.0/stm32cubeide/plugins/com.st.stm32cube.ide.mcu.externaltools.gnu-tools-for-stm32.7-2018-q2-update.win32_1.4.0.202007081208/tools/bin/../lib/gcc/arm-none-eabi/7.3.1/../../../../arm-none-eabi/lib/thumb/v7-m\libm.a
END GROUP
START GROUP
LOAD c:/st/stm32cubeide_1.4.0/stm32cubeide/plugins/com.st.stm32cube.ide.mcu.externaltools.gnu-tools-for-stm32.7-2018-q2-update.win32_1.4.0.202007081208/tools/bin/../lib/gcc/arm-none-eabi/7.3.1/thumb/v7-m\libgcc.a
LOAD c:/st/stm32cubeide_1.4.0/stm32cubeide/plugins/com.st.stm32cube.ide.mcu.externaltools.gnu-tools-for-stm32.7-2018-q2-update.win32_1.4.0.202007081208/tools/bin/../lib/gcc/arm-none-eabi/7.3.1/../../../../arm-none-eabi/lib/thumb/v7-m\libg_nano.a
LOAD c:/st/stm32cubeide_1.4.0/stm32cubeide/plugins/com.st.stm32cube.ide.mcu.externaltools.gnu-tools-for-stm32.7-2018-q2-update.win32_1.4.0.202007081208/tools/bin/../lib/gcc/arm-none-eabi/7.3.1/../../../../arm-none-eabi/lib/thumb/v7-m\libc_nano.a
END GROUP
START GROUP
LOAD c:/st/stm32cubeide_1.4.0/stm32cubeide/plugins/com.st.stm32cube.ide.mcu.externaltools.gnu-tools-for-stm32.7-2018-q2-update.win32_1.4.0.202007081208/tools/bin/../lib/gcc/arm-none-eabi/7.3.1/thumb/v7-m\libgcc.a
LOAD c:/st/stm32cubeide_1.4.0/stm32cubeide/plugins/com.st.stm32cube.ide.mcu.externaltools.gnu-tools-for-stm32.7-2018-q2-update.win32_1.4.0.202007081208/tools/bin/../lib/gcc/arm-none-eabi/7.3.1/../../../../arm-none-eabi/lib/thumb/v7-m\libc_nano.a
LOAD c:/st/stm32cubeide_1.4.0/stm32cubeide/plugins/com.st.stm32cube.ide.mcu.externaltools.gnu-tools-for-stm32.7-2018-q2-update.win32_1.4.0.202007081208/tools/bin/../lib/gcc/arm-none-eabi/7.3.1/../../../../arm-none-eabi/lib/thumb/v7-m\libnosys.a
END GROUP
START GROUP
LOAD c:/st/stm32cubeide_1.4.0/stm32cubeide/plugins/com.st.stm32cube.ide.mcu.externaltools.gnu-tools-for-stm32.7-2018-q2-update.win32_1.4.0.202007081208/tools/bin/../lib/gcc/arm-none-eabi/7.3.1/thumb/v7-m\libgcc.a
LOAD c:/st/stm32cubeide_1.4.0/stm32cubeide/plugins/com.st.stm32cube.ide.mcu.externaltools.gnu-tools-for-stm32.7-2018-q2-update.win32_1.4.0.202007081208/tools/bin/../lib/gcc/arm-none-eabi/7.3.1/../../../../arm-none-eabi/lib/thumb/v7-m\libc_nano.a
LOAD c:/st/stm32cubeide_1.4.0/stm32cubeide/plugins/com.st.stm32cube.ide.mcu.externaltools.gnu-tools-for-stm32.7-2018-q2-update.win32_1.4.0.202007081208/tools/bin/../lib/gcc/arm-none-eabi/7.3.1/../../../../arm-none-eabi/lib/thumb/v7-m\libnosys.a
END GROUP
LOAD c:/st/stm32cubeide_1.4.0/stm32cubeide/plugins/com.st.stm32cube.ide.mcu.externaltools.gnu-tools-for-stm32.7-2018-q2-update.win32_1.4.0.202007081208/tools/bin/../lib/gcc/arm-none-eabi/7.3.1/thumb/v7-m/crtend.o
LOAD c:/st/stm32cubeide_1.4.0/stm32cubeide/plugins/com.st.stm32cube.ide.mcu.externaltools.gnu-tools-for-stm32.7-2018-q2-update.win32_1.4.0.202007081208/tools/bin/../lib/gcc/arm-none-eabi/7.3.1/thumb/v7-m/crtn.o
                0x0000000020002800                _estack = (ORIGIN (RAM) + LENGTH (RAM))
                0x0000000000000200                _Min_Heap_Size = 0x200
                0x0000000000000400                _Min_Stack_Size = 0x400

.isr_vector     0x0000000008000000      0x130
                0x0000000008000000                . = ALIGN (0x4)
 *(.isr_vector)
 .isr_vector    0x0000000008000000      0x130 Startup/startup_stm32f103c6tx.o
                0x0000000008000000                g_pfnVectors
                0x0000000008000130                . = ALIGN (0x4)

.text           0x0000000008000130      0xc8c
                0x0000000008000130                . = ALIGN (0x4)
 *(.text)
 .text          0x0000000008000130       0x40 c:/st/stm32cubeide_1.4.0/stm32cubeide/plugins/com.st.stm32cube.ide.mcu.externaltools.gnu-tools-for-stm32.7-2018-q2-update.win32_1.4.0.202007081208/tools/bin/../lib/gcc/arm-none-eabi/7.3.1/thumb/v7-m/crtbegin.o
 *(.text*)
 .text.WAIT     0x0000000008000170       0x38 Src/main.o
                0x0000000008000170                WAIT
 .text.EXTI9_Callback
                0x00000000080001a8       0x24 Src/main.o
                0x00000000080001a8                EXTI9_Callback
 .text.main     0x00000000080001cc       0x7c Src/main.o
                0x00000000080001cc                main
 .text.Reset_Handler
                0x0000000008000248       0x50 Startup/startup_stm32f103c6tx.o
                0x0000000008000248                Reset_Handler
 .text.Default_Handler
                0x0000000008000298        0x2 Startup/startup_stm32f103c6tx.o
                0x0000000008000298                TIM8_TRG_COM_IRQHandler
                0x0000000008000298                TIM8_CC_IRQHandler
                0x0000000008000298                DebugMon_Handler
                0x0000000008000298                TIM1_CC_IRQHandler
                0x0000000008000298                HardFault_Handler
                0x0000000008000298                TIM6_IRQHandler
                0x0000000008000298                SysTick_Handler
                0x0000000008000298                PVD_IRQHandler
                0x0000000008000298                SDIO_IRQHandler
                0x0000000008000298                PendSV_Handler
                0x0000000008000298                NMI_Handler
                0x0000000008000298                USB_HP_CAN_TX_IRQHandler
                0x0000000008000298                I2C2_EV_IRQHandler
                0x0000000008000298                UsageFault_Handler
                0x0000000008000298                ADC1_2_IRQHandler
                0x0000000008000298                SPI1_IRQHandler
                0x0000000008000298                CAN_SCE_IRQHandler
                0x0000000008000298                TAMPER_IRQHandler
                0x0000000008000298                TIM8_UP_IRQHandler
                0x0000000008000298                DMA2_Channel2_IRQHandler
                0x0000000008000298                DMA1_Channel4_IRQHandler
                0x0000000008000298                USART3_IRQHandler
                0x0000000008000298                RTC_IRQHandler
                0x0000000008000298                DMA1_Channel7_IRQHandler
                0x0000000008000298                UART5_IRQHandler
                0x0000000008000298                ADC3_IRQHandler
                0x0000000008000298                TIM4_IRQHandler
                0x0000000008000298                CAN_RX1_IRQHandler
                0x0000000008000298                DMA2_Channel1_IRQHandler
                0x0000000008000298                I2C1_EV_IRQHandler
                0x0000000008000298                DMA1_Channel6_IRQHandler
                0x0000000008000298                UART4_IRQHandler
                0x0000000008000298                TIM3_IRQHandler
                0x0000000008000298                RCC_IRQHandler
                0x0000000008000298                TIM1_TRG_COM_IRQHandler
                0x0000000008000298                DMA1_Channel1_IRQHandler
                0x0000000008000298                Default_Handler
                0x0000000008000298                TIM7_IRQHandler
                0x0000000008000298                TIM5_IRQHandler
                0x0000000008000298                SPI2_IRQHandler
                0x0000000008000298                USB_LP_CAN_RX0_IRQHandler
                0x0000000008000298                MemManage_Handler
                0x0000000008000298                SVC_Handler
                0x0000000008000298                DMA1_Channel5_IRQHandler
                0x0000000008000298                DMA1_Channel3_IRQHandler
                0x0000000008000298                FSMC_IRQHandler
                0x0000000008000298                TIM1_UP_IRQHandler
                0x0000000008000298                WWDG_IRQHandler
                0x0000000008000298                TIM2_IRQHandler
                0x0000000008000298                TIM1_BRK_IRQHandler
                0x0000000008000298                RTCAlarm_IRQHandler
                0x0000000008000298                DMA2_Channel4_5_IRQHandler
                0x0000000008000298                USART2_IRQHandler
                0x0000000008000298                I2C2_ER_IRQHandler
                0x0000000008000298                DMA1_Channel2_IRQHandler
                0x0000000008000298                TIM8_BRK_IRQHandler
                0x0000000008000298                FLASH_IRQHandler
                0x0000000008000298                BusFault_Handler
                0x0000000008000298                USART1_IRQHandler
                0x0000000008000298                SPI3_IRQHandler
                0x0000000008000298                I2C1_ER_IRQHandler
                0x0000000008000298                DMA2_Channel3_IRQHandler
 *fill*         0x000000000800029a        0x2 
 .text.Enable_NVIC
                0x000000000800029c       0xcc stm32_f103c6_driver/EXIT_Driver_stm32f103c6/EXIT_Driver_stm32f103c6.o
                0x000000000800029c                Enable_NVIC
 .text.Disable_NVIC
                0x0000000008000368       0xcc stm32_f103c6_driver/EXIT_Driver_stm32f103c6/EXIT_Driver_stm32f103c6.o
                0x0000000008000368                Disable_NVIC
 .text.Update_EXTI
                0x0000000008000434      0x1d8 stm32_f103c6_driver/EXIT_Driver_stm32f103c6/EXIT_Driver_stm32f103c6.o
                0x0000000008000434                Update_EXTI
 .text.MCAL_EXTI_GPIO_Init
                0x000000000800060c       0x16 stm32_f103c6_driver/EXIT_Driver_stm32f103c6/EXIT_Driver_stm32f103c6.o
                0x000000000800060c                MCAL_EXTI_GPIO_Init
 *fill*         0x0000000008000622        0x2 
 .text.EXTI0_IRQHandler
                0x0000000008000624       0x24 stm32_f103c6_driver/EXIT_Driver_stm32f103c6/EXIT_Driver_stm32f103c6.o
                0x0000000008000624                EXTI0_IRQHandler
 .text.EXTI1_IRQHandler
                0x0000000008000648       0x24 stm32_f103c6_driver/EXIT_Driver_stm32f103c6/EXIT_Driver_stm32f103c6.o
                0x0000000008000648                EXTI1_IRQHandler
 .text.EXTI2_IRQHandler
                0x000000000800066c       0x24 stm32_f103c6_driver/EXIT_Driver_stm32f103c6/EXIT_Driver_stm32f103c6.o
                0x000000000800066c                EXTI2_IRQHandler
 .text.EXTI3_IRQHandler
                0x0000000008000690       0x24 stm32_f103c6_driver/EXIT_Driver_stm32f103c6/EXIT_Driver_stm32f103c6.o
                0x0000000008000690                EXTI3_IRQHandler
 .text.EXTI4_IRQHandler
                0x00000000080006b4       0x24 stm32_f103c6_driver/EXIT_Driver_stm32f103c6/EXIT_Driver_stm32f103c6.o
                0x00000000080006b4                EXTI4_IRQHandler
 .text.EXTI9_5_IRQHandler
                0x00000000080006d8       0xa8 stm32_f103c6_driver/EXIT_Driver_stm32f103c6/EXIT_Driver_stm32f103c6.o
                0x00000000080006d8                EXTI9_5_IRQHandler
 .text.EXTI15_10_IRQHandler
                0x0000000008000780       0xc4 stm32_f103c6_driver/EXIT_Driver_stm32f103c6/EXIT_Driver_stm32f103c6.o
                0x0000000008000780                EXTI15_10_IRQHandler
 .text.GET_CRLH_Position
                0x0000000008000844       0xc6 stm32_f103c6_driver/GPIO_Driver_stm32f103c6.o
                0x0000000008000844                GET_CRLH_Position
 .text.MCAL_GPIO_Init
                0x000000000800090a      0x116 stm32_f103c6_driver/GPIO_Driver_stm32f103c6.o
                0x000000000800090a                MCAL_GPIO_Init
 .text.MCAL_GPIO_WritePin
                0x0000000008000a20       0x2e stm32_f103c6_driver/GPIO_Driver_stm32f103c6.o
                0x0000000008000a20                MCAL_GPIO_WritePin
 .text.MCAL_GPIO_WritePort
                0x0000000008000a4e       0x1c stm32_f103c6_driver/GPIO_Driver_stm32f103c6.o
                0x0000000008000a4e                MCAL_GPIO_WritePort
 *fill*         0x0000000008000a6a        0x2 
 .text.LCD_GPIO_init
                0x0000000008000a6c      0x158 stm32_f103c6_driver/LCD_Driver/lcd.o
                0x0000000008000a6c                LCD_GPIO_init
 .text.LCD_clear_screen
                0x0000000008000bc4        0xe stm32_f103c6_driver/LCD_Driver/lcd.o
                0x0000000008000bc4                LCD_clear_screen
 *fill*         0x0000000008000bd2        0x2 
 .text.LCD_lcd_kick
                0x0000000008000bd4       0x2c stm32_f103c6_driver/LCD_Driver/lcd.o
                0x0000000008000bd4                LCD_lcd_kick
 .text.LCD_GOTO_XY
                0x0000000008000c00       0x48 stm32_f103c6_driver/LCD_Driver/lcd.o
                0x0000000008000c00                LCD_GOTO_XY
 .text.LCD_INIT
                0x0000000008000c48       0x34 stm32_f103c6_driver/LCD_Driver/lcd.o
                0x0000000008000c48                LCD_INIT
 .text.LCD_WRITE_COMMAND
                0x0000000008000c7c       0x44 stm32_f103c6_driver/LCD_Driver/lcd.o
                0x0000000008000c7c                LCD_WRITE_COMMAND
 .text.LCD_WRITE_CHAR
                0x0000000008000cc0       0x44 stm32_f103c6_driver/LCD_Driver/lcd.o
                0x0000000008000cc0                LCD_WRITE_CHAR
 .text.LCD_WRITE_STRING
                0x0000000008000d04       0x58 stm32_f103c6_driver/LCD_Driver/lcd.o
                0x0000000008000d04                LCD_WRITE_STRING
 .text.__libc_init_array
                0x0000000008000d5c       0x48 c:/st/stm32cubeide_1.4.0/stm32cubeide/plugins/com.st.stm32cube.ide.mcu.externaltools.gnu-tools-for-stm32.7-2018-q2-update.win32_1.4.0.202007081208/tools/bin/../lib/gcc/arm-none-eabi/7.3.1/../../../../arm-none-eabi/lib/thumb/v7-m\libc_nano.a(lib_a-init.o)
                0x0000000008000d5c                __libc_init_array
 *(.glue_7)
 .glue_7        0x0000000008000da4        0x0 linker stubs
 *(.glue_7t)
 .glue_7t       0x0000000008000da4        0x0 linker stubs
 *(.eh_frame)
 .eh_frame      0x0000000008000da4        0x0 c:/st/stm32cubeide_1.4.0/stm32cubeide/plugins/com.st.stm32cube.ide.mcu.externaltools.gnu-tools-for-stm32.7-2018-q2-update.win32_1.4.0.202007081208/tools/bin/../lib/gcc/arm-none-eabi/7.3.1/thumb/v7-m/crtbegin.o
 *(.init)
 .init          0x0000000008000da4        0x4 c:/st/stm32cubeide_1.4.0/stm32cubeide/plugins/com.st.stm32cube.ide.mcu.externaltools.gnu-tools-for-stm32.7-2018-q2-update.win32_1.4.0.202007081208/tools/bin/../lib/gcc/arm-none-eabi/7.3.1/thumb/v7-m/crti.o
                0x0000000008000da4                _init
 .init          0x0000000008000da8        0x8 c:/st/stm32cubeide_1.4.0/stm32cubeide/plugins/com.st.stm32cube.ide.mcu.externaltools.gnu-tools-for-stm32.7-2018-q2-update.win32_1.4.0.202007081208/tools/bin/../lib/gcc/arm-none-eabi/7.3.1/thumb/v7-m/crtn.o
 *(.fini)
 .fini          0x0000000008000db0        0x4 c:/st/stm32cubeide_1.4.0/stm32cubeide/plugins/com.st.stm32cube.ide.mcu.externaltools.gnu-tools-for-stm32.7-2018-q2-update.win32_1.4.0.202007081208/tools/bin/../lib/gcc/arm-none-eabi/7.3.1/thumb/v7-m/crti.o
                0x0000000008000db0                _fini
 .fini          0x0000000008000db4        0x8 c:/st/stm32cubeide_1.4.0/stm32cubeide/plugins/com.st.stm32cube.ide.mcu.externaltools.gnu-tools-for-stm32.7-2018-q2-update.win32_1.4.0.202007081208/tools/bin/../lib/gcc/arm-none-eabi/7.3.1/thumb/v7-m/crtn.o
                0x0000000008000dbc                . = ALIGN (0x4)
                0x0000000008000dbc                _etext = .

.vfp11_veneer   0x0000000008000dbc        0x0
 .vfp11_veneer  0x0000000008000dbc        0x0 linker stubs

.v4_bx          0x0000000008000dbc        0x0
 .v4_bx         0x0000000008000dbc        0x0 linker stubs

.iplt           0x0000000008000dbc        0x0
 .iplt          0x0000000008000dbc        0x0 c:/st/stm32cubeide_1.4.0/stm32cubeide/plugins/com.st.stm32cube.ide.mcu.externaltools.gnu-tools-for-stm32.7-2018-q2-update.win32_1.4.0.202007081208/tools/bin/../lib/gcc/arm-none-eabi/7.3.1/thumb/v7-m/crtbegin.o

.rodata         0x0000000008000dbc       0x28
                0x0000000008000dbc                . = ALIGN (0x4)
 *(.rodata)
 .rodata        0x0000000008000dbc       0x28 Src/main.o
 *(.rodata*)
                0x0000000008000de4                . = ALIGN (0x4)

.rel.dyn        0x0000000008000de4        0x0
 .rel.iplt      0x0000000008000de4        0x0 c:/st/stm32cubeide_1.4.0/stm32cubeide/plugins/com.st.stm32cube.ide.mcu.externaltools.gnu-tools-for-stm32.7-2018-q2-update.win32_1.4.0.202007081208/tools/bin/../lib/gcc/arm-none-eabi/7.3.1/thumb/v7-m/crtbegin.o

.ARM.extab      0x0000000008000de4        0x0
                0x0000000008000de4                . = ALIGN (0x4)
 *(.ARM.extab* .gnu.linkonce.armextab.*)
                0x0000000008000de4                . = ALIGN (0x4)

.ARM            0x0000000008000de4        0x0
                0x0000000008000de4                . = ALIGN (0x4)
                0x0000000008000de4                __exidx_start = .
 *(.ARM.exidx*)
                0x0000000008000de4                __exidx_end = .
                0x0000000008000de4                . = ALIGN (0x4)

.preinit_array  0x0000000008000de4        0x0
                0x0000000008000de4                . = ALIGN (0x4)
                0x0000000008000de4                PROVIDE (__preinit_array_start = .)
 *(.preinit_array*)
                0x0000000008000de4                PROVIDE (__preinit_array_end = .)
                0x0000000008000de4                . = ALIGN (0x4)

.init_array     0x0000000008000de4        0x4
                0x0000000008000de4                . = ALIGN (0x4)
                0x0000000008000de4                PROVIDE (__init_array_start = .)
 *(SORT_BY_NAME(.init_array.*))
 *(.init_array*)
 .init_array    0x0000000008000de4        0x4 c:/st/stm32cubeide_1.4.0/stm32cubeide/plugins/com.st.stm32cube.ide.mcu.externaltools.gnu-tools-for-stm32.7-2018-q2-update.win32_1.4.0.202007081208/tools/bin/../lib/gcc/arm-none-eabi/7.3.1/thumb/v7-m/crtbegin.o
                0x0000000008000de8                PROVIDE (__init_array_end = .)
                0x0000000008000de8                . = ALIGN (0x4)

.fini_array     0x0000000008000de8        0x4
                0x0000000008000de8                . = ALIGN (0x4)
                [!provide]                        PROVIDE (__fini_array_start = .)
 *(SORT_BY_NAME(.fini_array.*))
 *(.fini_array*)
 .fini_array    0x0000000008000de8        0x4 c:/st/stm32cubeide_1.4.0/stm32cubeide/plugins/com.st.stm32cube.ide.mcu.externaltools.gnu-tools-for-stm32.7-2018-q2-update.win32_1.4.0.202007081208/tools/bin/../lib/gcc/arm-none-eabi/7.3.1/thumb/v7-m/crtbegin.o
                [!provide]                        PROVIDE (__fini_array_end = .)
                0x0000000008000dec                . = ALIGN (0x4)
                0x0000000008000dec                _sidata = LOADADDR (.data)

.data           0x0000000020000000        0x0 load address 0x0000000008000dec
                0x0000000020000000                . = ALIGN (0x4)
                0x0000000020000000                _sdata = .
 *(.data)
 *(.data*)
                0x0000000020000000                . = ALIGN (0x4)
                0x0000000020000000                _edata = .

.igot.plt       0x0000000020000000        0x0 load address 0x0000000008000dec
 .igot.plt      0x0000000020000000        0x0 c:/st/stm32cubeide_1.4.0/stm32cubeide/plugins/com.st.stm32cube.ide.mcu.externaltools.gnu-tools-for-stm32.7-2018-q2-update.win32_1.4.0.202007081208/tools/bin/../lib/gcc/arm-none-eabi/7.3.1/thumb/v7-m/crtbegin.o
                0x0000000020000000                . = ALIGN (0x4)

.bss            0x0000000020000000       0x60 load address 0x0000000008000dec
                0x0000000020000000                _sbss = .
                0x0000000020000000                __bss_start__ = _sbss
 *(.bss)
 .bss           0x0000000020000000       0x1c c:/st/stm32cubeide_1.4.0/stm32cubeide/plugins/com.st.stm32cube.ide.mcu.externaltools.gnu-tools-for-stm32.7-2018-q2-update.win32_1.4.0.202007081208/tools/bin/../lib/gcc/arm-none-eabi/7.3.1/thumb/v7-m/crtbegin.o
 *(.bss*)
 .bss.IRQ_Flag  0x000000002000001c        0x4 Src/main.o
                0x000000002000001c                IRQ_Flag
 *(COMMON)
 COMMON         0x0000000020000020        0x4 Src/main.o
                0x0000000020000020                PinCfg
 COMMON         0x0000000020000024       0x3c stm32_f103c6_driver/EXIT_Driver_stm32f103c6/EXIT_Driver_stm32f103c6.o
                0x0000000020000024                GP_IRQ_CallBack
                0x0000000020000060                . = ALIGN (0x4)
                0x0000000020000060                _ebss = .
                0x0000000020000060                __bss_end__ = _ebss

._user_heap_stack
                0x0000000020000060      0x600 load address 0x0000000008000dec
                0x0000000020000060                . = ALIGN (0x8)
                [!provide]                        PROVIDE (end = .)
                0x0000000020000060                PROVIDE (_end = .)
                0x0000000020000260                . = (. + _Min_Heap_Size)
 *fill*         0x0000000020000060      0x200 
                0x0000000020000660                . = (. + _Min_Stack_Size)
 *fill*         0x0000000020000260      0x400 
                0x0000000020000660                . = ALIGN (0x8)

/DISCARD/
 libc.a(*)
 libm.a(*)
 libgcc.a(*)

.ARM.attributes
                0x0000000000000000       0x29
 *(.ARM.attributes)
 .ARM.attributes
                0x0000000000000000       0x1d c:/st/stm32cubeide_1.4.0/stm32cubeide/plugins/com.st.stm32cube.ide.mcu.externaltools.gnu-tools-for-stm32.7-2018-q2-update.win32_1.4.0.202007081208/tools/bin/../lib/gcc/arm-none-eabi/7.3.1/thumb/v7-m/crti.o
 .ARM.attributes
                0x000000000000001d       0x2d c:/st/stm32cubeide_1.4.0/stm32cubeide/plugins/com.st.stm32cube.ide.mcu.externaltools.gnu-tools-for-stm32.7-2018-q2-update.win32_1.4.0.202007081208/tools/bin/../lib/gcc/arm-none-eabi/7.3.1/thumb/v7-m/crtbegin.o
 .ARM.attributes
                0x000000000000004a       0x33 Src/main.o
 .ARM.attributes
                0x000000000000007d       0x21 Startup/startup_stm32f103c6tx.o
 .ARM.attributes
                0x000000000000009e       0x33 stm32_f103c6_driver/EXIT_Driver_stm32f103c6/EXIT_Driver_stm32f103c6.o
 .ARM.attributes
                0x00000000000000d1       0x33 stm32_f103c6_driver/GPIO_Driver_stm32f103c6.o
 .ARM.attributes
                0x0000000000000104       0x33 stm32_f103c6_driver/LCD_Driver/lcd.o
 .ARM.attributes
                0x0000000000000137       0x2d c:/st/stm32cubeide_1.4.0/stm32cubeide/plugins/com.st.stm32cube.ide.mcu.externaltools.gnu-tools-for-stm32.7-2018-q2-update.win32_1.4.0.202007081208/tools/bin/../lib/gcc/arm-none-eabi/7.3.1/../../../../arm-none-eabi/lib/thumb/v7-m\libc_nano.a(lib_a-init.o)
 .ARM.attributes
                0x0000000000000164       0x1d c:/st/stm32cubeide_1.4.0/stm32cubeide/plugins/com.st.stm32cube.ide.mcu.externaltools.gnu-tools-for-stm32.7-2018-q2-update.win32_1.4.0.202007081208/tools/bin/../lib/gcc/arm-none-eabi/7.3.1/thumb/v7-m/crtn.o
OUTPUT(Driver.elf elf32-littlearm)

.debug_info     0x0000000000000000     0x33bf
 .debug_info    0x0000000000000000      0xc8c Src/main.o
 .debug_info    0x0000000000000c8c       0x22 Startup/startup_stm32f103c6tx.o
 .debug_info    0x0000000000000cae      0xdbf stm32_f103c6_driver/EXIT_Driver_stm32f103c6/EXIT_Driver_stm32f103c6.o
 .debug_info    0x0000000000001a6d      0xd56 stm32_f103c6_driver/GPIO_Driver_stm32f103c6.o
 .debug_info    0x00000000000027c3      0xbfc stm32_f103c6_driver/LCD_Driver/lcd.o

.debug_abbrev   0x0000000000000000      0x838
 .debug_abbrev  0x0000000000000000      0x1e9 Src/main.o
 .debug_abbrev  0x00000000000001e9       0x12 Startup/startup_stm32f103c6tx.o
 .debug_abbrev  0x00000000000001fb      0x210 stm32_f103c6_driver/EXIT_Driver_stm32f103c6/EXIT_Driver_stm32f103c6.o
 .debug_abbrev  0x000000000000040b      0x232 stm32_f103c6_driver/GPIO_Driver_stm32f103c6.o
 .debug_abbrev  0x000000000000063d      0x1fb stm32_f103c6_driver/LCD_Driver/lcd.o

.debug_loc      0x0000000000000000      0x9b4
 .debug_loc     0x0000000000000000      0x148 Src/main.o
 .debug_loc     0x0000000000000148      0x320 stm32_f103c6_driver/EXIT_Driver_stm32f103c6/EXIT_Driver_stm32f103c6.o
 .debug_loc     0x0000000000000468      0x330 stm32_f103c6_driver/GPIO_Driver_stm32f103c6.o
 .debug_loc     0x0000000000000798      0x21c stm32_f103c6_driver/LCD_Driver/lcd.o

.debug_aranges  0x0000000000000000      0x1a8
 .debug_aranges
                0x0000000000000000       0x40 Src/main.o
 .debug_aranges
                0x0000000000000040       0x28 Startup/startup_stm32f103c6tx.o
 .debug_aranges
                0x0000000000000068       0x80 stm32_f103c6_driver/EXIT_Driver_stm32f103c6/EXIT_Driver_stm32f103c6.o
 .debug_aranges
                0x00000000000000e8       0x60 stm32_f103c6_driver/GPIO_Driver_stm32f103c6.o
 .debug_aranges
                0x0000000000000148       0x60 stm32_f103c6_driver/LCD_Driver/lcd.o

.debug_ranges   0x0000000000000000      0x160
 .debug_ranges  0x0000000000000000       0x30 Src/main.o
 .debug_ranges  0x0000000000000030       0x20 Startup/startup_stm32f103c6tx.o
 .debug_ranges  0x0000000000000050       0x70 stm32_f103c6_driver/EXIT_Driver_stm32f103c6/EXIT_Driver_stm32f103c6.o
 .debug_ranges  0x00000000000000c0       0x50 stm32_f103c6_driver/GPIO_Driver_stm32f103c6.o
 .debug_ranges  0x0000000000000110       0x50 stm32_f103c6_driver/LCD_Driver/lcd.o

.debug_macro    0x0000000000000000     0x2370
 .debug_macro   0x0000000000000000      0x1a0 Src/main.o
 .debug_macro   0x00000000000001a0      0xa60 Src/main.o
 .debug_macro   0x0000000000000c00       0x22 Src/main.o
 .debug_macro   0x0000000000000c22       0x8e Src/main.o
 .debug_macro   0x0000000000000cb0       0x51 Src/main.o
 .debug_macro   0x0000000000000d01       0xef Src/main.o
 .debug_macro   0x0000000000000df0       0x6a Src/main.o
 .debug_macro   0x0000000000000e5a      0x1df Src/main.o
 .debug_macro   0x0000000000001039       0x18 Src/main.o
 .debug_macro   0x0000000000001051       0x46 Src/main.o
 .debug_macro   0x0000000000001097       0x3c Src/main.o
 .debug_macro   0x00000000000010d3       0x34 Src/main.o
 .debug_macro   0x0000000000001107       0x16 Src/main.o
 .debug_macro   0x000000000000111d      0x10e Src/main.o
 .debug_macro   0x000000000000122b       0x8d Src/main.o
 .debug_macro   0x00000000000012b8       0x52 Src/main.o
 .debug_macro   0x000000000000130a       0x1f Src/main.o
 .debug_macro   0x0000000000001329       0x43 Src/main.o
 .debug_macro   0x000000000000136c       0x20 Src/main.o
 .debug_macro   0x000000000000138c      0x1a3 Src/main.o
 .debug_macro   0x000000000000152f      0x330 Src/main.o
 .debug_macro   0x000000000000185f       0x16 Src/main.o
 .debug_macro   0x0000000000001875       0x29 Src/main.o
 .debug_macro   0x000000000000189e      0x1b0 Src/main.o
 .debug_macro   0x0000000000001a4e       0xd6 Src/main.o
 .debug_macro   0x0000000000001b24       0x9a Src/main.o
 .debug_macro   0x0000000000001bbe       0x40 Src/main.o
 .debug_macro   0x0000000000001bfe      0x223 Src/main.o
 .debug_macro   0x0000000000001e21      0x158 stm32_f103c6_driver/EXIT_Driver_stm32f103c6/EXIT_Driver_stm32f103c6.o
 .debug_macro   0x0000000000001f79      0x145 stm32_f103c6_driver/GPIO_Driver_stm32f103c6.o
 .debug_macro   0x00000000000020be       0xd0 stm32_f103c6_driver/GPIO_Driver_stm32f103c6.o
 .debug_macro   0x000000000000218e      0x14e stm32_f103c6_driver/LCD_Driver/lcd.o
 .debug_macro   0x00000000000022dc       0x94 stm32_f103c6_driver/LCD_Driver/lcd.o

.debug_line     0x0000000000000000     0x1b85
 .debug_line    0x0000000000000000      0x6ab Src/main.o
 .debug_line    0x00000000000006ab       0x84 Startup/startup_stm32f103c6tx.o
 .debug_line    0x000000000000072f      0x758 stm32_f103c6_driver/EXIT_Driver_stm32f103c6/EXIT_Driver_stm32f103c6.o
 .debug_line    0x0000000000000e87      0x68f stm32_f103c6_driver/GPIO_Driver_stm32f103c6.o
 .debug_line    0x0000000000001516      0x66f stm32_f103c6_driver/LCD_Driver/lcd.o

.debug_str      0x0000000000000000     0x9609
 .debug_str     0x0000000000000000     0x91c4 Src/main.o
                                       0x943e (size before relaxing)
 .debug_str     0x00000000000091c4       0x31 Startup/startup_stm32f103c6tx.o
                                         0x70 (size before relaxing)
 .debug_str     0x00000000000091f5      0x229 stm32_f103c6_driver/EXIT_Driver_stm32f103c6/EXIT_Driver_stm32f103c6.o
                                       0x926f (size before relaxing)
 .debug_str     0x000000000000941e      0x114 stm32_f103c6_driver/GPIO_Driver_stm32f103c6.o
                                       0x7e95 (size before relaxing)
 .debug_str     0x0000000000009532       0xd7 stm32_f103c6_driver/LCD_Driver/lcd.o
                                       0x806f (size before relaxing)

.comment        0x0000000000000000       0x7b
 .comment       0x0000000000000000       0x7b Src/main.o
                                         0x7c (size before relaxing)
 .comment       0x000000000000007b       0x7c stm32_f103c6_driver/EXIT_Driver_stm32f103c6/EXIT_Driver_stm32f103c6.o
 .comment       0x000000000000007b       0x7c stm32_f103c6_driver/GPIO_Driver_stm32f103c6.o
 .comment       0x000000000000007b       0x7c stm32_f103c6_driver/LCD_Driver/lcd.o

.debug_frame    0x0000000000000000      0x534
 .debug_frame   0x0000000000000000       0xb4 Src/main.o
 .debug_frame   0x00000000000000b4      0x1b0 stm32_f103c6_driver/EXIT_Driver_stm32f103c6/EXIT_Driver_stm32f103c6.o
 .debug_frame   0x0000000000000264      0x178 stm32_f103c6_driver/GPIO_Driver_stm32f103c6.o
 .debug_frame   0x00000000000003dc      0x12c stm32_f103c6_driver/LCD_Driver/lcd.o
 .debug_frame   0x0000000000000508       0x2c c:/st/stm32cubeide_1.4.0/stm32cubeide/plugins/com.st.stm32cube.ide.mcu.externaltools.gnu-tools-for-stm32.7-2018-q2-update.win32_1.4.0.202007081208/tools/bin/../lib/gcc/arm-none-eabi/7.3.1/../../../../arm-none-eabi/lib/thumb/v7-m\libc_nano.a(lib_a-init.o)
