Archive member included to satisfy reference by file (symbol)

c:/st/stm32cubeide_1.4.0/stm32cubeide/plugins/com.st.stm32cube.ide.mcu.externaltools.gnu-tools-for-stm32.7-2018-q2-update.win32_1.4.0.202007081208/tools/bin/../lib/gcc/arm-none-eabi/7.3.1/../../../../arm-none-eabi/lib/thumb/v7-m\libc_nano.a(lib_a-errno.o)
                              Src/syscalls.o (__errno)
c:/st/stm32cubeide_1.4.0/stm32cubeide/plugins/com.st.stm32cube.ide.mcu.externaltools.gnu-tools-for-stm32.7-2018-q2-update.win32_1.4.0.202007081208/tools/bin/../lib/gcc/arm-none-eabi/7.3.1/../../../../arm-none-eabi/lib/thumb/v7-m\libc_nano.a(lib_a-exit.o)
                              c:/st/stm32cubeide_1.4.0/stm32cubeide/plugins/com.st.stm32cube.ide.mcu.externaltools.gnu-tools-for-stm32.7-2018-q2-update.win32_1.4.0.202007081208/tools/bin/../lib/gcc/arm-none-eabi/7.3.1/../../../../arm-none-eabi/lib/thumb/v7-m/crt0.o (exit)
c:/st/stm32cubeide_1.4.0/stm32cubeide/plugins/com.st.stm32cube.ide.mcu.externaltools.gnu-tools-for-stm32.7-2018-q2-update.win32_1.4.0.202007081208/tools/bin/../lib/gcc/arm-none-eabi/7.3.1/../../../../arm-none-eabi/lib/thumb/v7-m\libc_nano.a(lib_a-impure.o)
                              c:/st/stm32cubeide_1.4.0/stm32cubeide/plugins/com.st.stm32cube.ide.mcu.externaltools.gnu-tools-for-stm32.7-2018-q2-update.win32_1.4.0.202007081208/tools/bin/../lib/gcc/arm-none-eabi/7.3.1/../../../../arm-none-eabi/lib/thumb/v7-m\libc_nano.a(lib_a-exit.o) (_global_impure_ptr)
c:/st/stm32cubeide_1.4.0/stm32cubeide/plugins/com.st.stm32cube.ide.mcu.externaltools.gnu-tools-for-stm32.7-2018-q2-update.win32_1.4.0.202007081208/tools/bin/../lib/gcc/arm-none-eabi/7.3.1/../../../../arm-none-eabi/lib/thumb/v7-m\libc_nano.a(lib_a-init.o)
                              c:/st/stm32cubeide_1.4.0/stm32cubeide/plugins/com.st.stm32cube.ide.mcu.externaltools.gnu-tools-for-stm32.7-2018-q2-update.win32_1.4.0.202007081208/tools/bin/../lib/gcc/arm-none-eabi/7.3.1/../../../../arm-none-eabi/lib/thumb/v7-m/crt0.o (__libc_init_array)
c:/st/stm32cubeide_1.4.0/stm32cubeide/plugins/com.st.stm32cube.ide.mcu.externaltools.gnu-tools-for-stm32.7-2018-q2-update.win32_1.4.0.202007081208/tools/bin/../lib/gcc/arm-none-eabi/7.3.1/../../../../arm-none-eabi/lib/thumb/v7-m\libc_nano.a(lib_a-memset.o)
                              c:/st/stm32cubeide_1.4.0/stm32cubeide/plugins/com.st.stm32cube.ide.mcu.externaltools.gnu-tools-for-stm32.7-2018-q2-update.win32_1.4.0.202007081208/tools/bin/../lib/gcc/arm-none-eabi/7.3.1/../../../../arm-none-eabi/lib/thumb/v7-m/crt0.o (memset)

Allocating common symbols
Common symbol       size              file

PinCfg              0x4               Src/main.o
ch                  0x1               Src/main.o
GP_IRQ_CallBack     0x3c              stm32_f103c6_driver/EXIT_Driver_stm32f103c6/EXIT_Driver_stm32f103c6.o

Discarded input sections

 .text          0x0000000000000000        0x0 c:/st/stm32cubeide_1.4.0/stm32cubeide/plugins/com.st.stm32cube.ide.mcu.externaltools.gnu-tools-for-stm32.7-2018-q2-update.win32_1.4.0.202007081208/tools/bin/../lib/gcc/arm-none-eabi/7.3.1/thumb/v7-m/crti.o
 .data          0x0000000000000000        0x0 c:/st/stm32cubeide_1.4.0/stm32cubeide/plugins/com.st.stm32cube.ide.mcu.externaltools.gnu-tools-for-stm32.7-2018-q2-update.win32_1.4.0.202007081208/tools/bin/../lib/gcc/arm-none-eabi/7.3.1/thumb/v7-m/crti.o
 .bss           0x0000000000000000        0x0 c:/st/stm32cubeide_1.4.0/stm32cubeide/plugins/com.st.stm32cube.ide.mcu.externaltools.gnu-tools-for-stm32.7-2018-q2-update.win32_1.4.0.202007081208/tools/bin/../lib/gcc/arm-none-eabi/7.3.1/thumb/v7-m/crti.o
 .data          0x0000000000000000        0x4 c:/st/stm32cubeide_1.4.0/stm32cubeide/plugins/com.st.stm32cube.ide.mcu.externaltools.gnu-tools-for-stm32.7-2018-q2-update.win32_1.4.0.202007081208/tools/bin/../lib/gcc/arm-none-eabi/7.3.1/thumb/v7-m/crtbegin.o
 .text          0x0000000000000000       0x74 c:/st/stm32cubeide_1.4.0/stm32cubeide/plugins/com.st.stm32cube.ide.mcu.externaltools.gnu-tools-for-stm32.7-2018-q2-update.win32_1.4.0.202007081208/tools/bin/../lib/gcc/arm-none-eabi/7.3.1/../../../../arm-none-eabi/lib/thumb/v7-m/crt0.o
 .data          0x0000000000000000        0x0 c:/st/stm32cubeide_1.4.0/stm32cubeide/plugins/com.st.stm32cube.ide.mcu.externaltools.gnu-tools-for-stm32.7-2018-q2-update.win32_1.4.0.202007081208/tools/bin/../lib/gcc/arm-none-eabi/7.3.1/../../../../arm-none-eabi/lib/thumb/v7-m/crt0.o
 .bss           0x0000000000000000        0x0 c:/st/stm32cubeide_1.4.0/stm32cubeide/plugins/com.st.stm32cube.ide.mcu.externaltools.gnu-tools-for-stm32.7-2018-q2-update.win32_1.4.0.202007081208/tools/bin/../lib/gcc/arm-none-eabi/7.3.1/../../../../arm-none-eabi/lib/thumb/v7-m/crt0.o
 .ARM.extab     0x0000000000000000        0x0 c:/st/stm32cubeide_1.4.0/stm32cubeide/plugins/com.st.stm32cube.ide.mcu.externaltools.gnu-tools-for-stm32.7-2018-q2-update.win32_1.4.0.202007081208/tools/bin/../lib/gcc/arm-none-eabi/7.3.1/../../../../arm-none-eabi/lib/thumb/v7-m/crt0.o
 .ARM.exidx     0x0000000000000000        0x8 c:/st/stm32cubeide_1.4.0/stm32cubeide/plugins/com.st.stm32cube.ide.mcu.externaltools.gnu-tools-for-stm32.7-2018-q2-update.win32_1.4.0.202007081208/tools/bin/../lib/gcc/arm-none-eabi/7.3.1/../../../../arm-none-eabi/lib/thumb/v7-m/crt0.o
 .ARM.attributes
                0x0000000000000000       0x1b c:/st/stm32cubeide_1.4.0/stm32cubeide/plugins/com.st.stm32cube.ide.mcu.externaltools.gnu-tools-for-stm32.7-2018-q2-update.win32_1.4.0.202007081208/tools/bin/../lib/gcc/arm-none-eabi/7.3.1/../../../../arm-none-eabi/lib/thumb/v7-m/crt0.o
 .group         0x0000000000000000        0xc Src/main.o
 .group         0x0000000000000000        0xc Src/main.o
 .group         0x0000000000000000        0xc Src/main.o
 .group         0x0000000000000000        0xc Src/main.o
 .group         0x0000000000000000        0xc Src/main.o
 .group         0x0000000000000000        0xc Src/main.o
 .group         0x0000000000000000        0xc Src/main.o
 .group         0x0000000000000000        0xc Src/main.o
 .group         0x0000000000000000        0xc Src/main.o
 .group         0x0000000000000000        0xc Src/main.o
 .group         0x0000000000000000        0xc Src/main.o
 .group         0x0000000000000000        0xc Src/main.o
 .group         0x0000000000000000        0xc Src/main.o
 .group         0x0000000000000000        0xc Src/main.o
 .group         0x0000000000000000        0xc Src/main.o
 .group         0x0000000000000000        0xc Src/main.o
 .group         0x0000000000000000        0xc Src/main.o
 .group         0x0000000000000000        0xc Src/main.o
 .group         0x0000000000000000        0xc Src/main.o
 .group         0x0000000000000000        0xc Src/main.o
 .group         0x0000000000000000        0xc Src/main.o
 .group         0x0000000000000000        0xc Src/main.o
 .group         0x0000000000000000        0xc Src/main.o
 .group         0x0000000000000000        0xc Src/main.o
 .group         0x0000000000000000        0xc Src/main.o
 .group         0x0000000000000000        0xc Src/main.o
 .group         0x0000000000000000        0xc Src/main.o
 .group         0x0000000000000000        0xc Src/main.o
 .text          0x0000000000000000        0x0 Src/main.o
 .data          0x0000000000000000        0x0 Src/main.o
 .bss           0x0000000000000000        0x0 Src/main.o
 .text.GPIO_init
                0x0000000000000000        0xc Src/main.o
 .group         0x0000000000000000        0xc Src/syscalls.o
 .group         0x0000000000000000        0xc Src/syscalls.o
 .group         0x0000000000000000        0xc Src/syscalls.o
 .group         0x0000000000000000        0xc Src/syscalls.o
 .group         0x0000000000000000        0xc Src/syscalls.o
 .group         0x0000000000000000        0xc Src/syscalls.o
 .group         0x0000000000000000        0xc Src/syscalls.o
 .group         0x0000000000000000        0xc Src/syscalls.o
 .group         0x0000000000000000        0xc Src/syscalls.o
 .group         0x0000000000000000        0xc Src/syscalls.o
 .group         0x0000000000000000        0xc Src/syscalls.o
 .group         0x0000000000000000        0xc Src/syscalls.o
 .group         0x0000000000000000        0xc Src/syscalls.o
 .group         0x0000000000000000        0xc Src/syscalls.o
 .group         0x0000000000000000        0xc Src/syscalls.o
 .group         0x0000000000000000        0xc Src/syscalls.o
 .group         0x0000000000000000        0xc Src/syscalls.o
 .group         0x0000000000000000        0xc Src/syscalls.o
 .group         0x0000000000000000        0xc Src/syscalls.o
 .group         0x0000000000000000        0xc Src/syscalls.o
 .group         0x0000000000000000        0xc Src/syscalls.o
 .group         0x0000000000000000        0xc Src/syscalls.o
 .group         0x0000000000000000        0xc Src/syscalls.o
 .group         0x0000000000000000        0xc Src/syscalls.o
 .group         0x0000000000000000        0xc Src/syscalls.o
 .group         0x0000000000000000        0xc Src/syscalls.o
 .group         0x0000000000000000        0xc Src/syscalls.o
 .group         0x0000000000000000        0xc Src/syscalls.o
 .group         0x0000000000000000        0xc Src/syscalls.o
 .group         0x0000000000000000        0xc Src/syscalls.o
 .group         0x0000000000000000        0xc Src/syscalls.o
 .group         0x0000000000000000        0xc Src/syscalls.o
 .group         0x0000000000000000        0xc Src/syscalls.o
 .group         0x0000000000000000        0xc Src/syscalls.o
 .group         0x0000000000000000        0xc Src/syscalls.o
 .group         0x0000000000000000        0xc Src/syscalls.o
 .group         0x0000000000000000        0xc Src/syscalls.o
 .group         0x0000000000000000        0xc Src/syscalls.o
 .group         0x0000000000000000        0xc Src/syscalls.o
 .group         0x0000000000000000        0xc Src/syscalls.o
 .group         0x0000000000000000        0xc Src/syscalls.o
 .group         0x0000000000000000        0xc Src/syscalls.o
 .group         0x0000000000000000        0xc Src/syscalls.o
 .group         0x0000000000000000        0xc Src/syscalls.o
 .text          0x0000000000000000        0x0 Src/syscalls.o
 .data          0x0000000000000000        0x0 Src/syscalls.o
 .bss           0x0000000000000000        0x0 Src/syscalls.o
 .bss.__env     0x0000000000000000        0x4 Src/syscalls.o
 .data.environ  0x0000000000000000        0x4 Src/syscalls.o
 .text.initialise_monitor_handles
                0x0000000000000000        0xc Src/syscalls.o
 .text._getpid  0x0000000000000000        0xe Src/syscalls.o
 .text._kill    0x0000000000000000       0x20 Src/syscalls.o
 .text._exit    0x0000000000000000       0x14 Src/syscalls.o
 .text._read    0x0000000000000000       0x3a Src/syscalls.o
 .text._write   0x0000000000000000       0x38 Src/syscalls.o
 .text._close   0x0000000000000000       0x16 Src/syscalls.o
 .text._fstat   0x0000000000000000       0x1e Src/syscalls.o
 .text._isatty  0x0000000000000000       0x14 Src/syscalls.o
 .text._lseek   0x0000000000000000       0x18 Src/syscalls.o
 .text._open    0x0000000000000000       0x1a Src/syscalls.o
 .text._wait    0x0000000000000000       0x1e Src/syscalls.o
 .text._unlink  0x0000000000000000       0x1e Src/syscalls.o
 .text._times   0x0000000000000000       0x16 Src/syscalls.o
 .text._stat    0x0000000000000000       0x1e Src/syscalls.o
 .text._link    0x0000000000000000       0x20 Src/syscalls.o
 .text._fork    0x0000000000000000       0x16 Src/syscalls.o
 .text._execve  0x0000000000000000       0x22 Src/syscalls.o
 .debug_info    0x0000000000000000     0x1038 Src/syscalls.o
 .debug_abbrev  0x0000000000000000      0x254 Src/syscalls.o
 .debug_loc     0x0000000000000000      0x5b8 Src/syscalls.o
 .debug_aranges
                0x0000000000000000       0xa8 Src/syscalls.o
 .debug_ranges  0x0000000000000000       0x98 Src/syscalls.o
 .debug_macro   0x0000000000000000      0x243 Src/syscalls.o
 .debug_macro   0x0000000000000000      0xa60 Src/syscalls.o
 .debug_macro   0x0000000000000000       0x22 Src/syscalls.o
 .debug_macro   0x0000000000000000       0x40 Src/syscalls.o
 .debug_macro   0x0000000000000000       0x18 Src/syscalls.o
 .debug_macro   0x0000000000000000       0x94 Src/syscalls.o
 .debug_macro   0x0000000000000000       0x3c Src/syscalls.o
 .debug_macro   0x0000000000000000       0x34 Src/syscalls.o
 .debug_macro   0x0000000000000000       0x57 Src/syscalls.o
 .debug_macro   0x0000000000000000      0x174 Src/syscalls.o
 .debug_macro   0x0000000000000000      0x330 Src/syscalls.o
 .debug_macro   0x0000000000000000       0x52 Src/syscalls.o
 .debug_macro   0x0000000000000000       0x1f Src/syscalls.o
 .debug_macro   0x0000000000000000       0x43 Src/syscalls.o
 .debug_macro   0x0000000000000000       0x20 Src/syscalls.o
 .debug_macro   0x0000000000000000      0x1a3 Src/syscalls.o
 .debug_macro   0x0000000000000000       0x10 Src/syscalls.o
 .debug_macro   0x0000000000000000       0x35 Src/syscalls.o
 .debug_macro   0x0000000000000000       0x10 Src/syscalls.o
 .debug_macro   0x0000000000000000       0x10 Src/syscalls.o
 .debug_macro   0x0000000000000000       0x10 Src/syscalls.o
 .debug_macro   0x0000000000000000       0x6a Src/syscalls.o
 .debug_macro   0x0000000000000000       0x1c Src/syscalls.o
 .debug_macro   0x0000000000000000       0x52 Src/syscalls.o
 .debug_macro   0x0000000000000000       0x40 Src/syscalls.o
 .debug_macro   0x0000000000000000       0x10 Src/syscalls.o
 .debug_macro   0x0000000000000000       0x40 Src/syscalls.o
 .debug_macro   0x0000000000000000       0xd7 Src/syscalls.o
 .debug_macro   0x0000000000000000       0x1c Src/syscalls.o
 .debug_macro   0x0000000000000000       0x3d Src/syscalls.o
 .debug_macro   0x0000000000000000       0x35 Src/syscalls.o
 .debug_macro   0x0000000000000000      0x122 Src/syscalls.o
 .debug_macro   0x0000000000000000       0x16 Src/syscalls.o
 .debug_macro   0x0000000000000000       0x16 Src/syscalls.o
 .debug_macro   0x0000000000000000       0x29 Src/syscalls.o
 .debug_macro   0x0000000000000000       0x10 Src/syscalls.o
 .debug_macro   0x0000000000000000      0x241 Src/syscalls.o
 .debug_macro   0x0000000000000000       0x1c Src/syscalls.o
 .debug_macro   0x0000000000000000       0x10 Src/syscalls.o
 .debug_macro   0x0000000000000000       0x10 Src/syscalls.o
 .debug_macro   0x0000000000000000       0x16 Src/syscalls.o
 .debug_macro   0x0000000000000000      0x145 Src/syscalls.o
 .debug_macro   0x0000000000000000      0x189 Src/syscalls.o
 .debug_macro   0x0000000000000000       0x16 Src/syscalls.o
 .debug_macro   0x0000000000000000       0x88 Src/syscalls.o
 .debug_line    0x0000000000000000      0x739 Src/syscalls.o
 .debug_str     0x0000000000000000     0x887f Src/syscalls.o
 .comment       0x0000000000000000       0x7c Src/syscalls.o
 .debug_frame   0x0000000000000000      0x2ac Src/syscalls.o
 .ARM.attributes
                0x0000000000000000       0x33 Src/syscalls.o
 .group         0x0000000000000000        0xc Src/sysmem.o
 .group         0x0000000000000000        0xc Src/sysmem.o
 .group         0x0000000000000000        0xc Src/sysmem.o
 .group         0x0000000000000000        0xc Src/sysmem.o
 .group         0x0000000000000000        0xc Src/sysmem.o
 .group         0x0000000000000000        0xc Src/sysmem.o
 .group         0x0000000000000000        0xc Src/sysmem.o
 .group         0x0000000000000000        0xc Src/sysmem.o
 .group         0x0000000000000000        0xc Src/sysmem.o
 .group         0x0000000000000000        0xc Src/sysmem.o
 .group         0x0000000000000000        0xc Src/sysmem.o
 .group         0x0000000000000000        0xc Src/sysmem.o
 .group         0x0000000000000000        0xc Src/sysmem.o
 .group         0x0000000000000000        0xc Src/sysmem.o
 .group         0x0000000000000000        0xc Src/sysmem.o
 .group         0x0000000000000000        0xc Src/sysmem.o
 .group         0x0000000000000000        0xc Src/sysmem.o
 .group         0x0000000000000000        0xc Src/sysmem.o
 .group         0x0000000000000000        0xc Src/sysmem.o
 .text          0x0000000000000000        0x0 Src/sysmem.o
 .data          0x0000000000000000        0x0 Src/sysmem.o
 .bss           0x0000000000000000        0x0 Src/sysmem.o
 .bss.__sbrk_heap_end
                0x0000000000000000        0x4 Src/sysmem.o
 .text._sbrk    0x0000000000000000       0x6c Src/sysmem.o
 .debug_info    0x0000000000000000      0xa7c Src/sysmem.o
 .debug_abbrev  0x0000000000000000      0x18e Src/sysmem.o
 .debug_loc     0x0000000000000000       0x50 Src/sysmem.o
 .debug_aranges
                0x0000000000000000       0x20 Src/sysmem.o
 .debug_ranges  0x0000000000000000       0x10 Src/sysmem.o
 .debug_macro   0x0000000000000000       0xee Src/sysmem.o
 .debug_macro   0x0000000000000000      0xa60 Src/sysmem.o
 .debug_macro   0x0000000000000000       0x10 Src/sysmem.o
 .debug_macro   0x0000000000000000       0x22 Src/sysmem.o
 .debug_macro   0x0000000000000000       0x40 Src/sysmem.o
 .debug_macro   0x0000000000000000       0x18 Src/sysmem.o
 .debug_macro   0x0000000000000000       0x94 Src/sysmem.o
 .debug_macro   0x0000000000000000       0x3c Src/sysmem.o
 .debug_macro   0x0000000000000000       0x34 Src/sysmem.o
 .debug_macro   0x0000000000000000      0x174 Src/sysmem.o
 .debug_macro   0x0000000000000000       0x57 Src/sysmem.o
 .debug_macro   0x0000000000000000       0x52 Src/sysmem.o
 .debug_macro   0x0000000000000000       0x1f Src/sysmem.o
 .debug_macro   0x0000000000000000       0x43 Src/sysmem.o
 .debug_macro   0x0000000000000000       0x20 Src/sysmem.o
 .debug_macro   0x0000000000000000      0x1a3 Src/sysmem.o
 .debug_macro   0x0000000000000000      0x23b Src/sysmem.o
 .debug_macro   0x0000000000000000       0xef Src/sysmem.o
 .debug_macro   0x0000000000000000       0x6a Src/sysmem.o
 .debug_macro   0x0000000000000000      0x1df Src/sysmem.o
 .debug_line    0x0000000000000000      0x4c2 Src/sysmem.o
 .debug_str     0x0000000000000000     0x5f4d Src/sysmem.o
 .comment       0x0000000000000000       0x7c Src/sysmem.o
 .debug_frame   0x0000000000000000       0x34 Src/sysmem.o
 .ARM.attributes
                0x0000000000000000       0x33 Src/sysmem.o
 .text          0x0000000000000000       0x14 Startup/startup_stm32f103c6tx.o
 .data          0x0000000000000000        0x0 Startup/startup_stm32f103c6tx.o
 .bss           0x0000000000000000        0x0 Startup/startup_stm32f103c6tx.o
 .group         0x0000000000000000        0xc stm32_f103c6_driver/EXIT_Driver_stm32f103c6/EXIT_Driver_stm32f103c6.o
 .group         0x0000000000000000        0xc stm32_f103c6_driver/EXIT_Driver_stm32f103c6/EXIT_Driver_stm32f103c6.o
 .group         0x0000000000000000        0xc stm32_f103c6_driver/EXIT_Driver_stm32f103c6/EXIT_Driver_stm32f103c6.o
 .group         0x0000000000000000        0xc stm32_f103c6_driver/EXIT_Driver_stm32f103c6/EXIT_Driver_stm32f103c6.o
 .group         0x0000000000000000        0xc stm32_f103c6_driver/EXIT_Driver_stm32f103c6/EXIT_Driver_stm32f103c6.o
 .group         0x0000000000000000        0xc stm32_f103c6_driver/EXIT_Driver_stm32f103c6/EXIT_Driver_stm32f103c6.o
 .group         0x0000000000000000        0xc stm32_f103c6_driver/EXIT_Driver_stm32f103c6/EXIT_Driver_stm32f103c6.o
 .group         0x0000000000000000        0xc stm32_f103c6_driver/EXIT_Driver_stm32f103c6/EXIT_Driver_stm32f103c6.o
 .group         0x0000000000000000        0xc stm32_f103c6_driver/EXIT_Driver_stm32f103c6/EXIT_Driver_stm32f103c6.o
 .group         0x0000000000000000        0xc stm32_f103c6_driver/EXIT_Driver_stm32f103c6/EXIT_Driver_stm32f103c6.o
 .group         0x0000000000000000        0xc stm32_f103c6_driver/EXIT_Driver_stm32f103c6/EXIT_Driver_stm32f103c6.o
 .group         0x0000000000000000        0xc stm32_f103c6_driver/EXIT_Driver_stm32f103c6/EXIT_Driver_stm32f103c6.o
 .group         0x0000000000000000        0xc stm32_f103c6_driver/EXIT_Driver_stm32f103c6/EXIT_Driver_stm32f103c6.o
 .group         0x0000000000000000        0xc stm32_f103c6_driver/EXIT_Driver_stm32f103c6/EXIT_Driver_stm32f103c6.o
 .group         0x0000000000000000        0xc stm32_f103c6_driver/EXIT_Driver_stm32f103c6/EXIT_Driver_stm32f103c6.o
 .group         0x0000000000000000        0xc stm32_f103c6_driver/EXIT_Driver_stm32f103c6/EXIT_Driver_stm32f103c6.o
 .group         0x0000000000000000        0xc stm32_f103c6_driver/EXIT_Driver_stm32f103c6/EXIT_Driver_stm32f103c6.o
 .group         0x0000000000000000        0xc stm32_f103c6_driver/EXIT_Driver_stm32f103c6/EXIT_Driver_stm32f103c6.o
 .group         0x0000000000000000        0xc stm32_f103c6_driver/EXIT_Driver_stm32f103c6/EXIT_Driver_stm32f103c6.o
 .group         0x0000000000000000        0xc stm32_f103c6_driver/EXIT_Driver_stm32f103c6/EXIT_Driver_stm32f103c6.o
 .group         0x0000000000000000        0xc stm32_f103c6_driver/EXIT_Driver_stm32f103c6/EXIT_Driver_stm32f103c6.o
 .group         0x0000000000000000        0xc stm32_f103c6_driver/EXIT_Driver_stm32f103c6/EXIT_Driver_stm32f103c6.o
 .group         0x0000000000000000        0xc stm32_f103c6_driver/EXIT_Driver_stm32f103c6/EXIT_Driver_stm32f103c6.o
 .group         0x0000000000000000        0xc stm32_f103c6_driver/EXIT_Driver_stm32f103c6/EXIT_Driver_stm32f103c6.o
 .group         0x0000000000000000        0xc stm32_f103c6_driver/EXIT_Driver_stm32f103c6/EXIT_Driver_stm32f103c6.o
 .text          0x0000000000000000        0x0 stm32_f103c6_driver/EXIT_Driver_stm32f103c6/EXIT_Driver_stm32f103c6.o
 .data          0x0000000000000000        0x0 stm32_f103c6_driver/EXIT_Driver_stm32f103c6/EXIT_Driver_stm32f103c6.o
 .bss           0x0000000000000000        0x0 stm32_f103c6_driver/EXIT_Driver_stm32f103c6/EXIT_Driver_stm32f103c6.o
 .text.Enable_NVIC
                0x0000000000000000       0xcc stm32_f103c6_driver/EXIT_Driver_stm32f103c6/EXIT_Driver_stm32f103c6.o
 .text.Disable_NVIC
                0x0000000000000000       0xcc stm32_f103c6_driver/EXIT_Driver_stm32f103c6/EXIT_Driver_stm32f103c6.o
 .text.Update_EXTI
                0x0000000000000000      0x1d8 stm32_f103c6_driver/EXIT_Driver_stm32f103c6/EXIT_Driver_stm32f103c6.o
 .text.MCAL_EXTI_GPIO_DeInit
                0x0000000000000000       0x94 stm32_f103c6_driver/EXIT_Driver_stm32f103c6/EXIT_Driver_stm32f103c6.o
 .text.MCAL_EXTI_GPIO_Init
                0x0000000000000000       0x16 stm32_f103c6_driver/EXIT_Driver_stm32f103c6/EXIT_Driver_stm32f103c6.o
 .text.MCAL_EXTI_GPIO_Update
                0x0000000000000000       0x16 stm32_f103c6_driver/EXIT_Driver_stm32f103c6/EXIT_Driver_stm32f103c6.o
 .debug_macro   0x0000000000000000      0xa60 stm32_f103c6_driver/EXIT_Driver_stm32f103c6/EXIT_Driver_stm32f103c6.o
 .debug_macro   0x0000000000000000       0x22 stm32_f103c6_driver/EXIT_Driver_stm32f103c6/EXIT_Driver_stm32f103c6.o
 .debug_macro   0x0000000000000000       0x8e stm32_f103c6_driver/EXIT_Driver_stm32f103c6/EXIT_Driver_stm32f103c6.o
 .debug_macro   0x0000000000000000       0x51 stm32_f103c6_driver/EXIT_Driver_stm32f103c6/EXIT_Driver_stm32f103c6.o
 .debug_macro   0x0000000000000000       0xef stm32_f103c6_driver/EXIT_Driver_stm32f103c6/EXIT_Driver_stm32f103c6.o
 .debug_macro   0x0000000000000000       0x6a stm32_f103c6_driver/EXIT_Driver_stm32f103c6/EXIT_Driver_stm32f103c6.o
 .debug_macro   0x0000000000000000      0x1df stm32_f103c6_driver/EXIT_Driver_stm32f103c6/EXIT_Driver_stm32f103c6.o
 .debug_macro   0x0000000000000000       0x18 stm32_f103c6_driver/EXIT_Driver_stm32f103c6/EXIT_Driver_stm32f103c6.o
 .debug_macro   0x0000000000000000       0x46 stm32_f103c6_driver/EXIT_Driver_stm32f103c6/EXIT_Driver_stm32f103c6.o
 .debug_macro   0x0000000000000000       0x3c stm32_f103c6_driver/EXIT_Driver_stm32f103c6/EXIT_Driver_stm32f103c6.o
 .debug_macro   0x0000000000000000       0x34 stm32_f103c6_driver/EXIT_Driver_stm32f103c6/EXIT_Driver_stm32f103c6.o
 .debug_macro   0x0000000000000000       0x16 stm32_f103c6_driver/EXIT_Driver_stm32f103c6/EXIT_Driver_stm32f103c6.o
 .debug_macro   0x0000000000000000      0x10e stm32_f103c6_driver/EXIT_Driver_stm32f103c6/EXIT_Driver_stm32f103c6.o
 .debug_macro   0x0000000000000000       0x8d stm32_f103c6_driver/EXIT_Driver_stm32f103c6/EXIT_Driver_stm32f103c6.o
 .debug_macro   0x0000000000000000       0x52 stm32_f103c6_driver/EXIT_Driver_stm32f103c6/EXIT_Driver_stm32f103c6.o
 .debug_macro   0x0000000000000000       0x1f stm32_f103c6_driver/EXIT_Driver_stm32f103c6/EXIT_Driver_stm32f103c6.o
 .debug_macro   0x0000000000000000       0x43 stm32_f103c6_driver/EXIT_Driver_stm32f103c6/EXIT_Driver_stm32f103c6.o
 .debug_macro   0x0000000000000000       0x20 stm32_f103c6_driver/EXIT_Driver_stm32f103c6/EXIT_Driver_stm32f103c6.o
 .debug_macro   0x0000000000000000      0x1a3 stm32_f103c6_driver/EXIT_Driver_stm32f103c6/EXIT_Driver_stm32f103c6.o
 .debug_macro   0x0000000000000000      0x330 stm32_f103c6_driver/EXIT_Driver_stm32f103c6/EXIT_Driver_stm32f103c6.o
 .debug_macro   0x0000000000000000       0x16 stm32_f103c6_driver/EXIT_Driver_stm32f103c6/EXIT_Driver_stm32f103c6.o
 .debug_macro   0x0000000000000000       0x29 stm32_f103c6_driver/EXIT_Driver_stm32f103c6/EXIT_Driver_stm32f103c6.o
 .debug_macro   0x0000000000000000      0x240 stm32_f103c6_driver/EXIT_Driver_stm32f103c6/EXIT_Driver_stm32f103c6.o
 .debug_macro   0x0000000000000000       0xd6 stm32_f103c6_driver/EXIT_Driver_stm32f103c6/EXIT_Driver_stm32f103c6.o
 .group         0x0000000000000000        0xc stm32_f103c6_driver/GPIO_Driver_stm32f103c6.o
 .group         0x0000000000000000        0xc stm32_f103c6_driver/GPIO_Driver_stm32f103c6.o
 .group         0x0000000000000000        0xc stm32_f103c6_driver/GPIO_Driver_stm32f103c6.o
 .group         0x0000000000000000        0xc stm32_f103c6_driver/GPIO_Driver_stm32f103c6.o
 .group         0x0000000000000000        0xc stm32_f103c6_driver/GPIO_Driver_stm32f103c6.o
 .group         0x0000000000000000        0xc stm32_f103c6_driver/GPIO_Driver_stm32f103c6.o
 .group         0x0000000000000000        0xc stm32_f103c6_driver/GPIO_Driver_stm32f103c6.o
 .group         0x0000000000000000        0xc stm32_f103c6_driver/GPIO_Driver_stm32f103c6.o
 .group         0x0000000000000000        0xc stm32_f103c6_driver/GPIO_Driver_stm32f103c6.o
 .group         0x0000000000000000        0xc stm32_f103c6_driver/GPIO_Driver_stm32f103c6.o
 .group         0x0000000000000000        0xc stm32_f103c6_driver/GPIO_Driver_stm32f103c6.o
 .group         0x0000000000000000        0xc stm32_f103c6_driver/GPIO_Driver_stm32f103c6.o
 .group         0x0000000000000000        0xc stm32_f103c6_driver/GPIO_Driver_stm32f103c6.o
 .group         0x0000000000000000        0xc stm32_f103c6_driver/GPIO_Driver_stm32f103c6.o
 .group         0x0000000000000000        0xc stm32_f103c6_driver/GPIO_Driver_stm32f103c6.o
 .group         0x0000000000000000        0xc stm32_f103c6_driver/GPIO_Driver_stm32f103c6.o
 .group         0x0000000000000000        0xc stm32_f103c6_driver/GPIO_Driver_stm32f103c6.o
 .group         0x0000000000000000        0xc stm32_f103c6_driver/GPIO_Driver_stm32f103c6.o
 .group         0x0000000000000000        0xc stm32_f103c6_driver/GPIO_Driver_stm32f103c6.o
 .group         0x0000000000000000        0xc stm32_f103c6_driver/GPIO_Driver_stm32f103c6.o
 .group         0x0000000000000000        0xc stm32_f103c6_driver/GPIO_Driver_stm32f103c6.o
 .group         0x0000000000000000        0xc stm32_f103c6_driver/GPIO_Driver_stm32f103c6.o
 .group         0x0000000000000000        0xc stm32_f103c6_driver/GPIO_Driver_stm32f103c6.o
 .group         0x0000000000000000        0xc stm32_f103c6_driver/GPIO_Driver_stm32f103c6.o
 .text          0x0000000000000000        0x0 stm32_f103c6_driver/GPIO_Driver_stm32f103c6.o
 .data          0x0000000000000000        0x0 stm32_f103c6_driver/GPIO_Driver_stm32f103c6.o
 .bss           0x0000000000000000        0x0 stm32_f103c6_driver/GPIO_Driver_stm32f103c6.o
 .text.MCAL_GPIO_DeInit
                0x0000000000000000       0xd0 stm32_f103c6_driver/GPIO_Driver_stm32f103c6.o
 .text.MCAL_GPIO_ReadPin
                0x0000000000000000       0x2e stm32_f103c6_driver/GPIO_Driver_stm32f103c6.o
 .text.MCAL_GPIO_ReadPort
                0x0000000000000000       0x1a stm32_f103c6_driver/GPIO_Driver_stm32f103c6.o
 .text.MCAL_GPIO_WritePin
                0x0000000000000000       0x2e stm32_f103c6_driver/GPIO_Driver_stm32f103c6.o
 .text.MCAL_GPIO_WritePort
                0x0000000000000000       0x1c stm32_f103c6_driver/GPIO_Driver_stm32f103c6.o
 .text.MCAL_GPIO_TogglePin
                0x0000000000000000       0x22 stm32_f103c6_driver/GPIO_Driver_stm32f103c6.o
 .text.MCAL_GPIO_LockPin
                0x0000000000000000       0x4e stm32_f103c6_driver/GPIO_Driver_stm32f103c6.o
 .debug_macro   0x0000000000000000      0xa60 stm32_f103c6_driver/GPIO_Driver_stm32f103c6.o
 .debug_macro   0x0000000000000000       0x22 stm32_f103c6_driver/GPIO_Driver_stm32f103c6.o
 .debug_macro   0x0000000000000000       0x8e stm32_f103c6_driver/GPIO_Driver_stm32f103c6.o
 .debug_macro   0x0000000000000000       0x51 stm32_f103c6_driver/GPIO_Driver_stm32f103c6.o
 .debug_macro   0x0000000000000000       0xef stm32_f103c6_driver/GPIO_Driver_stm32f103c6.o
 .debug_macro   0x0000000000000000       0x6a stm32_f103c6_driver/GPIO_Driver_stm32f103c6.o
 .debug_macro   0x0000000000000000      0x1df stm32_f103c6_driver/GPIO_Driver_stm32f103c6.o
 .debug_macro   0x0000000000000000       0x18 stm32_f103c6_driver/GPIO_Driver_stm32f103c6.o
 .debug_macro   0x0000000000000000       0x46 stm32_f103c6_driver/GPIO_Driver_stm32f103c6.o
 .debug_macro   0x0000000000000000       0x3c stm32_f103c6_driver/GPIO_Driver_stm32f103c6.o
 .debug_macro   0x0000000000000000       0x34 stm32_f103c6_driver/GPIO_Driver_stm32f103c6.o
 .debug_macro   0x0000000000000000       0x16 stm32_f103c6_driver/GPIO_Driver_stm32f103c6.o
 .debug_macro   0x0000000000000000      0x10e stm32_f103c6_driver/GPIO_Driver_stm32f103c6.o
 .debug_macro   0x0000000000000000       0x8d stm32_f103c6_driver/GPIO_Driver_stm32f103c6.o
 .debug_macro   0x0000000000000000       0x52 stm32_f103c6_driver/GPIO_Driver_stm32f103c6.o
 .debug_macro   0x0000000000000000       0x1f stm32_f103c6_driver/GPIO_Driver_stm32f103c6.o
 .debug_macro   0x0000000000000000       0x43 stm32_f103c6_driver/GPIO_Driver_stm32f103c6.o
 .debug_macro   0x0000000000000000       0x20 stm32_f103c6_driver/GPIO_Driver_stm32f103c6.o
 .debug_macro   0x0000000000000000      0x1a3 stm32_f103c6_driver/GPIO_Driver_stm32f103c6.o
 .debug_macro   0x0000000000000000      0x330 stm32_f103c6_driver/GPIO_Driver_stm32f103c6.o
 .debug_macro   0x0000000000000000       0x16 stm32_f103c6_driver/GPIO_Driver_stm32f103c6.o
 .debug_macro   0x0000000000000000       0x29 stm32_f103c6_driver/GPIO_Driver_stm32f103c6.o
 .debug_macro   0x0000000000000000      0x240 stm32_f103c6_driver/GPIO_Driver_stm32f103c6.o
 .group         0x0000000000000000        0xc stm32_f103c6_driver/RCC_Driver_stm32f103c6.o
 .group         0x0000000000000000        0xc stm32_f103c6_driver/RCC_Driver_stm32f103c6.o
 .group         0x0000000000000000        0xc stm32_f103c6_driver/RCC_Driver_stm32f103c6.o
 .group         0x0000000000000000        0xc stm32_f103c6_driver/RCC_Driver_stm32f103c6.o
 .group         0x0000000000000000        0xc stm32_f103c6_driver/RCC_Driver_stm32f103c6.o
 .group         0x0000000000000000        0xc stm32_f103c6_driver/RCC_Driver_stm32f103c6.o
 .group         0x0000000000000000        0xc stm32_f103c6_driver/RCC_Driver_stm32f103c6.o
 .group         0x0000000000000000        0xc stm32_f103c6_driver/RCC_Driver_stm32f103c6.o
 .group         0x0000000000000000        0xc stm32_f103c6_driver/RCC_Driver_stm32f103c6.o
 .group         0x0000000000000000        0xc stm32_f103c6_driver/RCC_Driver_stm32f103c6.o
 .group         0x0000000000000000        0xc stm32_f103c6_driver/RCC_Driver_stm32f103c6.o
 .group         0x0000000000000000        0xc stm32_f103c6_driver/RCC_Driver_stm32f103c6.o
 .group         0x0000000000000000        0xc stm32_f103c6_driver/RCC_Driver_stm32f103c6.o
 .group         0x0000000000000000        0xc stm32_f103c6_driver/RCC_Driver_stm32f103c6.o
 .group         0x0000000000000000        0xc stm32_f103c6_driver/RCC_Driver_stm32f103c6.o
 .group         0x0000000000000000        0xc stm32_f103c6_driver/RCC_Driver_stm32f103c6.o
 .group         0x0000000000000000        0xc stm32_f103c6_driver/RCC_Driver_stm32f103c6.o
 .group         0x0000000000000000        0xc stm32_f103c6_driver/RCC_Driver_stm32f103c6.o
 .group         0x0000000000000000        0xc stm32_f103c6_driver/RCC_Driver_stm32f103c6.o
 .group         0x0000000000000000        0xc stm32_f103c6_driver/RCC_Driver_stm32f103c6.o
 .group         0x0000000000000000        0xc stm32_f103c6_driver/RCC_Driver_stm32f103c6.o
 .group         0x0000000000000000        0xc stm32_f103c6_driver/RCC_Driver_stm32f103c6.o
 .group         0x0000000000000000        0xc stm32_f103c6_driver/RCC_Driver_stm32f103c6.o
 .group         0x0000000000000000        0xc stm32_f103c6_driver/RCC_Driver_stm32f103c6.o
 .group         0x0000000000000000        0xc stm32_f103c6_driver/RCC_Driver_stm32f103c6.o
 .text          0x0000000000000000        0x0 stm32_f103c6_driver/RCC_Driver_stm32f103c6.o
 .data          0x0000000000000000        0x0 stm32_f103c6_driver/RCC_Driver_stm32f103c6.o
 .bss           0x0000000000000000        0x0 stm32_f103c6_driver/RCC_Driver_stm32f103c6.o
 .debug_macro   0x0000000000000000      0xa60 stm32_f103c6_driver/RCC_Driver_stm32f103c6.o
 .debug_macro   0x0000000000000000       0x22 stm32_f103c6_driver/RCC_Driver_stm32f103c6.o
 .debug_macro   0x0000000000000000       0x8e stm32_f103c6_driver/RCC_Driver_stm32f103c6.o
 .debug_macro   0x0000000000000000       0x51 stm32_f103c6_driver/RCC_Driver_stm32f103c6.o
 .debug_macro   0x0000000000000000       0xef stm32_f103c6_driver/RCC_Driver_stm32f103c6.o
 .debug_macro   0x0000000000000000       0x6a stm32_f103c6_driver/RCC_Driver_stm32f103c6.o
 .debug_macro   0x0000000000000000      0x1df stm32_f103c6_driver/RCC_Driver_stm32f103c6.o
 .debug_macro   0x0000000000000000       0x18 stm32_f103c6_driver/RCC_Driver_stm32f103c6.o
 .debug_macro   0x0000000000000000       0x46 stm32_f103c6_driver/RCC_Driver_stm32f103c6.o
 .debug_macro   0x0000000000000000       0x3c stm32_f103c6_driver/RCC_Driver_stm32f103c6.o
 .debug_macro   0x0000000000000000       0x34 stm32_f103c6_driver/RCC_Driver_stm32f103c6.o
 .debug_macro   0x0000000000000000       0x16 stm32_f103c6_driver/RCC_Driver_stm32f103c6.o
 .debug_macro   0x0000000000000000      0x10e stm32_f103c6_driver/RCC_Driver_stm32f103c6.o
 .debug_macro   0x0000000000000000       0x8d stm32_f103c6_driver/RCC_Driver_stm32f103c6.o
 .debug_macro   0x0000000000000000       0x52 stm32_f103c6_driver/RCC_Driver_stm32f103c6.o
 .debug_macro   0x0000000000000000       0x1f stm32_f103c6_driver/RCC_Driver_stm32f103c6.o
 .debug_macro   0x0000000000000000       0x43 stm32_f103c6_driver/RCC_Driver_stm32f103c6.o
 .debug_macro   0x0000000000000000       0x20 stm32_f103c6_driver/RCC_Driver_stm32f103c6.o
 .debug_macro   0x0000000000000000      0x1a3 stm32_f103c6_driver/RCC_Driver_stm32f103c6.o
 .debug_macro   0x0000000000000000      0x330 stm32_f103c6_driver/RCC_Driver_stm32f103c6.o
 .debug_macro   0x0000000000000000       0x16 stm32_f103c6_driver/RCC_Driver_stm32f103c6.o
 .debug_macro   0x0000000000000000       0x29 stm32_f103c6_driver/RCC_Driver_stm32f103c6.o
 .debug_macro   0x0000000000000000      0x240 stm32_f103c6_driver/RCC_Driver_stm32f103c6.o
 .debug_macro   0x0000000000000000       0xd6 stm32_f103c6_driver/RCC_Driver_stm32f103c6.o
 .group         0x0000000000000000        0xc stm32_f103c6_driver/USART_Driver_stm32f103c6.o
 .group         0x0000000000000000        0xc stm32_f103c6_driver/USART_Driver_stm32f103c6.o
 .group         0x0000000000000000        0xc stm32_f103c6_driver/USART_Driver_stm32f103c6.o
 .group         0x0000000000000000        0xc stm32_f103c6_driver/USART_Driver_stm32f103c6.o
 .group         0x0000000000000000        0xc stm32_f103c6_driver/USART_Driver_stm32f103c6.o
 .group         0x0000000000000000        0xc stm32_f103c6_driver/USART_Driver_stm32f103c6.o
 .group         0x0000000000000000        0xc stm32_f103c6_driver/USART_Driver_stm32f103c6.o
 .group         0x0000000000000000        0xc stm32_f103c6_driver/USART_Driver_stm32f103c6.o
 .group         0x0000000000000000        0xc stm32_f103c6_driver/USART_Driver_stm32f103c6.o
 .group         0x0000000000000000        0xc stm32_f103c6_driver/USART_Driver_stm32f103c6.o
 .group         0x0000000000000000        0xc stm32_f103c6_driver/USART_Driver_stm32f103c6.o
 .group         0x0000000000000000        0xc stm32_f103c6_driver/USART_Driver_stm32f103c6.o
 .group         0x0000000000000000        0xc stm32_f103c6_driver/USART_Driver_stm32f103c6.o
 .group         0x0000000000000000        0xc stm32_f103c6_driver/USART_Driver_stm32f103c6.o
 .group         0x0000000000000000        0xc stm32_f103c6_driver/USART_Driver_stm32f103c6.o
 .group         0x0000000000000000        0xc stm32_f103c6_driver/USART_Driver_stm32f103c6.o
 .group         0x0000000000000000        0xc stm32_f103c6_driver/USART_Driver_stm32f103c6.o
 .group         0x0000000000000000        0xc stm32_f103c6_driver/USART_Driver_stm32f103c6.o
 .group         0x0000000000000000        0xc stm32_f103c6_driver/USART_Driver_stm32f103c6.o
 .group         0x0000000000000000        0xc stm32_f103c6_driver/USART_Driver_stm32f103c6.o
 .group         0x0000000000000000        0xc stm32_f103c6_driver/USART_Driver_stm32f103c6.o
 .group         0x0000000000000000        0xc stm32_f103c6_driver/USART_Driver_stm32f103c6.o
 .group         0x0000000000000000        0xc stm32_f103c6_driver/USART_Driver_stm32f103c6.o
 .group         0x0000000000000000        0xc stm32_f103c6_driver/USART_Driver_stm32f103c6.o
 .group         0x0000000000000000        0xc stm32_f103c6_driver/USART_Driver_stm32f103c6.o
 .group         0x0000000000000000        0xc stm32_f103c6_driver/USART_Driver_stm32f103c6.o
 .text          0x0000000000000000        0x0 stm32_f103c6_driver/USART_Driver_stm32f103c6.o
 .data          0x0000000000000000        0x0 stm32_f103c6_driver/USART_Driver_stm32f103c6.o
 .bss           0x0000000000000000        0x0 stm32_f103c6_driver/USART_Driver_stm32f103c6.o
 .text.MCAL_USART_DeInit
                0x0000000000000000       0x8c stm32_f103c6_driver/USART_Driver_stm32f103c6.o
 .text.MCAL_USART_Wait_TC
                0x0000000000000000       0x20 stm32_f103c6_driver/USART_Driver_stm32f103c6.o
 .debug_macro   0x0000000000000000      0xa60 stm32_f103c6_driver/USART_Driver_stm32f103c6.o
 .debug_macro   0x0000000000000000       0x22 stm32_f103c6_driver/USART_Driver_stm32f103c6.o
 .debug_macro   0x0000000000000000       0x8e stm32_f103c6_driver/USART_Driver_stm32f103c6.o
 .debug_macro   0x0000000000000000       0x51 stm32_f103c6_driver/USART_Driver_stm32f103c6.o
 .debug_macro   0x0000000000000000       0xef stm32_f103c6_driver/USART_Driver_stm32f103c6.o
 .debug_macro   0x0000000000000000       0x6a stm32_f103c6_driver/USART_Driver_stm32f103c6.o
 .debug_macro   0x0000000000000000      0x1df stm32_f103c6_driver/USART_Driver_stm32f103c6.o
 .debug_macro   0x0000000000000000       0x18 stm32_f103c6_driver/USART_Driver_stm32f103c6.o
 .debug_macro   0x0000000000000000       0x46 stm32_f103c6_driver/USART_Driver_stm32f103c6.o
 .debug_macro   0x0000000000000000       0x3c stm32_f103c6_driver/USART_Driver_stm32f103c6.o
 .debug_macro   0x0000000000000000       0x34 stm32_f103c6_driver/USART_Driver_stm32f103c6.o
 .debug_macro   0x0000000000000000       0x16 stm32_f103c6_driver/USART_Driver_stm32f103c6.o
 .debug_macro   0x0000000000000000      0x10e stm32_f103c6_driver/USART_Driver_stm32f103c6.o
 .debug_macro   0x0000000000000000       0x8d stm32_f103c6_driver/USART_Driver_stm32f103c6.o
 .debug_macro   0x0000000000000000       0x52 stm32_f103c6_driver/USART_Driver_stm32f103c6.o
 .debug_macro   0x0000000000000000       0x1f stm32_f103c6_driver/USART_Driver_stm32f103c6.o
 .debug_macro   0x0000000000000000       0x43 stm32_f103c6_driver/USART_Driver_stm32f103c6.o
 .debug_macro   0x0000000000000000       0x20 stm32_f103c6_driver/USART_Driver_stm32f103c6.o
 .debug_macro   0x0000000000000000      0x1a3 stm32_f103c6_driver/USART_Driver_stm32f103c6.o
 .debug_macro   0x0000000000000000      0x330 stm32_f103c6_driver/USART_Driver_stm32f103c6.o
 .debug_macro   0x0000000000000000       0x16 stm32_f103c6_driver/USART_Driver_stm32f103c6.o
 .debug_macro   0x0000000000000000       0x29 stm32_f103c6_driver/USART_Driver_stm32f103c6.o
 .debug_macro   0x0000000000000000      0x240 stm32_f103c6_driver/USART_Driver_stm32f103c6.o
 .debug_macro   0x0000000000000000       0xd6 stm32_f103c6_driver/USART_Driver_stm32f103c6.o
 .debug_macro   0x0000000000000000       0x16 stm32_f103c6_driver/USART_Driver_stm32f103c6.o
 .debug_macro   0x0000000000000000       0xe2 stm32_f103c6_driver/USART_Driver_stm32f103c6.o
 .group         0x0000000000000000        0xc stm32_f103c6_driver/KeyPad_Driver/keypad.o
 .group         0x0000000000000000        0xc stm32_f103c6_driver/KeyPad_Driver/keypad.o
 .group         0x0000000000000000        0xc stm32_f103c6_driver/KeyPad_Driver/keypad.o
 .group         0x0000000000000000        0xc stm32_f103c6_driver/KeyPad_Driver/keypad.o
 .group         0x0000000000000000        0xc stm32_f103c6_driver/KeyPad_Driver/keypad.o
 .group         0x0000000000000000        0xc stm32_f103c6_driver/KeyPad_Driver/keypad.o
 .group         0x0000000000000000        0xc stm32_f103c6_driver/KeyPad_Driver/keypad.o
 .group         0x0000000000000000        0xc stm32_f103c6_driver/KeyPad_Driver/keypad.o
 .group         0x0000000000000000        0xc stm32_f103c6_driver/KeyPad_Driver/keypad.o
 .group         0x0000000000000000        0xc stm32_f103c6_driver/KeyPad_Driver/keypad.o
 .group         0x0000000000000000        0xc stm32_f103c6_driver/KeyPad_Driver/keypad.o
 .group         0x0000000000000000        0xc stm32_f103c6_driver/KeyPad_Driver/keypad.o
 .group         0x0000000000000000        0xc stm32_f103c6_driver/KeyPad_Driver/keypad.o
 .group         0x0000000000000000        0xc stm32_f103c6_driver/KeyPad_Driver/keypad.o
 .group         0x0000000000000000        0xc stm32_f103c6_driver/KeyPad_Driver/keypad.o
 .group         0x0000000000000000        0xc stm32_f103c6_driver/KeyPad_Driver/keypad.o
 .group         0x0000000000000000        0xc stm32_f103c6_driver/KeyPad_Driver/keypad.o
 .group         0x0000000000000000        0xc stm32_f103c6_driver/KeyPad_Driver/keypad.o
 .group         0x0000000000000000        0xc stm32_f103c6_driver/KeyPad_Driver/keypad.o
 .group         0x0000000000000000        0xc stm32_f103c6_driver/KeyPad_Driver/keypad.o
 .group         0x0000000000000000        0xc stm32_f103c6_driver/KeyPad_Driver/keypad.o
 .group         0x0000000000000000        0xc stm32_f103c6_driver/KeyPad_Driver/keypad.o
 .group         0x0000000000000000        0xc stm32_f103c6_driver/KeyPad_Driver/keypad.o
 .group         0x0000000000000000        0xc stm32_f103c6_driver/KeyPad_Driver/keypad.o
 .group         0x0000000000000000        0xc stm32_f103c6_driver/KeyPad_Driver/keypad.o
 .text          0x0000000000000000        0x0 stm32_f103c6_driver/KeyPad_Driver/keypad.o
 .data          0x0000000000000000        0x0 stm32_f103c6_driver/KeyPad_Driver/keypad.o
 .bss           0x0000000000000000        0x0 stm32_f103c6_driver/KeyPad_Driver/keypad.o
 .data.Key_padRow
                0x0000000000000000       0x10 stm32_f103c6_driver/KeyPad_Driver/keypad.o
 .data.Key_padCol
                0x0000000000000000       0x10 stm32_f103c6_driver/KeyPad_Driver/keypad.o
 .text.delay_mss
                0x0000000000000000       0x38 stm32_f103c6_driver/KeyPad_Driver/keypad.o
 .text.Keypad_init
                0x0000000000000000       0xcc stm32_f103c6_driver/KeyPad_Driver/keypad.o
 .text.Keypad_getkey
                0x0000000000000000      0x194 stm32_f103c6_driver/KeyPad_Driver/keypad.o
 .debug_info    0x0000000000000000      0xb48 stm32_f103c6_driver/KeyPad_Driver/keypad.o
 .debug_abbrev  0x0000000000000000      0x1de stm32_f103c6_driver/KeyPad_Driver/keypad.o
 .debug_loc     0x0000000000000000       0xfc stm32_f103c6_driver/KeyPad_Driver/keypad.o
 .debug_aranges
                0x0000000000000000       0x30 stm32_f103c6_driver/KeyPad_Driver/keypad.o
 .debug_ranges  0x0000000000000000       0x20 stm32_f103c6_driver/KeyPad_Driver/keypad.o
 .debug_macro   0x0000000000000000      0x14e stm32_f103c6_driver/KeyPad_Driver/keypad.o
 .debug_macro   0x0000000000000000      0xa60 stm32_f103c6_driver/KeyPad_Driver/keypad.o
 .debug_macro   0x0000000000000000       0x22 stm32_f103c6_driver/KeyPad_Driver/keypad.o
 .debug_macro   0x0000000000000000       0x8e stm32_f103c6_driver/KeyPad_Driver/keypad.o
 .debug_macro   0x0000000000000000       0x51 stm32_f103c6_driver/KeyPad_Driver/keypad.o
 .debug_macro   0x0000000000000000       0xef stm32_f103c6_driver/KeyPad_Driver/keypad.o
 .debug_macro   0x0000000000000000       0x6a stm32_f103c6_driver/KeyPad_Driver/keypad.o
 .debug_macro   0x0000000000000000      0x1df stm32_f103c6_driver/KeyPad_Driver/keypad.o
 .debug_macro   0x0000000000000000       0x18 stm32_f103c6_driver/KeyPad_Driver/keypad.o
 .debug_macro   0x0000000000000000       0x46 stm32_f103c6_driver/KeyPad_Driver/keypad.o
 .debug_macro   0x0000000000000000       0x3c stm32_f103c6_driver/KeyPad_Driver/keypad.o
 .debug_macro   0x0000000000000000       0x34 stm32_f103c6_driver/KeyPad_Driver/keypad.o
 .debug_macro   0x0000000000000000       0x16 stm32_f103c6_driver/KeyPad_Driver/keypad.o
 .debug_macro   0x0000000000000000      0x10e stm32_f103c6_driver/KeyPad_Driver/keypad.o
 .debug_macro   0x0000000000000000       0x8d stm32_f103c6_driver/KeyPad_Driver/keypad.o
 .debug_macro   0x0000000000000000       0x52 stm32_f103c6_driver/KeyPad_Driver/keypad.o
 .debug_macro   0x0000000000000000       0x1f stm32_f103c6_driver/KeyPad_Driver/keypad.o
 .debug_macro   0x0000000000000000       0x43 stm32_f103c6_driver/KeyPad_Driver/keypad.o
 .debug_macro   0x0000000000000000       0x20 stm32_f103c6_driver/KeyPad_Driver/keypad.o
 .debug_macro   0x0000000000000000      0x1a3 stm32_f103c6_driver/KeyPad_Driver/keypad.o
 .debug_macro   0x0000000000000000      0x330 stm32_f103c6_driver/KeyPad_Driver/keypad.o
 .debug_macro   0x0000000000000000       0x16 stm32_f103c6_driver/KeyPad_Driver/keypad.o
 .debug_macro   0x0000000000000000       0x29 stm32_f103c6_driver/KeyPad_Driver/keypad.o
 .debug_macro   0x0000000000000000      0x240 stm32_f103c6_driver/KeyPad_Driver/keypad.o
 .debug_macro   0x0000000000000000       0xd6 stm32_f103c6_driver/KeyPad_Driver/keypad.o
 .debug_macro   0x0000000000000000       0x3a stm32_f103c6_driver/KeyPad_Driver/keypad.o
 .debug_line    0x0000000000000000      0x632 stm32_f103c6_driver/KeyPad_Driver/keypad.o
 .debug_str     0x0000000000000000     0x81fb stm32_f103c6_driver/KeyPad_Driver/keypad.o
 .comment       0x0000000000000000       0x7c stm32_f103c6_driver/KeyPad_Driver/keypad.o
 .debug_frame   0x0000000000000000       0x80 stm32_f103c6_driver/KeyPad_Driver/keypad.o
 .ARM.attributes
                0x0000000000000000       0x33 stm32_f103c6_driver/KeyPad_Driver/keypad.o
 .group         0x0000000000000000        0xc stm32_f103c6_driver/LCD_Driver/lcd.o
 .group         0x0000000000000000        0xc stm32_f103c6_driver/LCD_Driver/lcd.o
 .group         0x0000000000000000        0xc stm32_f103c6_driver/LCD_Driver/lcd.o
 .group         0x0000000000000000        0xc stm32_f103c6_driver/LCD_Driver/lcd.o
 .group         0x0000000000000000        0xc stm32_f103c6_driver/LCD_Driver/lcd.o
 .group         0x0000000000000000        0xc stm32_f103c6_driver/LCD_Driver/lcd.o
 .group         0x0000000000000000        0xc stm32_f103c6_driver/LCD_Driver/lcd.o
 .group         0x0000000000000000        0xc stm32_f103c6_driver/LCD_Driver/lcd.o
 .group         0x0000000000000000        0xc stm32_f103c6_driver/LCD_Driver/lcd.o
 .group         0x0000000000000000        0xc stm32_f103c6_driver/LCD_Driver/lcd.o
 .group         0x0000000000000000        0xc stm32_f103c6_driver/LCD_Driver/lcd.o
 .group         0x0000000000000000        0xc stm32_f103c6_driver/LCD_Driver/lcd.o
 .group         0x0000000000000000        0xc stm32_f103c6_driver/LCD_Driver/lcd.o
 .group         0x0000000000000000        0xc stm32_f103c6_driver/LCD_Driver/lcd.o
 .group         0x0000000000000000        0xc stm32_f103c6_driver/LCD_Driver/lcd.o
 .group         0x0000000000000000        0xc stm32_f103c6_driver/LCD_Driver/lcd.o
 .group         0x0000000000000000        0xc stm32_f103c6_driver/LCD_Driver/lcd.o
 .group         0x0000000000000000        0xc stm32_f103c6_driver/LCD_Driver/lcd.o
 .group         0x0000000000000000        0xc stm32_f103c6_driver/LCD_Driver/lcd.o
 .group         0x0000000000000000        0xc stm32_f103c6_driver/LCD_Driver/lcd.o
 .group         0x0000000000000000        0xc stm32_f103c6_driver/LCD_Driver/lcd.o
 .group         0x0000000000000000        0xc stm32_f103c6_driver/LCD_Driver/lcd.o
 .group         0x0000000000000000        0xc stm32_f103c6_driver/LCD_Driver/lcd.o
 .group         0x0000000000000000        0xc stm32_f103c6_driver/LCD_Driver/lcd.o
 .group         0x0000000000000000        0xc stm32_f103c6_driver/LCD_Driver/lcd.o
 .text          0x0000000000000000        0x0 stm32_f103c6_driver/LCD_Driver/lcd.o
 .data          0x0000000000000000        0x0 stm32_f103c6_driver/LCD_Driver/lcd.o
 .bss           0x0000000000000000        0x0 stm32_f103c6_driver/LCD_Driver/lcd.o
 .text.LCD_GPIO_init
                0x0000000000000000      0x158 stm32_f103c6_driver/LCD_Driver/lcd.o
 .text.LCD_clear_screen
                0x0000000000000000        0xe stm32_f103c6_driver/LCD_Driver/lcd.o
 .text.LCD_lcd_kick
                0x0000000000000000       0x2c stm32_f103c6_driver/LCD_Driver/lcd.o
 .text.LCD_GOTO_XY
                0x0000000000000000       0x48 stm32_f103c6_driver/LCD_Driver/lcd.o
 .text.LCD_INIT
                0x0000000000000000       0x34 stm32_f103c6_driver/LCD_Driver/lcd.o
 .text.LCD_check_lcd_isbusy
                0x0000000000000000       0xd8 stm32_f103c6_driver/LCD_Driver/lcd.o
 .text.LCD_WRITE_COMMAND
                0x0000000000000000       0x44 stm32_f103c6_driver/LCD_Driver/lcd.o
 .text.LCD_WRITE_CHAR
                0x0000000000000000       0x44 stm32_f103c6_driver/LCD_Driver/lcd.o
 .text.LCD_WRITE_STRING
                0x0000000000000000       0x58 stm32_f103c6_driver/LCD_Driver/lcd.o
 .debug_info    0x0000000000000000      0xbfc stm32_f103c6_driver/LCD_Driver/lcd.o
 .debug_abbrev  0x0000000000000000      0x1fb stm32_f103c6_driver/LCD_Driver/lcd.o
 .debug_loc     0x0000000000000000      0x21c stm32_f103c6_driver/LCD_Driver/lcd.o
 .debug_aranges
                0x0000000000000000       0x60 stm32_f103c6_driver/LCD_Driver/lcd.o
 .debug_ranges  0x0000000000000000       0x50 stm32_f103c6_driver/LCD_Driver/lcd.o
 .debug_macro   0x0000000000000000      0x14e stm32_f103c6_driver/LCD_Driver/lcd.o
 .debug_macro   0x0000000000000000      0xa60 stm32_f103c6_driver/LCD_Driver/lcd.o
 .debug_macro   0x0000000000000000       0x22 stm32_f103c6_driver/LCD_Driver/lcd.o
 .debug_macro   0x0000000000000000       0x8e stm32_f103c6_driver/LCD_Driver/lcd.o
 .debug_macro   0x0000000000000000       0x51 stm32_f103c6_driver/LCD_Driver/lcd.o
 .debug_macro   0x0000000000000000       0xef stm32_f103c6_driver/LCD_Driver/lcd.o
 .debug_macro   0x0000000000000000       0x6a stm32_f103c6_driver/LCD_Driver/lcd.o
 .debug_macro   0x0000000000000000      0x1df stm32_f103c6_driver/LCD_Driver/lcd.o
 .debug_macro   0x0000000000000000       0x18 stm32_f103c6_driver/LCD_Driver/lcd.o
 .debug_macro   0x0000000000000000       0x46 stm32_f103c6_driver/LCD_Driver/lcd.o
 .debug_macro   0x0000000000000000       0x3c stm32_f103c6_driver/LCD_Driver/lcd.o
 .debug_macro   0x0000000000000000       0x34 stm32_f103c6_driver/LCD_Driver/lcd.o
 .debug_macro   0x0000000000000000       0x16 stm32_f103c6_driver/LCD_Driver/lcd.o
 .debug_macro   0x0000000000000000      0x10e stm32_f103c6_driver/LCD_Driver/lcd.o
 .debug_macro   0x0000000000000000       0x8d stm32_f103c6_driver/LCD_Driver/lcd.o
 .debug_macro   0x0000000000000000       0x52 stm32_f103c6_driver/LCD_Driver/lcd.o
 .debug_macro   0x0000000000000000       0x1f stm32_f103c6_driver/LCD_Driver/lcd.o
 .debug_macro   0x0000000000000000       0x43 stm32_f103c6_driver/LCD_Driver/lcd.o
 .debug_macro   0x0000000000000000       0x20 stm32_f103c6_driver/LCD_Driver/lcd.o
 .debug_macro   0x0000000000000000      0x1a3 stm32_f103c6_driver/LCD_Driver/lcd.o
 .debug_macro   0x0000000000000000      0x330 stm32_f103c6_driver/LCD_Driver/lcd.o
 .debug_macro   0x0000000000000000       0x16 stm32_f103c6_driver/LCD_Driver/lcd.o
 .debug_macro   0x0000000000000000       0x29 stm32_f103c6_driver/LCD_Driver/lcd.o
 .debug_macro   0x0000000000000000      0x240 stm32_f103c6_driver/LCD_Driver/lcd.o
 .debug_macro   0x0000000000000000       0xd6 stm32_f103c6_driver/LCD_Driver/lcd.o
 .debug_macro   0x0000000000000000       0x94 stm32_f103c6_driver/LCD_Driver/lcd.o
 .debug_line    0x0000000000000000      0x66f stm32_f103c6_driver/LCD_Driver/lcd.o
 .debug_str     0x0000000000000000     0x843b stm32_f103c6_driver/LCD_Driver/lcd.o
 .comment       0x0000000000000000       0x7c stm32_f103c6_driver/LCD_Driver/lcd.o
 .debug_frame   0x0000000000000000      0x12c stm32_f103c6_driver/LCD_Driver/lcd.o
 .ARM.attributes
                0x0000000000000000       0x33 stm32_f103c6_driver/LCD_Driver/lcd.o
 .text          0x0000000000000000        0x0 c:/st/stm32cubeide_1.4.0/stm32cubeide/plugins/com.st.stm32cube.ide.mcu.externaltools.gnu-tools-for-stm32.7-2018-q2-update.win32_1.4.0.202007081208/tools/bin/../lib/gcc/arm-none-eabi/7.3.1/../../../../arm-none-eabi/lib/thumb/v7-m\libc_nano.a(lib_a-errno.o)
 .data          0x0000000000000000        0x0 c:/st/stm32cubeide_1.4.0/stm32cubeide/plugins/com.st.stm32cube.ide.mcu.externaltools.gnu-tools-for-stm32.7-2018-q2-update.win32_1.4.0.202007081208/tools/bin/../lib/gcc/arm-none-eabi/7.3.1/../../../../arm-none-eabi/lib/thumb/v7-m\libc_nano.a(lib_a-errno.o)
 .bss           0x0000000000000000        0x0 c:/st/stm32cubeide_1.4.0/stm32cubeide/plugins/com.st.stm32cube.ide.mcu.externaltools.gnu-tools-for-stm32.7-2018-q2-update.win32_1.4.0.202007081208/tools/bin/../lib/gcc/arm-none-eabi/7.3.1/../../../../arm-none-eabi/lib/thumb/v7-m\libc_nano.a(lib_a-errno.o)
 .text.__errno  0x0000000000000000        0xc c:/st/stm32cubeide_1.4.0/stm32cubeide/plugins/com.st.stm32cube.ide.mcu.externaltools.gnu-tools-for-stm32.7-2018-q2-update.win32_1.4.0.202007081208/tools/bin/../lib/gcc/arm-none-eabi/7.3.1/../../../../arm-none-eabi/lib/thumb/v7-m\libc_nano.a(lib_a-errno.o)
 .debug_frame   0x0000000000000000       0x20 c:/st/stm32cubeide_1.4.0/stm32cubeide/plugins/com.st.stm32cube.ide.mcu.externaltools.gnu-tools-for-stm32.7-2018-q2-update.win32_1.4.0.202007081208/tools/bin/../lib/gcc/arm-none-eabi/7.3.1/../../../../arm-none-eabi/lib/thumb/v7-m\libc_nano.a(lib_a-errno.o)
 .ARM.attributes
                0x0000000000000000       0x2d c:/st/stm32cubeide_1.4.0/stm32cubeide/plugins/com.st.stm32cube.ide.mcu.externaltools.gnu-tools-for-stm32.7-2018-q2-update.win32_1.4.0.202007081208/tools/bin/../lib/gcc/arm-none-eabi/7.3.1/../../../../arm-none-eabi/lib/thumb/v7-m\libc_nano.a(lib_a-errno.o)
 .text          0x0000000000000000        0x0 c:/st/stm32cubeide_1.4.0/stm32cubeide/plugins/com.st.stm32cube.ide.mcu.externaltools.gnu-tools-for-stm32.7-2018-q2-update.win32_1.4.0.202007081208/tools/bin/../lib/gcc/arm-none-eabi/7.3.1/../../../../arm-none-eabi/lib/thumb/v7-m\libc_nano.a(lib_a-exit.o)
 .data          0x0000000000000000        0x0 c:/st/stm32cubeide_1.4.0/stm32cubeide/plugins/com.st.stm32cube.ide.mcu.externaltools.gnu-tools-for-stm32.7-2018-q2-update.win32_1.4.0.202007081208/tools/bin/../lib/gcc/arm-none-eabi/7.3.1/../../../../arm-none-eabi/lib/thumb/v7-m\libc_nano.a(lib_a-exit.o)
 .bss           0x0000000000000000        0x0 c:/st/stm32cubeide_1.4.0/stm32cubeide/plugins/com.st.stm32cube.ide.mcu.externaltools.gnu-tools-for-stm32.7-2018-q2-update.win32_1.4.0.202007081208/tools/bin/../lib/gcc/arm-none-eabi/7.3.1/../../../../arm-none-eabi/lib/thumb/v7-m\libc_nano.a(lib_a-exit.o)
 .text.exit     0x0000000000000000       0x28 c:/st/stm32cubeide_1.4.0/stm32cubeide/plugins/com.st.stm32cube.ide.mcu.externaltools.gnu-tools-for-stm32.7-2018-q2-update.win32_1.4.0.202007081208/tools/bin/../lib/gcc/arm-none-eabi/7.3.1/../../../../arm-none-eabi/lib/thumb/v7-m\libc_nano.a(lib_a-exit.o)
 .debug_frame   0x0000000000000000       0x28 c:/st/stm32cubeide_1.4.0/stm32cubeide/plugins/com.st.stm32cube.ide.mcu.externaltools.gnu-tools-for-stm32.7-2018-q2-update.win32_1.4.0.202007081208/tools/bin/../lib/gcc/arm-none-eabi/7.3.1/../../../../arm-none-eabi/lib/thumb/v7-m\libc_nano.a(lib_a-exit.o)
 .ARM.attributes
                0x0000000000000000       0x2d c:/st/stm32cubeide_1.4.0/stm32cubeide/plugins/com.st.stm32cube.ide.mcu.externaltools.gnu-tools-for-stm32.7-2018-q2-update.win32_1.4.0.202007081208/tools/bin/../lib/gcc/arm-none-eabi/7.3.1/../../../../arm-none-eabi/lib/thumb/v7-m\libc_nano.a(lib_a-exit.o)
 .text          0x0000000000000000        0x0 c:/st/stm32cubeide_1.4.0/stm32cubeide/plugins/com.st.stm32cube.ide.mcu.externaltools.gnu-tools-for-stm32.7-2018-q2-update.win32_1.4.0.202007081208/tools/bin/../lib/gcc/arm-none-eabi/7.3.1/../../../../arm-none-eabi/lib/thumb/v7-m\libc_nano.a(lib_a-impure.o)
 .data          0x0000000000000000        0x0 c:/st/stm32cubeide_1.4.0/stm32cubeide/plugins/com.st.stm32cube.ide.mcu.externaltools.gnu-tools-for-stm32.7-2018-q2-update.win32_1.4.0.202007081208/tools/bin/../lib/gcc/arm-none-eabi/7.3.1/../../../../arm-none-eabi/lib/thumb/v7-m\libc_nano.a(lib_a-impure.o)
 .bss           0x0000000000000000        0x0 c:/st/stm32cubeide_1.4.0/stm32cubeide/plugins/com.st.stm32cube.ide.mcu.externaltools.gnu-tools-for-stm32.7-2018-q2-update.win32_1.4.0.202007081208/tools/bin/../lib/gcc/arm-none-eabi/7.3.1/../../../../arm-none-eabi/lib/thumb/v7-m\libc_nano.a(lib_a-impure.o)
 .data._impure_ptr
                0x0000000000000000        0x4 c:/st/stm32cubeide_1.4.0/stm32cubeide/plugins/com.st.stm32cube.ide.mcu.externaltools.gnu-tools-for-stm32.7-2018-q2-update.win32_1.4.0.202007081208/tools/bin/../lib/gcc/arm-none-eabi/7.3.1/../../../../arm-none-eabi/lib/thumb/v7-m\libc_nano.a(lib_a-impure.o)
 .data.impure_data
                0x0000000000000000       0x60 c:/st/stm32cubeide_1.4.0/stm32cubeide/plugins/com.st.stm32cube.ide.mcu.externaltools.gnu-tools-for-stm32.7-2018-q2-update.win32_1.4.0.202007081208/tools/bin/../lib/gcc/arm-none-eabi/7.3.1/../../../../arm-none-eabi/lib/thumb/v7-m\libc_nano.a(lib_a-impure.o)
 .rodata._global_impure_ptr
                0x0000000000000000        0x4 c:/st/stm32cubeide_1.4.0/stm32cubeide/plugins/com.st.stm32cube.ide.mcu.externaltools.gnu-tools-for-stm32.7-2018-q2-update.win32_1.4.0.202007081208/tools/bin/../lib/gcc/arm-none-eabi/7.3.1/../../../../arm-none-eabi/lib/thumb/v7-m\libc_nano.a(lib_a-impure.o)
 .ARM.attributes
                0x0000000000000000       0x2d c:/st/stm32cubeide_1.4.0/stm32cubeide/plugins/com.st.stm32cube.ide.mcu.externaltools.gnu-tools-for-stm32.7-2018-q2-update.win32_1.4.0.202007081208/tools/bin/../lib/gcc/arm-none-eabi/7.3.1/../../../../arm-none-eabi/lib/thumb/v7-m\libc_nano.a(lib_a-impure.o)
 .text          0x0000000000000000        0x0 c:/st/stm32cubeide_1.4.0/stm32cubeide/plugins/com.st.stm32cube.ide.mcu.externaltools.gnu-tools-for-stm32.7-2018-q2-update.win32_1.4.0.202007081208/tools/bin/../lib/gcc/arm-none-eabi/7.3.1/../../../../arm-none-eabi/lib/thumb/v7-m\libc_nano.a(lib_a-init.o)
 .data          0x0000000000000000        0x0 c:/st/stm32cubeide_1.4.0/stm32cubeide/plugins/com.st.stm32cube.ide.mcu.externaltools.gnu-tools-for-stm32.7-2018-q2-update.win32_1.4.0.202007081208/tools/bin/../lib/gcc/arm-none-eabi/7.3.1/../../../../arm-none-eabi/lib/thumb/v7-m\libc_nano.a(lib_a-init.o)
 .bss           0x0000000000000000        0x0 c:/st/stm32cubeide_1.4.0/stm32cubeide/plugins/com.st.stm32cube.ide.mcu.externaltools.gnu-tools-for-stm32.7-2018-q2-update.win32_1.4.0.202007081208/tools/bin/../lib/gcc/arm-none-eabi/7.3.1/../../../../arm-none-eabi/lib/thumb/v7-m\libc_nano.a(lib_a-init.o)
 .text          0x0000000000000000        0x0 c:/st/stm32cubeide_1.4.0/stm32cubeide/plugins/com.st.stm32cube.ide.mcu.externaltools.gnu-tools-for-stm32.7-2018-q2-update.win32_1.4.0.202007081208/tools/bin/../lib/gcc/arm-none-eabi/7.3.1/../../../../arm-none-eabi/lib/thumb/v7-m\libc_nano.a(lib_a-memset.o)
 .data          0x0000000000000000        0x0 c:/st/stm32cubeide_1.4.0/stm32cubeide/plugins/com.st.stm32cube.ide.mcu.externaltools.gnu-tools-for-stm32.7-2018-q2-update.win32_1.4.0.202007081208/tools/bin/../lib/gcc/arm-none-eabi/7.3.1/../../../../arm-none-eabi/lib/thumb/v7-m\libc_nano.a(lib_a-memset.o)
 .bss           0x0000000000000000        0x0 c:/st/stm32cubeide_1.4.0/stm32cubeide/plugins/com.st.stm32cube.ide.mcu.externaltools.gnu-tools-for-stm32.7-2018-q2-update.win32_1.4.0.202007081208/tools/bin/../lib/gcc/arm-none-eabi/7.3.1/../../../../arm-none-eabi/lib/thumb/v7-m\libc_nano.a(lib_a-memset.o)
 .text.memset   0x0000000000000000       0x10 c:/st/stm32cubeide_1.4.0/stm32cubeide/plugins/com.st.stm32cube.ide.mcu.externaltools.gnu-tools-for-stm32.7-2018-q2-update.win32_1.4.0.202007081208/tools/bin/../lib/gcc/arm-none-eabi/7.3.1/../../../../arm-none-eabi/lib/thumb/v7-m\libc_nano.a(lib_a-memset.o)
 .debug_frame   0x0000000000000000       0x20 c:/st/stm32cubeide_1.4.0/stm32cubeide/plugins/com.st.stm32cube.ide.mcu.externaltools.gnu-tools-for-stm32.7-2018-q2-update.win32_1.4.0.202007081208/tools/bin/../lib/gcc/arm-none-eabi/7.3.1/../../../../arm-none-eabi/lib/thumb/v7-m\libc_nano.a(lib_a-memset.o)
 .ARM.attributes
                0x0000000000000000       0x2d c:/st/stm32cubeide_1.4.0/stm32cubeide/plugins/com.st.stm32cube.ide.mcu.externaltools.gnu-tools-for-stm32.7-2018-q2-update.win32_1.4.0.202007081208/tools/bin/../lib/gcc/arm-none-eabi/7.3.1/../../../../arm-none-eabi/lib/thumb/v7-m\libc_nano.a(lib_a-memset.o)
 .text          0x0000000000000000        0x0 c:/st/stm32cubeide_1.4.0/stm32cubeide/plugins/com.st.stm32cube.ide.mcu.externaltools.gnu-tools-for-stm32.7-2018-q2-update.win32_1.4.0.202007081208/tools/bin/../lib/gcc/arm-none-eabi/7.3.1/thumb/v7-m/crtend.o
 .data          0x0000000000000000        0x0 c:/st/stm32cubeide_1.4.0/stm32cubeide/plugins/com.st.stm32cube.ide.mcu.externaltools.gnu-tools-for-stm32.7-2018-q2-update.win32_1.4.0.202007081208/tools/bin/../lib/gcc/arm-none-eabi/7.3.1/thumb/v7-m/crtend.o
 .bss           0x0000000000000000        0x0 c:/st/stm32cubeide_1.4.0/stm32cubeide/plugins/com.st.stm32cube.ide.mcu.externaltools.gnu-tools-for-stm32.7-2018-q2-update.win32_1.4.0.202007081208/tools/bin/../lib/gcc/arm-none-eabi/7.3.1/thumb/v7-m/crtend.o
 .eh_frame      0x0000000000000000        0x4 c:/st/stm32cubeide_1.4.0/stm32cubeide/plugins/com.st.stm32cube.ide.mcu.externaltools.gnu-tools-for-stm32.7-2018-q2-update.win32_1.4.0.202007081208/tools/bin/../lib/gcc/arm-none-eabi/7.3.1/thumb/v7-m/crtend.o
 .ARM.attributes
                0x0000000000000000       0x2d c:/st/stm32cubeide_1.4.0/stm32cubeide/plugins/com.st.stm32cube.ide.mcu.externaltools.gnu-tools-for-stm32.7-2018-q2-update.win32_1.4.0.202007081208/tools/bin/../lib/gcc/arm-none-eabi/7.3.1/thumb/v7-m/crtend.o
 .text          0x0000000000000000        0x0 c:/st/stm32cubeide_1.4.0/stm32cubeide/plugins/com.st.stm32cube.ide.mcu.externaltools.gnu-tools-for-stm32.7-2018-q2-update.win32_1.4.0.202007081208/tools/bin/../lib/gcc/arm-none-eabi/7.3.1/thumb/v7-m/crtn.o
 .data          0x0000000000000000        0x0 c:/st/stm32cubeide_1.4.0/stm32cubeide/plugins/com.st.stm32cube.ide.mcu.externaltools.gnu-tools-for-stm32.7-2018-q2-update.win32_1.4.0.202007081208/tools/bin/../lib/gcc/arm-none-eabi/7.3.1/thumb/v7-m/crtn.o
 .bss           0x0000000000000000        0x0 c:/st/stm32cubeide_1.4.0/stm32cubeide/plugins/com.st.stm32cube.ide.mcu.externaltools.gnu-tools-for-stm32.7-2018-q2-update.win32_1.4.0.202007081208/tools/bin/../lib/gcc/arm-none-eabi/7.3.1/thumb/v7-m/crtn.o

Memory Configuration

Name             Origin             Length             Attributes
RAM              0x0000000020000000 0x0000000000002800 xrw
ROM              0x0000000008000000 0x0000000000008000 xr
*default*        0x0000000000000000 0xffffffffffffffff

Linker script and memory map

LOAD c:/st/stm32cubeide_1.4.0/stm32cubeide/plugins/com.st.stm32cube.ide.mcu.externaltools.gnu-tools-for-stm32.7-2018-q2-update.win32_1.4.0.202007081208/tools/bin/../lib/gcc/arm-none-eabi/7.3.1/thumb/v7-m/crti.o
LOAD c:/st/stm32cubeide_1.4.0/stm32cubeide/plugins/com.st.stm32cube.ide.mcu.externaltools.gnu-tools-for-stm32.7-2018-q2-update.win32_1.4.0.202007081208/tools/bin/../lib/gcc/arm-none-eabi/7.3.1/thumb/v7-m/crtbegin.o
LOAD c:/st/stm32cubeide_1.4.0/stm32cubeide/plugins/com.st.stm32cube.ide.mcu.externaltools.gnu-tools-for-stm32.7-2018-q2-update.win32_1.4.0.202007081208/tools/bin/../lib/gcc/arm-none-eabi/7.3.1/../../../../arm-none-eabi/lib/thumb/v7-m/crt0.o
LOAD Src/main.o
LOAD Src/syscalls.o
LOAD Src/sysmem.o
LOAD Startup/startup_stm32f103c6tx.o
LOAD stm32_f103c6_driver/EXIT_Driver_stm32f103c6/EXIT_Driver_stm32f103c6.o
LOAD stm32_f103c6_driver/GPIO_Driver_stm32f103c6.o
LOAD stm32_f103c6_driver/RCC_Driver_stm32f103c6.o
LOAD stm32_f103c6_driver/USART_Driver_stm32f103c6.o
LOAD stm32_f103c6_driver/KeyPad_Driver/keypad.o
LOAD stm32_f103c6_driver/LCD_Driver/lcd.o
START GROUP
LOAD c:/st/stm32cubeide_1.4.0/stm32cubeide/plugins/com.st.stm32cube.ide.mcu.externaltools.gnu-tools-for-stm32.7-2018-q2-update.win32_1.4.0.202007081208/tools/bin/../lib/gcc/arm-none-eabi/7.3.1/../../../../arm-none-eabi/lib/thumb/v7-m\libc_nano.a
LOAD c:/st/stm32cubeide_1.4.0/stm32cubeide/plugins/com.st.stm32cube.ide.mcu.externaltools.gnu-tools-for-stm32.7-2018-q2-update.win32_1.4.0.202007081208/tools/bin/../lib/gcc/arm-none-eabi/7.3.1/../../../../arm-none-eabi/lib/thumb/v7-m\libm.a
END GROUP
START GROUP
LOAD c:/st/stm32cubeide_1.4.0/stm32cubeide/plugins/com.st.stm32cube.ide.mcu.externaltools.gnu-tools-for-stm32.7-2018-q2-update.win32_1.4.0.202007081208/tools/bin/../lib/gcc/arm-none-eabi/7.3.1/thumb/v7-m\libgcc.a
LOAD c:/st/stm32cubeide_1.4.0/stm32cubeide/plugins/com.st.stm32cube.ide.mcu.externaltools.gnu-tools-for-stm32.7-2018-q2-update.win32_1.4.0.202007081208/tools/bin/../lib/gcc/arm-none-eabi/7.3.1/../../../../arm-none-eabi/lib/thumb/v7-m\libg_nano.a
LOAD c:/st/stm32cubeide_1.4.0/stm32cubeide/plugins/com.st.stm32cube.ide.mcu.externaltools.gnu-tools-for-stm32.7-2018-q2-update.win32_1.4.0.202007081208/tools/bin/../lib/gcc/arm-none-eabi/7.3.1/../../../../arm-none-eabi/lib/thumb/v7-m\libc_nano.a
END GROUP
START GROUP
LOAD c:/st/stm32cubeide_1.4.0/stm32cubeide/plugins/com.st.stm32cube.ide.mcu.externaltools.gnu-tools-for-stm32.7-2018-q2-update.win32_1.4.0.202007081208/tools/bin/../lib/gcc/arm-none-eabi/7.3.1/thumb/v7-m\libgcc.a
LOAD c:/st/stm32cubeide_1.4.0/stm32cubeide/plugins/com.st.stm32cube.ide.mcu.externaltools.gnu-tools-for-stm32.7-2018-q2-update.win32_1.4.0.202007081208/tools/bin/../lib/gcc/arm-none-eabi/7.3.1/../../../../arm-none-eabi/lib/thumb/v7-m\libc_nano.a
LOAD c:/st/stm32cubeide_1.4.0/stm32cubeide/plugins/com.st.stm32cube.ide.mcu.externaltools.gnu-tools-for-stm32.7-2018-q2-update.win32_1.4.0.202007081208/tools/bin/../lib/gcc/arm-none-eabi/7.3.1/../../../../arm-none-eabi/lib/thumb/v7-m\libnosys.a
END GROUP
START GROUP
LOAD c:/st/stm32cubeide_1.4.0/stm32cubeide/plugins/com.st.stm32cube.ide.mcu.externaltools.gnu-tools-for-stm32.7-2018-q2-update.win32_1.4.0.202007081208/tools/bin/../lib/gcc/arm-none-eabi/7.3.1/thumb/v7-m\libgcc.a
LOAD c:/st/stm32cubeide_1.4.0/stm32cubeide/plugins/com.st.stm32cube.ide.mcu.externaltools.gnu-tools-for-stm32.7-2018-q2-update.win32_1.4.0.202007081208/tools/bin/../lib/gcc/arm-none-eabi/7.3.1/../../../../arm-none-eabi/lib/thumb/v7-m\libc_nano.a
LOAD c:/st/stm32cubeide_1.4.0/stm32cubeide/plugins/com.st.stm32cube.ide.mcu.externaltools.gnu-tools-for-stm32.7-2018-q2-update.win32_1.4.0.202007081208/tools/bin/../lib/gcc/arm-none-eabi/7.3.1/../../../../arm-none-eabi/lib/thumb/v7-m\libnosys.a
END GROUP
LOAD c:/st/stm32cubeide_1.4.0/stm32cubeide/plugins/com.st.stm32cube.ide.mcu.externaltools.gnu-tools-for-stm32.7-2018-q2-update.win32_1.4.0.202007081208/tools/bin/../lib/gcc/arm-none-eabi/7.3.1/thumb/v7-m/crtend.o
LOAD c:/st/stm32cubeide_1.4.0/stm32cubeide/plugins/com.st.stm32cube.ide.mcu.externaltools.gnu-tools-for-stm32.7-2018-q2-update.win32_1.4.0.202007081208/tools/bin/../lib/gcc/arm-none-eabi/7.3.1/thumb/v7-m/crtn.o
                0x0000000020002800                _estack = (ORIGIN (RAM) + LENGTH (RAM))
                0x0000000000000200                _Min_Heap_Size = 0x200
                0x0000000000000400                _Min_Stack_Size = 0x400

.isr_vector     0x0000000008000000      0x130
                0x0000000008000000                . = ALIGN (0x4)
 *(.isr_vector)
 .isr_vector    0x0000000008000000      0x130 Startup/startup_stm32f103c6tx.o
                0x0000000008000000                g_pfnVectors
                0x0000000008000130                . = ALIGN (0x4)

.text           0x0000000008000130      0x97c
                0x0000000008000130                . = ALIGN (0x4)
 *(.text)
 .text          0x0000000008000130       0x40 c:/st/stm32cubeide_1.4.0/stm32cubeide/plugins/com.st.stm32cube.ide.mcu.externaltools.gnu-tools-for-stm32.7-2018-q2-update.win32_1.4.0.202007081208/tools/bin/../lib/gcc/arm-none-eabi/7.3.1/thumb/v7-m/crtbegin.o
 *(.text*)
 .text.CLOCK_init
                0x0000000008000170       0x34 Src/main.o
                0x0000000008000170                CLOCK_init
 .text.IRQ_callback
                0x00000000080001a4       0x24 Src/main.o
                0x00000000080001a4                IRQ_callback
 .text.main     0x00000000080001c8       0x60 Src/main.o
                0x00000000080001c8                main
 .text.Reset_Handler
                0x0000000008000228       0x50 Startup/startup_stm32f103c6tx.o
                0x0000000008000228                Reset_Handler
 .text.Default_Handler
                0x0000000008000278        0x2 Startup/startup_stm32f103c6tx.o
                0x0000000008000278                TIM8_TRG_COM_IRQHandler
                0x0000000008000278                TIM8_CC_IRQHandler
                0x0000000008000278                DebugMon_Handler
                0x0000000008000278                TIM1_CC_IRQHandler
                0x0000000008000278                HardFault_Handler
                0x0000000008000278                TIM6_IRQHandler
                0x0000000008000278                SysTick_Handler
                0x0000000008000278                PVD_IRQHandler
                0x0000000008000278                SDIO_IRQHandler
                0x0000000008000278                PendSV_Handler
                0x0000000008000278                NMI_Handler
                0x0000000008000278                USB_HP_CAN_TX_IRQHandler
                0x0000000008000278                I2C2_EV_IRQHandler
                0x0000000008000278                UsageFault_Handler
                0x0000000008000278                ADC1_2_IRQHandler
                0x0000000008000278                SPI1_IRQHandler
                0x0000000008000278                CAN_SCE_IRQHandler
                0x0000000008000278                TAMPER_IRQHandler
                0x0000000008000278                TIM8_UP_IRQHandler
                0x0000000008000278                DMA2_Channel2_IRQHandler
                0x0000000008000278                DMA1_Channel4_IRQHandler
                0x0000000008000278                RTC_IRQHandler
                0x0000000008000278                DMA1_Channel7_IRQHandler
                0x0000000008000278                UART5_IRQHandler
                0x0000000008000278                ADC3_IRQHandler
                0x0000000008000278                TIM4_IRQHandler
                0x0000000008000278                CAN_RX1_IRQHandler
                0x0000000008000278                DMA2_Channel1_IRQHandler
                0x0000000008000278                I2C1_EV_IRQHandler
                0x0000000008000278                DMA1_Channel6_IRQHandler
                0x0000000008000278                UART4_IRQHandler
                0x0000000008000278                TIM3_IRQHandler
                0x0000000008000278                RCC_IRQHandler
                0x0000000008000278                TIM1_TRG_COM_IRQHandler
                0x0000000008000278                DMA1_Channel1_IRQHandler
                0x0000000008000278                Default_Handler
                0x0000000008000278                TIM7_IRQHandler
                0x0000000008000278                TIM5_IRQHandler
                0x0000000008000278                SPI2_IRQHandler
                0x0000000008000278                USB_LP_CAN_RX0_IRQHandler
                0x0000000008000278                MemManage_Handler
                0x0000000008000278                SVC_Handler
                0x0000000008000278                DMA1_Channel5_IRQHandler
                0x0000000008000278                DMA1_Channel3_IRQHandler
                0x0000000008000278                FSMC_IRQHandler
                0x0000000008000278                TIM1_UP_IRQHandler
                0x0000000008000278                WWDG_IRQHandler
                0x0000000008000278                TIM2_IRQHandler
                0x0000000008000278                TIM1_BRK_IRQHandler
                0x0000000008000278                RTCAlarm_IRQHandler
                0x0000000008000278                DMA2_Channel4_5_IRQHandler
                0x0000000008000278                I2C2_ER_IRQHandler
                0x0000000008000278                DMA1_Channel2_IRQHandler
                0x0000000008000278                TIM8_BRK_IRQHandler
                0x0000000008000278                FLASH_IRQHandler
                0x0000000008000278                BusFault_Handler
                0x0000000008000278                SPI3_IRQHandler
                0x0000000008000278                I2C1_ER_IRQHandler
                0x0000000008000278                DMA2_Channel3_IRQHandler
 *fill*         0x000000000800027a        0x2 
 .text.EXTI0_IRQHandler
                0x000000000800027c       0x24 stm32_f103c6_driver/EXIT_Driver_stm32f103c6/EXIT_Driver_stm32f103c6.o
                0x000000000800027c                EXTI0_IRQHandler
 .text.EXTI1_IRQHandler
                0x00000000080002a0       0x24 stm32_f103c6_driver/EXIT_Driver_stm32f103c6/EXIT_Driver_stm32f103c6.o
                0x00000000080002a0                EXTI1_IRQHandler
 .text.EXTI2_IRQHandler
                0x00000000080002c4       0x24 stm32_f103c6_driver/EXIT_Driver_stm32f103c6/EXIT_Driver_stm32f103c6.o
                0x00000000080002c4                EXTI2_IRQHandler
 .text.EXTI3_IRQHandler
                0x00000000080002e8       0x24 stm32_f103c6_driver/EXIT_Driver_stm32f103c6/EXIT_Driver_stm32f103c6.o
                0x00000000080002e8                EXTI3_IRQHandler
 .text.EXTI4_IRQHandler
                0x000000000800030c       0x24 stm32_f103c6_driver/EXIT_Driver_stm32f103c6/EXIT_Driver_stm32f103c6.o
                0x000000000800030c                EXTI4_IRQHandler
 .text.EXTI9_5_IRQHandler
                0x0000000008000330       0xa8 stm32_f103c6_driver/EXIT_Driver_stm32f103c6/EXIT_Driver_stm32f103c6.o
                0x0000000008000330                EXTI9_5_IRQHandler
 .text.EXTI15_10_IRQHandler
                0x00000000080003d8       0xc4 stm32_f103c6_driver/EXIT_Driver_stm32f103c6/EXIT_Driver_stm32f103c6.o
                0x00000000080003d8                EXTI15_10_IRQHandler
 .text.GET_CRLH_Position
                0x000000000800049c       0xc6 stm32_f103c6_driver/GPIO_Driver_stm32f103c6.o
                0x000000000800049c                GET_CRLH_Position
 .text.MCAL_GPIO_Init
                0x0000000008000562      0x116 stm32_f103c6_driver/GPIO_Driver_stm32f103c6.o
                0x0000000008000562                MCAL_GPIO_Init
 .text.MCAL_RCC_Get_System_CLK_Freq
                0x0000000008000678       0x3c stm32_f103c6_driver/RCC_Driver_stm32f103c6.o
                0x0000000008000678                MCAL_RCC_Get_System_CLK_Freq
 .text.MCAL_RCC_Get_HCLK_Freq
                0x00000000080006b4       0x28 stm32_f103c6_driver/RCC_Driver_stm32f103c6.o
                0x00000000080006b4                MCAL_RCC_Get_HCLK_Freq
 .text.MCAL_RCC_Get_PCLK1_Freq
                0x00000000080006dc       0x28 stm32_f103c6_driver/RCC_Driver_stm32f103c6.o
                0x00000000080006dc                MCAL_RCC_Get_PCLK1_Freq
 .text.MCAL_RCC_Get_PCLK2_Freq
                0x0000000008000704       0x28 stm32_f103c6_driver/RCC_Driver_stm32f103c6.o
                0x0000000008000704                MCAL_RCC_Get_PCLK2_Freq
 .text.MCAL_USART_Init
                0x000000000800072c      0x184 stm32_f103c6_driver/USART_Driver_stm32f103c6.o
                0x000000000800072c                MCAL_USART_Init
 .text.MCAL_USART_SendData
                0x00000000080008b0       0x36 stm32_f103c6_driver/USART_Driver_stm32f103c6.o
                0x00000000080008b0                MCAL_USART_SendData
 *fill*         0x00000000080008e6        0x2 
 .text.MCAL_USART_ReceiveData
                0x00000000080008e8       0x5c stm32_f103c6_driver/USART_Driver_stm32f103c6.o
                0x00000000080008e8                MCAL_USART_ReceiveData
 .text.MCAL_USART_GPIO_SET_PIN
                0x0000000008000944       0xcc stm32_f103c6_driver/USART_Driver_stm32f103c6.o
                0x0000000008000944                MCAL_USART_GPIO_SET_PIN
 .text.USART1_IRQHandler
                0x0000000008000a10       0x14 stm32_f103c6_driver/USART_Driver_stm32f103c6.o
                0x0000000008000a10                USART1_IRQHandler
 .text.USART2_IRQHandler
                0x0000000008000a24       0x14 stm32_f103c6_driver/USART_Driver_stm32f103c6.o
                0x0000000008000a24                USART2_IRQHandler
 .text.USART3_IRQHandler
                0x0000000008000a38       0x14 stm32_f103c6_driver/USART_Driver_stm32f103c6.o
                0x0000000008000a38                USART3_IRQHandler
 .text.__libc_init_array
                0x0000000008000a4c       0x48 c:/st/stm32cubeide_1.4.0/stm32cubeide/plugins/com.st.stm32cube.ide.mcu.externaltools.gnu-tools-for-stm32.7-2018-q2-update.win32_1.4.0.202007081208/tools/bin/../lib/gcc/arm-none-eabi/7.3.1/../../../../arm-none-eabi/lib/thumb/v7-m\libc_nano.a(lib_a-init.o)
                0x0000000008000a4c                __libc_init_array
 *(.glue_7)
 .glue_7        0x0000000008000a94        0x0 linker stubs
 *(.glue_7t)
 .glue_7t       0x0000000008000a94        0x0 linker stubs
 *(.eh_frame)
 .eh_frame      0x0000000008000a94        0x0 c:/st/stm32cubeide_1.4.0/stm32cubeide/plugins/com.st.stm32cube.ide.mcu.externaltools.gnu-tools-for-stm32.7-2018-q2-update.win32_1.4.0.202007081208/tools/bin/../lib/gcc/arm-none-eabi/7.3.1/thumb/v7-m/crtbegin.o
 *(.init)
 .init          0x0000000008000a94        0x4 c:/st/stm32cubeide_1.4.0/stm32cubeide/plugins/com.st.stm32cube.ide.mcu.externaltools.gnu-tools-for-stm32.7-2018-q2-update.win32_1.4.0.202007081208/tools/bin/../lib/gcc/arm-none-eabi/7.3.1/thumb/v7-m/crti.o
                0x0000000008000a94                _init
 .init          0x0000000008000a98        0x8 c:/st/stm32cubeide_1.4.0/stm32cubeide/plugins/com.st.stm32cube.ide.mcu.externaltools.gnu-tools-for-stm32.7-2018-q2-update.win32_1.4.0.202007081208/tools/bin/../lib/gcc/arm-none-eabi/7.3.1/thumb/v7-m/crtn.o
 *(.fini)
 .fini          0x0000000008000aa0        0x4 c:/st/stm32cubeide_1.4.0/stm32cubeide/plugins/com.st.stm32cube.ide.mcu.externaltools.gnu-tools-for-stm32.7-2018-q2-update.win32_1.4.0.202007081208/tools/bin/../lib/gcc/arm-none-eabi/7.3.1/thumb/v7-m/crti.o
                0x0000000008000aa0                _fini
 .fini          0x0000000008000aa4        0x8 c:/st/stm32cubeide_1.4.0/stm32cubeide/plugins/com.st.stm32cube.ide.mcu.externaltools.gnu-tools-for-stm32.7-2018-q2-update.win32_1.4.0.202007081208/tools/bin/../lib/gcc/arm-none-eabi/7.3.1/thumb/v7-m/crtn.o
                0x0000000008000aac                . = ALIGN (0x4)
                0x0000000008000aac                _etext = .

.vfp11_veneer   0x0000000008000aac        0x0
 .vfp11_veneer  0x0000000008000aac        0x0 linker stubs

.v4_bx          0x0000000008000aac        0x0
 .v4_bx         0x0000000008000aac        0x0 linker stubs

.iplt           0x0000000008000aac        0x0
 .iplt          0x0000000008000aac        0x0 c:/st/stm32cubeide_1.4.0/stm32cubeide/plugins/com.st.stm32cube.ide.mcu.externaltools.gnu-tools-for-stm32.7-2018-q2-update.win32_1.4.0.202007081208/tools/bin/../lib/gcc/arm-none-eabi/7.3.1/thumb/v7-m/crtbegin.o

.rodata         0x0000000008000aac       0x18
                0x0000000008000aac                . = ALIGN (0x4)
 *(.rodata)
 *(.rodata*)
 .rodata.APBPrescTable
                0x0000000008000aac        0x8 stm32_f103c6_driver/RCC_Driver_stm32f103c6.o
                0x0000000008000aac                APBPrescTable
 .rodata.AHBprescTable
                0x0000000008000ab4       0x10 stm32_f103c6_driver/RCC_Driver_stm32f103c6.o
                0x0000000008000ab4                AHBprescTable
                0x0000000008000ac4                . = ALIGN (0x4)

.rel.dyn        0x0000000008000ac4        0x0
 .rel.iplt      0x0000000008000ac4        0x0 c:/st/stm32cubeide_1.4.0/stm32cubeide/plugins/com.st.stm32cube.ide.mcu.externaltools.gnu-tools-for-stm32.7-2018-q2-update.win32_1.4.0.202007081208/tools/bin/../lib/gcc/arm-none-eabi/7.3.1/thumb/v7-m/crtbegin.o

.ARM.extab      0x0000000008000ac4        0x0
                0x0000000008000ac4                . = ALIGN (0x4)
 *(.ARM.extab* .gnu.linkonce.armextab.*)
                0x0000000008000ac4                . = ALIGN (0x4)

.ARM            0x0000000008000ac4        0x0
                0x0000000008000ac4                . = ALIGN (0x4)
                0x0000000008000ac4                __exidx_start = .
 *(.ARM.exidx*)
                0x0000000008000ac4                __exidx_end = .
                0x0000000008000ac4                . = ALIGN (0x4)

.preinit_array  0x0000000008000ac4        0x0
                0x0000000008000ac4                . = ALIGN (0x4)
                0x0000000008000ac4                PROVIDE (__preinit_array_start = .)
 *(.preinit_array*)
                0x0000000008000ac4                PROVIDE (__preinit_array_end = .)
                0x0000000008000ac4                . = ALIGN (0x4)

.init_array     0x0000000008000ac4        0x4
                0x0000000008000ac4                . = ALIGN (0x4)
                0x0000000008000ac4                PROVIDE (__init_array_start = .)
 *(SORT_BY_NAME(.init_array.*))
 *(.init_array*)
 .init_array    0x0000000008000ac4        0x4 c:/st/stm32cubeide_1.4.0/stm32cubeide/plugins/com.st.stm32cube.ide.mcu.externaltools.gnu-tools-for-stm32.7-2018-q2-update.win32_1.4.0.202007081208/tools/bin/../lib/gcc/arm-none-eabi/7.3.1/thumb/v7-m/crtbegin.o
                0x0000000008000ac8                PROVIDE (__init_array_end = .)
                0x0000000008000ac8                . = ALIGN (0x4)

.fini_array     0x0000000008000ac8        0x4
                0x0000000008000ac8                . = ALIGN (0x4)
                [!provide]                        PROVIDE (__fini_array_start = .)
 *(SORT_BY_NAME(.fini_array.*))
 *(.fini_array*)
 .fini_array    0x0000000008000ac8        0x4 c:/st/stm32cubeide_1.4.0/stm32cubeide/plugins/com.st.stm32cube.ide.mcu.externaltools.gnu-tools-for-stm32.7-2018-q2-update.win32_1.4.0.202007081208/tools/bin/../lib/gcc/arm-none-eabi/7.3.1/thumb/v7-m/crtbegin.o
                [!provide]                        PROVIDE (__fini_array_end = .)
                0x0000000008000acc                . = ALIGN (0x4)
                0x0000000008000acc                _sidata = LOADADDR (.data)

.data           0x0000000020000000        0x0 load address 0x0000000008000acc
                0x0000000020000000                . = ALIGN (0x4)
                0x0000000020000000                _sdata = .
 *(.data)
 *(.data*)
                0x0000000020000000                . = ALIGN (0x4)
                0x0000000020000000                _edata = .

.igot.plt       0x0000000020000000        0x0 load address 0x0000000008000acc
 .igot.plt      0x0000000020000000        0x0 c:/st/stm32cubeide_1.4.0/stm32cubeide/plugins/com.st.stm32cube.ide.mcu.externaltools.gnu-tools-for-stm32.7-2018-q2-update.win32_1.4.0.202007081208/tools/bin/../lib/gcc/arm-none-eabi/7.3.1/thumb/v7-m/crtbegin.o
                0x0000000020000000                . = ALIGN (0x4)

.bss            0x0000000020000000       0x64 load address 0x0000000008000acc
                0x0000000020000000                _sbss = .
                0x0000000020000000                __bss_start__ = _sbss
 *(.bss)
 .bss           0x0000000020000000       0x1c c:/st/stm32cubeide_1.4.0/stm32cubeide/plugins/com.st.stm32cube.ide.mcu.externaltools.gnu-tools-for-stm32.7-2018-q2-update.win32_1.4.0.202007081208/tools/bin/../lib/gcc/arm-none-eabi/7.3.1/thumb/v7-m/crtbegin.o
 *(.bss*)
 .bss.Global_USART_config
                0x000000002000001c        0x4 stm32_f103c6_driver/USART_Driver_stm32f103c6.o
                0x000000002000001c                Global_USART_config
 *(COMMON)
 COMMON         0x0000000020000020        0x5 Src/main.o
                0x0000000020000020                PinCfg
                0x0000000020000024                ch
 *fill*         0x0000000020000025        0x3 
 COMMON         0x0000000020000028       0x3c stm32_f103c6_driver/EXIT_Driver_stm32f103c6/EXIT_Driver_stm32f103c6.o
                0x0000000020000028                GP_IRQ_CallBack
                0x0000000020000064                . = ALIGN (0x4)
                0x0000000020000064                _ebss = .
                0x0000000020000064                __bss_end__ = _ebss

._user_heap_stack
                0x0000000020000064      0x604 load address 0x0000000008000acc
                0x0000000020000068                . = ALIGN (0x8)
 *fill*         0x0000000020000064        0x4 
                [!provide]                        PROVIDE (end = .)
                0x0000000020000068                PROVIDE (_end = .)
                0x0000000020000268                . = (. + _Min_Heap_Size)
 *fill*         0x0000000020000068      0x200 
                0x0000000020000668                . = (. + _Min_Stack_Size)
 *fill*         0x0000000020000268      0x400 
                0x0000000020000668                . = ALIGN (0x8)

/DISCARD/
 libc.a(*)
 libm.a(*)
 libgcc.a(*)

.ARM.attributes
                0x0000000000000000       0x29
 *(.ARM.attributes)
 .ARM.attributes
                0x0000000000000000       0x1d c:/st/stm32cubeide_1.4.0/stm32cubeide/plugins/com.st.stm32cube.ide.mcu.externaltools.gnu-tools-for-stm32.7-2018-q2-update.win32_1.4.0.202007081208/tools/bin/../lib/gcc/arm-none-eabi/7.3.1/thumb/v7-m/crti.o
 .ARM.attributes
                0x000000000000001d       0x2d c:/st/stm32cubeide_1.4.0/stm32cubeide/plugins/com.st.stm32cube.ide.mcu.externaltools.gnu-tools-for-stm32.7-2018-q2-update.win32_1.4.0.202007081208/tools/bin/../lib/gcc/arm-none-eabi/7.3.1/thumb/v7-m/crtbegin.o
 .ARM.attributes
                0x000000000000004a       0x33 Src/main.o
 .ARM.attributes
                0x000000000000007d       0x21 Startup/startup_stm32f103c6tx.o
 .ARM.attributes
                0x000000000000009e       0x33 stm32_f103c6_driver/EXIT_Driver_stm32f103c6/EXIT_Driver_stm32f103c6.o
 .ARM.attributes
                0x00000000000000d1       0x33 stm32_f103c6_driver/GPIO_Driver_stm32f103c6.o
 .ARM.attributes
                0x0000000000000104       0x33 stm32_f103c6_driver/RCC_Driver_stm32f103c6.o
 .ARM.attributes
                0x0000000000000137       0x33 stm32_f103c6_driver/USART_Driver_stm32f103c6.o
 .ARM.attributes
                0x000000000000016a       0x2d c:/st/stm32cubeide_1.4.0/stm32cubeide/plugins/com.st.stm32cube.ide.mcu.externaltools.gnu-tools-for-stm32.7-2018-q2-update.win32_1.4.0.202007081208/tools/bin/../lib/gcc/arm-none-eabi/7.3.1/../../../../arm-none-eabi/lib/thumb/v7-m\libc_nano.a(lib_a-init.o)
 .ARM.attributes
                0x0000000000000197       0x1d c:/st/stm32cubeide_1.4.0/stm32cubeide/plugins/com.st.stm32cube.ide.mcu.externaltools.gnu-tools-for-stm32.7-2018-q2-update.win32_1.4.0.202007081208/tools/bin/../lib/gcc/arm-none-eabi/7.3.1/thumb/v7-m/crtn.o
OUTPUT(Driver.elf elf32-littlearm)

.debug_info     0x0000000000000000     0x4080
 .debug_info    0x0000000000000000      0xc47 Src/main.o
 .debug_info    0x0000000000000c47       0x22 Startup/startup_stm32f103c6tx.o
 .debug_info    0x0000000000000c69      0xdbf stm32_f103c6_driver/EXIT_Driver_stm32f103c6/EXIT_Driver_stm32f103c6.o
 .debug_info    0x0000000000001a28      0xd56 stm32_f103c6_driver/GPIO_Driver_stm32f103c6.o
 .debug_info    0x000000000000277e      0xb09 stm32_f103c6_driver/RCC_Driver_stm32f103c6.o
 .debug_info    0x0000000000003287      0xdf9 stm32_f103c6_driver/USART_Driver_stm32f103c6.o

.debug_abbrev   0x0000000000000000      0x9ee
 .debug_abbrev  0x0000000000000000      0x1eb Src/main.o
 .debug_abbrev  0x00000000000001eb       0x12 Startup/startup_stm32f103c6tx.o
 .debug_abbrev  0x00000000000001fd      0x210 stm32_f103c6_driver/EXIT_Driver_stm32f103c6/EXIT_Driver_stm32f103c6.o
 .debug_abbrev  0x000000000000040d      0x232 stm32_f103c6_driver/GPIO_Driver_stm32f103c6.o
 .debug_abbrev  0x000000000000063f      0x19b stm32_f103c6_driver/RCC_Driver_stm32f103c6.o
 .debug_abbrev  0x00000000000007da      0x214 stm32_f103c6_driver/USART_Driver_stm32f103c6.o

.debug_loc      0x0000000000000000      0xa98
 .debug_loc     0x0000000000000000       0xec Src/main.o
 .debug_loc     0x00000000000000ec      0x320 stm32_f103c6_driver/EXIT_Driver_stm32f103c6/EXIT_Driver_stm32f103c6.o
 .debug_loc     0x000000000000040c      0x330 stm32_f103c6_driver/GPIO_Driver_stm32f103c6.o
 .debug_loc     0x000000000000073c       0xc8 stm32_f103c6_driver/RCC_Driver_stm32f103c6.o
 .debug_loc     0x0000000000000804      0x294 stm32_f103c6_driver/USART_Driver_stm32f103c6.o

.debug_aranges  0x0000000000000000      0x1d8
 .debug_aranges
                0x0000000000000000       0x38 Src/main.o
 .debug_aranges
                0x0000000000000038       0x28 Startup/startup_stm32f103c6tx.o
 .debug_aranges
                0x0000000000000060       0x80 stm32_f103c6_driver/EXIT_Driver_stm32f103c6/EXIT_Driver_stm32f103c6.o
 .debug_aranges
                0x00000000000000e0       0x60 stm32_f103c6_driver/GPIO_Driver_stm32f103c6.o
 .debug_aranges
                0x0000000000000140       0x38 stm32_f103c6_driver/RCC_Driver_stm32f103c6.o
 .debug_aranges
                0x0000000000000178       0x60 stm32_f103c6_driver/USART_Driver_stm32f103c6.o

.debug_ranges   0x0000000000000000      0x180
 .debug_ranges  0x0000000000000000       0x28 Src/main.o
 .debug_ranges  0x0000000000000028       0x20 Startup/startup_stm32f103c6tx.o
 .debug_ranges  0x0000000000000048       0x70 stm32_f103c6_driver/EXIT_Driver_stm32f103c6/EXIT_Driver_stm32f103c6.o
 .debug_ranges  0x00000000000000b8       0x50 stm32_f103c6_driver/GPIO_Driver_stm32f103c6.o
 .debug_ranges  0x0000000000000108       0x28 stm32_f103c6_driver/RCC_Driver_stm32f103c6.o
 .debug_ranges  0x0000000000000130       0x50 stm32_f103c6_driver/USART_Driver_stm32f103c6.o

.debug_macro    0x0000000000000000     0x25a0
 .debug_macro   0x0000000000000000      0x171 Src/main.o
 .debug_macro   0x0000000000000171      0xa60 Src/main.o
 .debug_macro   0x0000000000000bd1       0x22 Src/main.o
 .debug_macro   0x0000000000000bf3       0x8e Src/main.o
 .debug_macro   0x0000000000000c81       0x51 Src/main.o
 .debug_macro   0x0000000000000cd2       0xef Src/main.o
 .debug_macro   0x0000000000000dc1       0x6a Src/main.o
 .debug_macro   0x0000000000000e2b      0x1df Src/main.o
 .debug_macro   0x000000000000100a       0x18 Src/main.o
 .debug_macro   0x0000000000001022       0x46 Src/main.o
 .debug_macro   0x0000000000001068       0x3c Src/main.o
 .debug_macro   0x00000000000010a4       0x34 Src/main.o
 .debug_macro   0x00000000000010d8       0x16 Src/main.o
 .debug_macro   0x00000000000010ee      0x10e Src/main.o
 .debug_macro   0x00000000000011fc       0x8d Src/main.o
 .debug_macro   0x0000000000001289       0x52 Src/main.o
 .debug_macro   0x00000000000012db       0x1f Src/main.o
 .debug_macro   0x00000000000012fa       0x43 Src/main.o
 .debug_macro   0x000000000000133d       0x20 Src/main.o
 .debug_macro   0x000000000000135d      0x1a3 Src/main.o
 .debug_macro   0x0000000000001500      0x330 Src/main.o
 .debug_macro   0x0000000000001830       0x16 Src/main.o
 .debug_macro   0x0000000000001846       0x29 Src/main.o
 .debug_macro   0x000000000000186f      0x240 Src/main.o
 .debug_macro   0x0000000000001aaf       0xd6 Src/main.o
 .debug_macro   0x0000000000001b85       0x16 Src/main.o
 .debug_macro   0x0000000000001b9b       0xe2 Src/main.o
 .debug_macro   0x0000000000001c7d       0x9a Src/main.o
 .debug_macro   0x0000000000001d17       0x40 Src/main.o
 .debug_macro   0x0000000000001d57      0x158 stm32_f103c6_driver/EXIT_Driver_stm32f103c6/EXIT_Driver_stm32f103c6.o
 .debug_macro   0x0000000000001eaf      0x223 stm32_f103c6_driver/EXIT_Driver_stm32f103c6/EXIT_Driver_stm32f103c6.o
 .debug_macro   0x00000000000020d2      0x145 stm32_f103c6_driver/GPIO_Driver_stm32f103c6.o
 .debug_macro   0x0000000000002217       0xd0 stm32_f103c6_driver/GPIO_Driver_stm32f103c6.o
 .debug_macro   0x00000000000022e7      0x14e stm32_f103c6_driver/RCC_Driver_stm32f103c6.o
 .debug_macro   0x0000000000002435       0x10 stm32_f103c6_driver/RCC_Driver_stm32f103c6.o
 .debug_macro   0x0000000000002445      0x15b stm32_f103c6_driver/USART_Driver_stm32f103c6.o

.debug_line     0x0000000000000000     0x2184
 .debug_line    0x0000000000000000      0x6a6 Src/main.o
 .debug_line    0x00000000000006a6       0x84 Startup/startup_stm32f103c6tx.o
 .debug_line    0x000000000000072a      0x758 stm32_f103c6_driver/EXIT_Driver_stm32f103c6/EXIT_Driver_stm32f103c6.o
 .debug_line    0x0000000000000e82      0x68f stm32_f103c6_driver/GPIO_Driver_stm32f103c6.o
 .debug_line    0x0000000000001511      0x5c5 stm32_f103c6_driver/RCC_Driver_stm32f103c6.o
 .debug_line    0x0000000000001ad6      0x6ae stm32_f103c6_driver/USART_Driver_stm32f103c6.o

.debug_str      0x0000000000000000     0xa1df
 .debug_str     0x0000000000000000     0x897c Src/main.o
                                       0x8bdd (size before relaxing)
 .debug_str     0x000000000000897c       0x31 Startup/startup_stm32f103c6tx.o
                                         0x70 (size before relaxing)
 .debug_str     0x00000000000089ad     0x1542 stm32_f103c6_driver/EXIT_Driver_stm32f103c6/EXIT_Driver_stm32f103c6.o
                                       0x963b (size before relaxing)
 .debug_str     0x0000000000009eef      0x114 stm32_f103c6_driver/GPIO_Driver_stm32f103c6.o
                                       0x8261 (size before relaxing)
 .debug_str     0x000000000000a003       0xb0 stm32_f103c6_driver/RCC_Driver_stm32f103c6.o
                                       0x81e8 (size before relaxing)
 .debug_str     0x000000000000a0b3      0x12c stm32_f103c6_driver/USART_Driver_stm32f103c6.o
                                       0x89fd (size before relaxing)

.comment        0x0000000000000000       0x7b
 .comment       0x0000000000000000       0x7b Src/main.o
                                         0x7c (size before relaxing)
 .comment       0x000000000000007b       0x7c stm32_f103c6_driver/EXIT_Driver_stm32f103c6/EXIT_Driver_stm32f103c6.o
 .comment       0x000000000000007b       0x7c stm32_f103c6_driver/GPIO_Driver_stm32f103c6.o
 .comment       0x000000000000007b       0x7c stm32_f103c6_driver/RCC_Driver_stm32f103c6.o
 .comment       0x000000000000007b       0x7c stm32_f103c6_driver/USART_Driver_stm32f103c6.o

.debug_frame    0x0000000000000000      0x5b0
 .debug_frame   0x0000000000000000       0x8c Src/main.o
 .debug_frame   0x000000000000008c      0x1b0 stm32_f103c6_driver/EXIT_Driver_stm32f103c6/EXIT_Driver_stm32f103c6.o
 .debug_frame   0x000000000000023c      0x178 stm32_f103c6_driver/GPIO_Driver_stm32f103c6.o
 .debug_frame   0x00000000000003b4       0x84 stm32_f103c6_driver/RCC_Driver_stm32f103c6.o
 .debug_frame   0x0000000000000438      0x14c stm32_f103c6_driver/USART_Driver_stm32f103c6.o
 .debug_frame   0x0000000000000584       0x2c c:/st/stm32cubeide_1.4.0/stm32cubeide/plugins/com.st.stm32cube.ide.mcu.externaltools.gnu-tools-for-stm32.7-2018-q2-update.win32_1.4.0.202007081208/tools/bin/../lib/gcc/arm-none-eabi/7.3.1/../../../../arm-none-eabi/lib/thumb/v7-m\libc_nano.a(lib_a-init.o)
