EXIT_Driver_stm32f103c6.c:42:6:Enable_NVIC	16	static
EXIT_Driver_stm32f103c6.c:81:6:Disable_NVIC	16	static
EXIT_Driver_stm32f103c6.c:121:6:Update_EXTI	24	static
EXIT_Driver_stm32f103c6.c:200:6:MCAL_EXTI_GPIO_DeInit	4	static
EXIT_Driver_stm32f103c6.c:229:6:MCAL_EXTI_GPIO_Init	16	static
EXIT_Driver_stm32f103c6.c:243:6:MCAL_EXTI_GPIO_Update	16	static
EXIT_Driver_stm32f103c6.c:260:6:EXTI0_IRQHandler	8	static
EXIT_Driver_stm32f103c6.c:269:6:EXTI1_IRQHandler	8	static
EXIT_Driver_stm32f103c6.c:278:6:EXTI2_IRQHandler	8	static
EXIT_Driver_stm32f103c6.c:287:6:EXTI3_IRQHandler	8	static
EXIT_Driver_stm32f103c6.c:296:6:EXTI4_IRQHandler	8	static
EXIT_Driver_stm32f103c6.c:305:6:EXTI9_5_IRQHandler	8	static
EXIT_Driver_stm32f103c6.c:314:6:EXTI15_10_IRQHandler	8	static
